Archive member included because of file (symbol)

N:\Git\locknet373\smartfusion\lockNET_SF\SoftConsole\lockNET_SF_MSS_MSS_CM3_0\lockNET_SF_MSS_MSS_CM3_0_hw_platform\Debug\liblockNET_SF_MSS_MSS_CM3_0_hw_platform.a(mss_uart.o)
                              N:/Git/locknet373/smartfusion/lockNET_SF/SoftConsole/lockNET_SF_MSS_MSS_CM3_0/lockNET_SF_MSS_MSS_CM3_0_hw_platform/Debug/CMSIS/startup_gcc/newlib_stubs.o (MSS_UART_polled_tx)
N:\Git\locknet373\smartfusion\lockNET_SF\SoftConsole\lockNET_SF_MSS_MSS_CM3_0\lockNET_SF_MSS_MSS_CM3_0_hw_platform\Debug\liblockNET_SF_MSS_MSS_CM3_0_hw_platform.a(mss_spi.o)
                              ./lora.o (g_mss_spi1)
N:\Git\locknet373\smartfusion\lockNET_SF\SoftConsole\lockNET_SF_MSS_MSS_CM3_0\lockNET_SF_MSS_MSS_CM3_0_hw_platform\Debug\liblockNET_SF_MSS_MSS_CM3_0_hw_platform.a(mss_i2c.o)
                              ./nfc.o (g_mss_i2c1)
N:\Git\locknet373\smartfusion\lockNET_SF\SoftConsole\lockNET_SF_MSS_MSS_CM3_0\lockNET_SF_MSS_MSS_CM3_0_hw_platform\Debug\liblockNET_SF_MSS_MSS_CM3_0_hw_platform.a(mss_gpio.o)
                              ./contact_switch.o (MSS_GPIO_init)
N:\Git\locknet373\smartfusion\lockNET_SF\SoftConsole\lockNET_SF_MSS_MSS_CM3_0\lockNET_SF_MSS_MSS_CM3_0_hw_platform\Debug\liblockNET_SF_MSS_MSS_CM3_0_hw_platform.a(core_cm3.o)
                              N:\Git\locknet373\smartfusion\lockNET_SF\SoftConsole\lockNET_SF_MSS_MSS_CM3_0\lockNET_SF_MSS_MSS_CM3_0_hw_platform\Debug\liblockNET_SF_MSS_MSS_CM3_0_hw_platform.a(mss_i2c.o) (__get_PRIMASK)
N:\Git\locknet373\smartfusion\lockNET_SF\SoftConsole\lockNET_SF_MSS_MSS_CM3_0\lockNET_SF_MSS_MSS_CM3_0_hw_platform\Debug\liblockNET_SF_MSS_MSS_CM3_0_hw_platform.a(system_a2fxxxm3.o)
                              N:/Git/locknet373/smartfusion/lockNET_SF/SoftConsole/lockNET_SF_MSS_MSS_CM3_0/lockNET_SF_MSS_MSS_CM3_0_hw_platform/Debug/CMSIS/startup_gcc/startup_a2fxxxm3.o (SystemInit)
c:/program files (x86)/microsemi/softconsole v3.3/sourcery-g++/bin/../lib/gcc/arm-none-eabi/4.4.1/thumb2\libgcc.a(_arm_muldivdf3.o)
                              ./lora.o (__aeabi_dmul)
c:/program files (x86)/microsemi/softconsole v3.3/sourcery-g++/bin/../lib/gcc/arm-none-eabi/4.4.1/thumb2\libgcc.a(_arm_fixunsdfsi.o)
                              ./lora.o (__aeabi_d2uiz)
c:/program files (x86)/microsemi/softconsole v3.3/sourcery-g++/bin/../lib/gcc/arm-none-eabi/4.4.1/../../../../arm-none-eabi/lib/thumb2\libc.a(lib_a-errno.o)
                              N:/Git/locknet373/smartfusion/lockNET_SF/SoftConsole/lockNET_SF_MSS_MSS_CM3_0/lockNET_SF_MSS_MSS_CM3_0_hw_platform/Debug/CMSIS/startup_gcc/newlib_stubs.o (__errno)
c:/program files (x86)/microsemi/softconsole v3.3/sourcery-g++/bin/../lib/gcc/arm-none-eabi/4.4.1/../../../../arm-none-eabi/lib/thumb2\libc.a(lib_a-impure.o)
                              c:/program files (x86)/microsemi/softconsole v3.3/sourcery-g++/bin/../lib/gcc/arm-none-eabi/4.4.1/../../../../arm-none-eabi/lib/thumb2\libc.a(lib_a-errno.o) (_impure_ptr)
c:/program files (x86)/microsemi/softconsole v3.3/sourcery-g++/bin/../lib/gcc/arm-none-eabi/4.4.1/../../../../arm-none-eabi/lib/thumb2\libc.a(lib_a-init.o)
                              N:/Git/locknet373/smartfusion/lockNET_SF/SoftConsole/lockNET_SF_MSS_MSS_CM3_0/lockNET_SF_MSS_MSS_CM3_0_hw_platform/Debug/CMSIS/startup_gcc/startup_a2fxxxm3.o (__libc_init_array)
c:/program files (x86)/microsemi/softconsole v3.3/sourcery-g++/bin/../lib/gcc/arm-none-eabi/4.4.1/../../../../arm-none-eabi/lib/thumb2\libc.a(lib_a-memcpy.o)
                              ./lora.o (memcpy)
c:/program files (x86)/microsemi/softconsole v3.3/sourcery-g++/bin/../lib/gcc/arm-none-eabi/4.4.1/../../../../arm-none-eabi/lib/thumb2\libc.a(lib_a-memset.o)
                              N:\Git\locknet373\smartfusion\lockNET_SF\SoftConsole\lockNET_SF_MSS_MSS_CM3_0\lockNET_SF_MSS_MSS_CM3_0_hw_platform\Debug\liblockNET_SF_MSS_MSS_CM3_0_hw_platform.a(mss_spi.o) (memset)
c:/program files (x86)/microsemi/softconsole v3.3/sourcery-g++/bin/../lib/gcc/arm-none-eabi/4.4.1/../../../../arm-none-eabi/lib/thumb2\libc.a(lib_a-printf.o)
                              ./lora_client_ex.o (printf)
c:/program files (x86)/microsemi/softconsole v3.3/sourcery-g++/bin/../lib/gcc/arm-none-eabi/4.4.1/../../../../arm-none-eabi/lib/thumb2\libc.a(lib_a-puts.o)
                              ./lora_client_ex.o (puts)
c:/program files (x86)/microsemi/softconsole v3.3/sourcery-g++/bin/../lib/gcc/arm-none-eabi/4.4.1/../../../../arm-none-eabi/lib/thumb2\libc.a(lib_a-strlen.o)
                              c:/program files (x86)/microsemi/softconsole v3.3/sourcery-g++/bin/../lib/gcc/arm-none-eabi/4.4.1/../../../../arm-none-eabi/lib/thumb2\libc.a(lib_a-puts.o) (strlen)
c:/program files (x86)/microsemi/softconsole v3.3/sourcery-g++/bin/../lib/gcc/arm-none-eabi/4.4.1/../../../../arm-none-eabi/lib/thumb2\libc.a(lib_a-vfprintf.o)
[...]
Memory Configuration

Name             Origin             Length             Attributes
ram              0x20000000         0x00010000         xrw
*default*        0x00000000         0xffffffff

Linker script and memory map

LOAD c:/program files (x86)/microsemi/softconsole v3.3/sourcery-g++/bin/../lib/gcc/arm-none-eabi/4.4.1/thumb2/crti.o
LOAD c:/program files (x86)/microsemi/softconsole v3.3/sourcery-g++/bin/../lib/gcc/arm-none-eabi/4.4.1/thumb2/crtbegin.o
LOAD ./contact_switch.o
LOAD ./door_state_machine.o
LOAD ./fp_sensor.o
LOAD ./lora.o
LOAD ./lora_client_ex.o
LOAD ./lora_server_ex.o
LOAD ./main.o
LOAD ./neopixel.o
LOAD ./neopixel_test.o
LOAD ./nfc.o
LOAD ./rsa.o
LOAD ./servo.o
LOAD ./togateway.o
LOAD N:/Git/locknet373/smartfusion/lockNET_SF/SoftConsole/lockNET_SF_MSS_MSS_CM3_0/lockNET_SF_MSS_MSS_CM3_0_hw_platform/Debug/CMSIS/startup_gcc/startup_a2fxxxm3.o
LOAD N:/Git/locknet373/smartfusion/lockNET_SF/SoftConsole/lockNET_SF_MSS_MSS_CM3_0/lockNET_SF_MSS_MSS_CM3_0_hw_platform/Debug/CMSIS/startup_gcc/newlib_stubs.o
LOAD N:\Git\locknet373\smartfusion\lockNET_SF\SoftConsole\lockNET_SF_MSS_MSS_CM3_0\lockNET_SF_MSS_MSS_CM3_0_hw_platform\Debug\liblockNET_SF_MSS_MSS_CM3_0_hw_platform.a
START GROUP
LOAD c:/program files (x86)/microsemi/softconsole v3.3/sourcery-g++/bin/../lib/gcc/arm-none-eabi/4.4.1/thumb2\libgcc.a
LOAD c:/program files (x86)/microsemi/softconsole v3.3/sourcery-g++/bin/../lib/gcc/arm-none-eabi/4.4.1/../../../../arm-none-eabi/lib/thumb2\libc.a
END GROUP
LOAD c:/program files (x86)/microsemi/softconsole v3.3/sourcery-g++/bin/../lib/gcc/arm-none-eabi/4.4.1/thumb2/crtend.o
LOAD c:/program files (x86)/microsemi/softconsole v3.3/sourcery-g++/bin/../lib/gcc/arm-none-eabi/4.4.1/thumb2/crtn.o
START GROUP
LOAD c:/program files (x86)/microsemi/softconsole v3.3/sourcery-g++/bin/../lib/gcc/arm-none-eabi/4.4.1/../../../../arm-none-eabi/lib/thumb2\libc.a
LOAD c:/program files (x86)/microsemi/softconsole v3.3/sourcery-g++/bin/../lib/gcc/arm-none-eabi/4.4.1/thumb2\libgcc.a
LOAD c:/program files (x86)/microsemi/softconsole v3.3/sourcery-g++/bin/../lib/gcc/arm-none-eabi/4.4.1/../../../../arm-none-eabi/lib/thumb2\libm.a
END GROUP
                0x00000000                __DYNAMIC = 0x0
                0x20000000                RAM_START_ADDRESS = 0x20000000
                0x00010000                RAM_SIZE = 0x10000
                0x00002000                MAIN_STACK_SIZE = 0x2000
                0x00001000                PROCESS_STACK_SIZE = 0x1000
                0x20010000                PROVIDE (__main_stack_start, (RAM_START_ADDRESS + RAM_SIZE))
                0x2000e000                PROVIDE (__process_stack_start, (__main_stack_start - MAIN_STACK_SIZE))
                0x20010000                PROVIDE (_estack, __main_stack_start)
                0x00000000                PROVIDE (__mirrored_nvm, 0x0)

.text           0x20000000     0x8318
 CREATE_OBJECT_SYMBOLS
                0x20000000                __text_load = LOADADDR (.text)
                0x20000000                __text_start = .
                0x20000000                __vector_table_vma_base_address = .
 *(.isr_vector)
 .isr_vector    0x20000000      0x470 N:/Git/locknet373/smartfusion/lockNET_SF/SoftConsole/lockNET_SF_MSS_MSS_CM3_0/lockNET_SF_MSS_MSS_CM3_0_hw_platform/Debug/CMSIS/startup_gcc/startup_a2fxxxm3.o
                0x20000000                g_pfnVectors
                0x20000298                Reset_Handler
                0x20000308                NMI_Handler
                0x2000030a                HardFault_Handler
                0x2000030c                MemManage_Handler
                0x2000030e                BusFault_Handler
                0x20000310                UsageFault_Handler
                0x20000312                SVC_Handler
                0x20000314                DebugMon_Handler
                0x20000316                PendSV_Handler
                0x20000318                SysTick_Handler
                0x2000031a                WdogWakeup_IRQHandler
                0x2000031c                BrownOut_1_5V_IRQHandler
                0x2000031e                BrownOut_3_3V_IRQHandler
                0x20000320                RTC_Match_IRQHandler
                0x20000322                RTCIF_Pub_IRQHandler
                0x20000324                EthernetMAC_IRQHandler
                0x20000326                IAP_IRQHandler
                0x20000328                ENVM0_IRQHandler
                0x2000032a                ENVM1_IRQHandler
                0x2000032c                DMA_IRQHandler
                0x20000338                I2C0_SMBAlert_IRQHandler
                0x2000033a                I2C0_SMBus_IRQHandler
                0x2000033e                I2C1_SMBAlert_IRQHandler
                0x20000340                I2C1_SMBus_IRQHandler
                0x20000342                Timer1_IRQHandler
                0x20000344                Timer2_IRQHandler
                0x20000346                PLL_Lock_IRQHandler
                0x20000348                PLL_LockLost_IRQHandler
                0x2000034a                CommError_IRQHandler
                0x2000034e                GPIO0_IRQHandler
                0x20000352                GPIO2_IRQHandler
                0x20000354                GPIO3_IRQHandler
                0x20000356                GPIO4_IRQHandler
                0x20000358                GPIO5_IRQHandler
                0x2000035a                GPIO6_IRQHandler
                0x2000035c                GPIO7_IRQHandler
                0x2000035e                GPIO8_IRQHandler
                0x20000362                GPIO10_IRQHandler
                0x20000364                GPIO11_IRQHandler
                0x20000366                GPIO12_IRQHandler
                0x20000368                GPIO13_IRQHandler
                0x2000036a                GPIO14_IRQHandler
                0x2000036c                GPIO15_IRQHandler
                0x2000036e                GPIO16_IRQHandler
                0x20000370                GPIO17_IRQHandler
                0x20000372                GPIO18_IRQHandler
                0x20000374                GPIO19_IRQHandler
                0x20000376                GPIO20_IRQHandler
                0x20000378                GPIO21_IRQHandler
                0x2000037a                GPIO22_IRQHandler
                0x2000037c                GPIO23_IRQHandler
                0x2000037e                GPIO24_IRQHandler
                0x20000380                GPIO25_IRQHandler
                0x20000382                GPIO26_IRQHandler
                0x20000384                GPIO27_IRQHandler
                0x20000386                GPIO28_IRQHandler
                0x20000388                GPIO29_IRQHandler
                0x2000038a                GPIO30_IRQHandler
                0x2000038c                GPIO31_IRQHandler
                0x2000038e                ACE_PC0_Flag0_IRQHandler
                0x20000390                ACE_PC0_Flag1_IRQHandler
                0x20000392                ACE_PC0_Flag2_IRQHandler
                0x20000394                ACE_PC0_Flag3_IRQHandler
                0x20000396                ACE_PC1_Flag0_IRQHandler
                0x20000398                ACE_PC1_Flag1_IRQHandler
                0x2000039a                ACE_PC1_Flag2_IRQHandler
                0x2000039c                ACE_PC1_Flag3_IRQHandler
                0x2000039e                ACE_PC2_Flag0_IRQHandler
                0x200003a0                ACE_PC2_Flag1_IRQHandler
                0x200003a2                ACE_PC2_Flag2_IRQHandler
                0x200003a4                ACE_PC2_Flag3_IRQHandler
                0x200003a6                ACE_ADC0_DataValid_IRQHandler
                0x200003a8                ACE_ADC1_DataValid_IRQHandler
                0x200003aa                ACE_ADC2_DataValid_IRQHandler
                0x200003ac                ACE_ADC0_CalDone_IRQHandler
                0x200003ae                ACE_ADC1_CalDone_IRQHandler
                0x200003b0                ACE_ADC2_CalDone_IRQHandler
                0x200003b2                ACE_ADC0_CalStart_IRQHandler
                0x200003b4                ACE_ADC1_CalStart_IRQHandler
                0x200003b6                ACE_ADC2_CalStart_IRQHandler
                0x200003b8                ACE_Comp0_Fall_IRQHandler
                0x200003ba                ACE_Comp1_Fall_IRQHandler
                0x200003bc                ACE_Comp2_Fall_IRQHandler
                0x200003be                ACE_Comp3_Fall_IRQHandler
                0x200003c0                ACE_Comp4_Fall_IRQHandler
                0x200003c2                ACE_Comp5_Fall_IRQHandler
                0x200003c4                ACE_Comp6_Fall_IRQHandler
                0x200003c6                ACE_Comp7_Fall_IRQHandler
                0x200003c8                ACE_Comp8_Fall_IRQHandler
                0x200003ca                ACE_Comp9_Fall_IRQHandler
                0x200003cc                ACE_Comp10_Fall_IRQHandler
                0x200003ce                ACE_Comp11_Fall_IRQHandler
                0x200003d0                ACE_Comp0_Rise_IRQHandler
                0x200003d2                ACE_Comp1_Rise_IRQHandler
                0x200003d4                ACE_Comp2_Rise_IRQHandler
                0x200003d6                ACE_Comp3_Rise_IRQHandler
                0x200003d8                ACE_Comp4_Rise_IRQHandler
                0x200003da                ACE_Comp5_Rise_IRQHandler
                0x200003dc                ACE_Comp6_Rise_IRQHandler
                0x200003de                ACE_Comp7_Rise_IRQHandler
                0x200003e0                ACE_Comp8_Rise_IRQHandler
                0x200003e2                ACE_Comp9_Rise_IRQHandler
                0x200003e4                ACE_Comp10_Rise_IRQHandler
                0x200003e6                ACE_Comp11_Rise_IRQHandler
                0x200003e8                ACE_ADC0_FifoFull_IRQHandler
                0x200003ea                ACE_ADC0_FifoAFull_IRQHandler
                0x200003ec                ACE_ADC0_FifoEmpty_IRQHandler
                0x200003ee                ACE_ADC1_FifoFull_IRQHandler
                0x200003f0                ACE_ADC1_FifoAFull_IRQHandler
                0x200003f2                ACE_ADC1_FifoEmpty_IRQHandler
                0x200003f4                ACE_ADC2_FifoFull_IRQHandler
                0x200003f6                ACE_ADC2_FifoAFull_IRQHandler
                0x200003f8                ACE_ADC2_FifoEmpty_IRQHandler
                0x200003fa                ACE_PPE_Flag0_IRQHandler
                0x200003fc                ACE_PPE_Flag1_IRQHandler
                0x200003fe                ACE_PPE_Flag2_IRQHandler
                0x20000400                ACE_PPE_Flag3_IRQHandler
                0x20000402                ACE_PPE_Flag4_IRQHandler
                0x20000404                ACE_PPE_Flag5_IRQHandler
                0x20000406                ACE_PPE_Flag6_IRQHandler
                0x20000408                ACE_PPE_Flag7_IRQHandler
                0x2000040a                ACE_PPE_Flag8_IRQHandler
                0x2000040c                ACE_PPE_Flag9_IRQHandler
                0x2000040e                ACE_PPE_Flag10_IRQHandler
                0x20000410                ACE_PPE_Flag11_IRQHandler
                0x20000412                ACE_PPE_Flag12_IRQHandler
                0x20000414                ACE_PPE_Flag13_IRQHandler
                0x20000416                ACE_PPE_Flag14_IRQHandler
                0x20000418                ACE_PPE_Flag15_IRQHandler
                0x2000041a                ACE_PPE_Flag16_IRQHandler
                0x2000041c                ACE_PPE_Flag17_IRQHandler
                0x2000041e                ACE_PPE_Flag18_IRQHandler
                0x20000420                ACE_PPE_Flag19_IRQHandler
                0x20000422                ACE_PPE_Flag20_IRQHandler
                0x20000424                ACE_PPE_Flag21_IRQHandler
                0x20000426                ACE_PPE_Flag22_IRQHandler
                0x20000428                ACE_PPE_Flag23_IRQHandler
                0x2000042a                ACE_PPE_Flag24_IRQHandler
                0x2000042c                ACE_PPE_Flag25_IRQHandler
                0x2000042e                ACE_PPE_Flag26_IRQHandler
                0x20000430                ACE_PPE_Flag27_IRQHandler
                0x20000432                ACE_PPE_Flag28_IRQHandler
                0x20000434                ACE_PPE_Flag29_IRQHandler
                0x20000436                ACE_PPE_Flag30_IRQHandler
                0x20000438                ACE_PPE_Flag31_IRQHandler
 *(.text .text.* .gnu.linkonce.t.*)
 .text          0x20000470       0x30 c:/program files (x86)/microsemi/softconsole v3.3/sourcery-g++/bin/../lib/gcc/arm-none-eabi/4.4.1/thumb2/crtbegin.o
 .text.LORA_validate_rx_buf
                0x200004a0       0x9c ./lora.o
                0x200004a0                LORA_validate_rx_buf
 .text.LORA_read
                0x2000053c       0x34 ./lora.o
                0x2000053c                LORA_read
 .text.LORA_burst_read
                0x20000570       0xb0 ./lora.o
                0x20000570                LORA_burst_read
 .text.LORA_write
                0x20000620       0x4c ./lora.o
                0x20000620                LORA_write
 .text.LORA_set_mode_idle
                0x2000066c       0x28 ./lora.o
                0x2000066c                LORA_set_mode_idle
 .text.LORA_handle_interrupt
                0x20000694       0xf8 ./lora.o
                0x20000694                LORA_handle_interrupt
 .text.Fabric_IRQHandler
                0x2000078c       0x30 ./main.o
                0x2000078c                Fabric_IRQHandler
 .text.main     0x200007bc       0x34 ./main.o
                0x200007bc                main
 .text.GPIO1_IRQHandler
                0x200007f0       0x4c ./main.o
                0x200007f0                GPIO1_IRQHandler
 .text.GPIO9_IRQHandler
                0x2000083c       0x20 ./main.o
                0x2000083c                GPIO9_IRQHandler
 .text.set_interrupt_handled
                0x2000085c        0xc ./nfc.o
                0x2000085c                set_interrupt_handled
 .text.RSA_init
                0x20000868       0x10 ./rsa.o
                0x20000868                RSA_init
 .text.RSA_run  0x20000878       0x7c ./rsa.o
                0x20000878                RSA_run
 .text.RSA_test
                0x200008f4       0x5c ./rsa.o
                0x200008f4                RSA_test
 .text.RSA_read_result
                0x20000950       0x48 ./rsa.o
                0x20000950                RSA_read_result
 .text.RSA_is_ready
                0x20000998        0xc ./rsa.o
                0x20000998                RSA_is_ready
 .text._close   0x200009a4        0x8 N:/Git/locknet373/smartfusion/lockNET_SF/SoftConsole/lockNET_SF_MSS_MSS_CM3_0/lockNET_SF_MSS_MSS_CM3_0_hw_platform/Debug/CMSIS/startup_gcc/newlib_stubs.o
                0x200009a4                _close
 .text._exit    0x200009ac        0x4 N:/Git/locknet373/smartfusion/lockNET_SF/SoftConsole/lockNET_SF_MSS_MSS_CM3_0/lockNET_SF_MSS_MSS_CM3_0_hw_platform/Debug/CMSIS/startup_gcc/newlib_stubs.o
                0x200009ac                _exit
 .text._fstat   0x200009b0        0xc N:/Git/locknet373/smartfusion/lockNET_SF/SoftConsole/lockNET_SF_MSS_MSS_CM3_0/lockNET_SF_MSS_MSS_CM3_0_hw_platform/Debug/CMSIS/startup_gcc/newlib_stubs.o
                0x200009b0                _fstat
 .text._isatty  0x200009bc        0x8 N:/Git/locknet373/smartfusion/lockNET_SF/SoftConsole/lockNET_SF_MSS_MSS_CM3_0/lockNET_SF_MSS_MSS_CM3_0_hw_platform/Debug/CMSIS/startup_gcc/newlib_stubs.o
                0x200009bc                _isatty
 .text._lseek   0x200009c4        0x8 N:/Git/locknet373/smartfusion/lockNET_SF/SoftConsole/lockNET_SF_MSS_MSS_CM3_0/lockNET_SF_MSS_MSS_CM3_0_hw_platform/Debug/CMSIS/startup_gcc/newlib_stubs.o
                0x200009c4                _lseek
 .text._read    0x200009cc        0x8 N:/Git/locknet373/smartfusion/lockNET_SF/SoftConsole/lockNET_SF_MSS_MSS_CM3_0/lockNET_SF_MSS_MSS_CM3_0_hw_platform/Debug/CMSIS/startup_gcc/newlib_stubs.o
                0x200009cc                _read
 .text._write_r
                0x200009d4       0x48 N:/Git/locknet373/smartfusion/lockNET_SF/SoftConsole/lockNET_SF_MSS_MSS_CM3_0/lockNET_SF_MSS_MSS_CM3_0_hw_platform/Debug/CMSIS/startup_gcc/newlib_stubs.o
                0x200009d4                _write_r
 .text._sbrk    0x20000a1c       0x64 N:/Git/locknet373/smartfusion/lockNET_SF/SoftConsole/lockNET_SF_MSS_MSS_CM3_0/lockNET_SF_MSS_MSS_CM3_0_hw_platform/Debug/CMSIS/startup_gcc/newlib_stubs.o
                0x20000a1c                _sbrk
 .text.MSS_UART_polled_tx
                0x20000a80       0xac N:\Git\locknet373\smartfusion\lockNET_SF\SoftConsole\lockNET_SF_MSS_MSS_CM3_0\lockNET_SF_MSS_MSS_CM3_0_hw_platform\Debug\liblockNET_SF_MSS_MSS_CM3_0_hw_platform.a(mss_uart.o)
                0x20000a80                MSS_UART_polled_tx
 .text.MSS_UART_isr
                0x20000b2c       0x70 N:\Git\locknet373\smartfusion\lockNET_SF\SoftConsole\lockNET_SF_MSS_MSS_CM3_0\lockNET_SF_MSS_MSS_CM3_0_hw_platform\Debug\liblockNET_SF_MSS_MSS_CM3_0_hw_platform.a(mss_uart.o)
 .text.default_tx_handler
                0x20000b9c       0xa8 N:\Git\locknet373\smartfusion\lockNET_SF\SoftConsole\lockNET_SF_MSS_MSS_CM3_0\lockNET_SF_MSS_MSS_CM3_0_hw_platform\Debug\liblockNET_SF_MSS_MSS_CM3_0_hw_platform.a(mss_uart.o)
 .text.UART0_IRQHandler
                0x20000c44       0x30 N:\Git\locknet373\smartfusion\lockNET_SF\SoftConsole\lockNET_SF_MSS_MSS_CM3_0\lockNET_SF_MSS_MSS_CM3_0_hw_platform\Debug\liblockNET_SF_MSS_MSS_CM3_0_hw_platform.a(mss_uart.o)
                0x20000c44                UART0_IRQHandler
 .text.UART1_IRQHandler
                0x20000c74       0x30 N:\Git\locknet373\smartfusion\lockNET_SF\SoftConsole\lockNET_SF_MSS_MSS_CM3_0\lockNET_SF_MSS_MSS_CM3_0_hw_platform\Debug\liblockNET_SF_MSS_MSS_CM3_0_hw_platform.a(mss_uart.o)
                0x20000c74                UART1_IRQHandler
 .text.MSS_UART_init
                0x20000ca4      0x150 N:\Git\locknet373\smartfusion\lockNET_SF\SoftConsole\lockNET_SF_MSS_MSS_CM3_0\lockNET_SF_MSS_MSS_CM3_0_hw_platform\Debug\liblockNET_SF_MSS_MSS_CM3_0_hw_platform.a(mss_uart.o)
                0x20000ca4                MSS_UART_init
 .text.recover_from_rx_overflow
                0x20000df4       0xe4 N:\Git\locknet373\smartfusion\lockNET_SF\SoftConsole\lockNET_SF_MSS_MSS_CM3_0\lockNET_SF_MSS_MSS_CM3_0_hw_platform\Debug\liblockNET_SF_MSS_MSS_CM3_0_hw_platform.a(mss_spi.o)
 .text.MSS_SPI_configure_master_mode
                0x20000ed8      0x100 N:\Git\locknet373\smartfusion\lockNET_SF\SoftConsole\lockNET_SF_MSS_MSS_CM3_0\lockNET_SF_MSS_MSS_CM3_0_hw_platform\Debug\liblockNET_SF_MSS_MSS_CM3_0_hw_platform.a(mss_spi.o)
                0x20000ed8                MSS_SPI_configure_master_mode
 .text.MSS_SPI_set_slave_select
                0x20000fd8       0xcc N:\Git\locknet373\smartfusion\lockNET_SF\SoftConsole\lockNET_SF_MSS_MSS_CM3_0\lockNET_SF_MSS_MSS_CM3_0_hw_platform\Debug\liblockNET_SF_MSS_MSS_CM3_0_hw_platform.a(mss_spi.o)
                0x20000fd8                MSS_SPI_set_slave_select
 .text.MSS_SPI_clear_slave_select
                0x200010a4       0x90 N:\Git\locknet373\smartfusion\lockNET_SF\SoftConsole\lockNET_SF_MSS_MSS_CM3_0\lockNET_SF_MSS_MSS_CM3_0_hw_platform\Debug\liblockNET_SF_MSS_MSS_CM3_0_hw_platform.a(mss_spi.o)
                0x200010a4                MSS_SPI_clear_slave_select
 .text.MSS_SPI_transfer_frame
                0x20001134       0x90 N:\Git\locknet373\smartfusion\lockNET_SF\SoftConsole\lockNET_SF_MSS_MSS_CM3_0\lockNET_SF_MSS_MSS_CM3_0_hw_platform\Debug\liblockNET_SF_MSS_MSS_CM3_0_hw_platform.a(mss_spi.o)
                0x20001134                MSS_SPI_transfer_frame
 .text.fill_slave_tx_fifo
                0x200011c4       0xa8 N:\Git\locknet373\smartfusion\lockNET_SF\SoftConsole\lockNET_SF_MSS_MSS_CM3_0\lockNET_SF_MSS_MSS_CM3_0_hw_platform\Debug\liblockNET_SF_MSS_MSS_CM3_0_hw_platform.a(mss_spi.o)
 .text.read_slave_rx_fifo
                0x2000126c       0x74 N:\Git\locknet373\smartfusion\lockNET_SF\SoftConsole\lockNET_SF_MSS_MSS_CM3_0\lockNET_SF_MSS_MSS_CM3_0_hw_platform\Debug\liblockNET_SF_MSS_MSS_CM3_0_hw_platform.a(mss_spi.o)
 .text.mss_spi_isr
                0x200012e0      0x1c8 N:\Git\locknet373\smartfusion\lockNET_SF\SoftConsole\lockNET_SF_MSS_MSS_CM3_0\lockNET_SF_MSS_MSS_CM3_0_hw_platform\Debug\liblockNET_SF_MSS_MSS_CM3_0_hw_platform.a(mss_spi.o)
 .text.SPI0_IRQHandler
                0x200014a8       0x30 N:\Git\locknet373\smartfusion\lockNET_SF\SoftConsole\lockNET_SF_MSS_MSS_CM3_0\lockNET_SF_MSS_MSS_CM3_0_hw_platform\Debug\liblockNET_SF_MSS_MSS_CM3_0_hw_platform.a(mss_spi.o)
                0x200014a8                SPI0_IRQHandler
 .text.SPI1_IRQHandler
                0x200014d8       0x30 N:\Git\locknet373\smartfusion\lockNET_SF\SoftConsole\lockNET_SF_MSS_MSS_CM3_0\lockNET_SF_MSS_MSS_CM3_0_hw_platform\Debug\liblockNET_SF_MSS_MSS_CM3_0_hw_platform.a(mss_spi.o)
                0x200014d8                SPI1_IRQHandler
 .text.enable_slave_if_required
                0x20001508       0x10 N:\Git\locknet373\smartfusion\lockNET_SF\SoftConsole\lockNET_SF_MSS_MSS_CM3_0\lockNET_SF_MSS_MSS_CM3_0_hw_platform\Debug\liblockNET_SF_MSS_MSS_CM3_0_hw_platform.a(mss_i2c.o)
 .text.mss_i2c_isr
                0x20001518      0x594 N:\Git\locknet373\smartfusion\lockNET_SF\SoftConsole\lockNET_SF_MSS_MSS_CM3_0\lockNET_SF_MSS_MSS_CM3_0_hw_platform\Debug\liblockNET_SF_MSS_MSS_CM3_0_hw_platform.a(mss_i2c.o)
 .text.I2C0_IRQHandler
                0x20001aac       0x30 N:\Git\locknet373\smartfusion\lockNET_SF\SoftConsole\lockNET_SF_MSS_MSS_CM3_0\lockNET_SF_MSS_MSS_CM3_0_hw_platform\Debug\liblockNET_SF_MSS_MSS_CM3_0_hw_platform.a(mss_i2c.o)
                0x20001aac                I2C0_IRQHandler
 .text.I2C1_IRQHandler
                0x20001adc       0x30 N:\Git\locknet373\smartfusion\lockNET_SF\SoftConsole\lockNET_SF_MSS_MSS_CM3_0\lockNET_SF_MSS_MSS_CM3_0_hw_platform\Debug\liblockNET_SF_MSS_MSS_CM3_0_hw_platform.a(mss_i2c.o)
                0x20001adc                I2C1_IRQHandler
 .text.MSS_GPIO_set_output
                0x20001b0c       0x1c N:\Git\locknet373\smartfusion\lockNET_SF\SoftConsole\lockNET_SF_MSS_MSS_CM3_0\lockNET_SF_MSS_MSS_CM3_0_hw_platform\Debug\liblockNET_SF_MSS_MSS_CM3_0_hw_platform.a(mss_gpio.o)
                0x20001b0c                MSS_GPIO_set_output
 .text.MSS_GPIO_clear_irq
                0x20001b28       0x48 N:\Git\locknet373\smartfusion\lockNET_SF\SoftConsole\lockNET_SF_MSS_MSS_CM3_0\lockNET_SF_MSS_MSS_CM3_0_hw_platform\Debug\liblockNET_SF_MSS_MSS_CM3_0_hw_platform.a(mss_gpio.o)
                0x20001b28                MSS_GPIO_clear_irq
 .text.SystemInit
                0x20001b70        0x4 N:\Git\locknet373\smartfusion\lockNET_SF\SoftConsole\lockNET_SF_MSS_MSS_CM3_0\lockNET_SF_MSS_MSS_CM3_0_hw_platform\Debug\liblockNET_SF_MSS_MSS_CM3_0_hw_platform.a(system_a2fxxxm3.o)
                0x20001b70                SystemInit
 .text.SystemCoreClockUpdate
                0x20001b74      0x130 N:\Git\locknet373\smartfusion\lockNET_SF\SoftConsole\lockNET_SF_MSS_MSS_CM3_0\lockNET_SF_MSS_MSS_CM3_0_hw_platform\Debug\liblockNET_SF_MSS_MSS_CM3_0_hw_platform.a(system_a2fxxxm3.o)
                0x20001b74                SystemCoreClockUpdate
 .text          0x20001ca4      0x424 c:/program files (x86)/microsemi/softconsole v3.3/sourcery-g++/bin/../lib/gcc/arm-none-eabi/4.4.1/thumb2\libgcc.a(_arm_muldivdf3.o)
                0x20001ca4                __aeabi_dmul
                0x20001ca4                __muldf3
                0x20001ef8                __divdf3
                0x20001ef8                __aeabi_ddiv
 .text          0x200020c8       0x50 c:/program files (x86)/microsemi/softconsole v3.3/sourcery-g++/bin/../lib/gcc/arm-none-eabi/4.4.1/../../../../arm-none-eabi/lib/thumb2\libc.a(lib_a-init.o)
                0x200020c8                __libc_init_array
 .text          0x20002118      0x190 c:/program files (x86)/microsemi/softconsole v3.3/sourcery-g++/bin/../lib/gcc/arm-none-eabi/4.4.1/../../../../arm-none-eabi/lib/thumb2\libc.a(lib_a-memcpy.o)
                0x20002118                memcpy
 .text          0x200022a8       0xd4 c:/program files (x86)/microsemi/softconsole v3.3/sourcery-g++/bin/../lib/gcc/arm-none-eabi/4.4.1/../../../../arm-none-eabi/lib/thumb2\libc.a(lib_a-memset.o)
                0x200022a8                memset
 .text          0x2000237c       0x64 c:/program files (x86)/microsemi/softconsole v3.3/sourcery-g++/bin/../lib/gcc/arm-none-eabi/4.4.1/../../../../arm-none-eabi/lib/thumb2\libc.a(lib_a-printf.o)
                0x2000237c                printf
                0x200023b4                _printf_r
 .text          0x200023e0       0x60 c:/program files (x86)/microsemi/softconsole v3.3/sourcery-g++/bin/../lib/gcc/arm-none-eabi/4.4.1/../../../../arm-none-eabi/lib/thumb2\libc.a(lib_a-strlen.o)
                0x200023e0                strlen
 .text          0x20002440     0x1940 c:/program files (x86)/microsemi/softconsole v3.3/sourcery-g++/bin/../lib/gcc/arm-none-eabi/4.4.1/../../../../arm-none-eabi/lib/thumb2\libc.a(lib_a-vfprintf.o)
                0x2000245c                _vfprintf_r
                0x20003d64                vfprintf
 .text          0x20003d80      0x104 c:/program files (x86)/microsemi/softconsole v3.3/sourcery-g++/bin/../lib/gcc/arm-none-eabi/4.4.1/../../../../arm-none-eabi/lib/thumb2\libc.a(lib_a-wsetup.o)
                0x20003d80                __swsetup_r
 *fill*         0x20003e84        0x4 00
 .text          0x20003e88      0xfb8 c:/program files (x86)/microsemi/softconsole v3.3/sourcery-g++/bin/../lib/gcc/arm-none-eabi/4.4.1/../../../../arm-none-eabi/lib/thumb2\libc.a(lib_a-dtoa.o)
                0x20003fa8                _dtoa_r
 .text          0x20004e40      0x178 c:/program files (x86)/microsemi/softconsole v3.3/sourcery-g++/bin/../lib/gcc/arm-none-eabi/4.4.1/../../../../arm-none-eabi/lib/thumb2\libc.a(lib_a-fflush.o)
                0x20004e40                _fflush_r
                0x20004f90                fflush
 .text          0x20004fb8      0x1c8 c:/program files (x86)/microsemi/softconsole v3.3/sourcery-g++/bin/../lib/gcc/arm-none-eabi/4.4.1/../../../../arm-none-eabi/lib/thumb2\libc.a(lib_a-findfp.o)
                0x20004fb8                __sfp_lock_acquire
                0x20004fbc                __sfp_lock_release
                0x20004fc0                __sinit_lock_acquire
                0x20004fc4                __sinit_lock_release
                0x20004fd0                __fp_unlock_all
                0x20004fe8                __fp_lock_all
                0x20005000                _cleanup_r
                0x2000500c                _cleanup
                0x20005068                __sfmoreglue
                0x20005098                __sfp
                0x20005120                __sinit
 .text          0x20005180      0x268 c:/program files (x86)/microsemi/softconsole v3.3/sourcery-g++/bin/../lib/gcc/arm-none-eabi/4.4.1/../../../../arm-none-eabi/lib/thumb2\libc.a(lib_a-freer.o)
                0x20005180                _malloc_trim_r
                0x20005228                _free_r
 .text          0x200053e8      0x334 c:/program files (x86)/microsemi/softconsole v3.3/sourcery-g++/bin/../lib/gcc/arm-none-eabi/4.4.1/../../../../arm-none-eabi/lib/thumb2\libc.a(lib_a-fvwrite.o)
                0x200053e8                __sfvwrite_r
 .text          0x2000571c       0xa0 c:/program files (x86)/microsemi/softconsole v3.3/sourcery-g++/bin/../lib/gcc/arm-none-eabi/4.4.1/../../../../arm-none-eabi/lib/thumb2\libc.a(lib_a-fwalk.o)
                0x2000571c                _fwalk_reent
                0x20005770                _fwalk
 .text          0x200057bc       0x74 c:/program files (x86)/microsemi/softconsole v3.3/sourcery-g++/bin/../lib/gcc/arm-none-eabi/4.4.1/../../../../arm-none-eabi/lib/thumb2\libc.a(lib_a-locale.o)
                0x200057bc                __locale_charset
                0x200057c8                _localeconv_r
                0x200057d0                localeconv
                0x200057d8                _setlocale_r
                0x20005820                setlocale
 .text          0x20005830       0xdc c:/program files (x86)/microsemi/softconsole v3.3/sourcery-g++/bin/../lib/gcc/arm-none-eabi/4.4.1/../../../../arm-none-eabi/lib/thumb2\libc.a(lib_a-makebuf.o)
                0x20005830                __smakebuf_r
 .text          0x2000590c       0x20 c:/program files (x86)/microsemi/softconsole v3.3/sourcery-g++/bin/../lib/gcc/arm-none-eabi/4.4.1/../../../../arm-none-eabi/lib/thumb2\libc.a(lib_a-malloc.o)
                0x2000590c                free
                0x2000591c                malloc
 .text          0x2000592c      0x5a4 c:/program files (x86)/microsemi/softconsole v3.3/sourcery-g++/bin/../lib/gcc/arm-none-eabi/4.4.1/../../../../arm-none-eabi/lib/thumb2\libc.a(lib_a-mallocr.o)
                0x2000592c                _malloc_r
 .text          0x20005ed0       0x74 c:/program files (x86)/microsemi/softconsole v3.3/sourcery-g++/bin/../lib/gcc/arm-none-eabi/4.4.1/../../../../arm-none-eabi/lib/thumb2\libc.a(lib_a-memchr.o)
                0x20005ed0                memchr
 .text          0x20005f44       0xb8 c:/program files (x86)/microsemi/softconsole v3.3/sourcery-g++/bin/../lib/gcc/arm-none-eabi/4.4.1/../../../../arm-none-eabi/lib/thumb2\libc.a(lib_a-memmove.o)
                0x20005f44                memmove
 .text          0x20005ffc        0x8 c:/program files (x86)/microsemi/softconsole v3.3/sourcery-g++/bin/../lib/gcc/arm-none-eabi/4.4.1/../../../../arm-none-eabi/lib/thumb2\libc.a(lib_a-mlock.o)
                0x20005ffc                __malloc_lock
                0x20006000                __malloc_unlock
 .text          0x20006004      0x958 c:/program files (x86)/microsemi/softconsole v3.3/sourcery-g++/bin/../lib/gcc/arm-none-eabi/4.4.1/../../../../arm-none-eabi/lib/thumb2\libc.a(lib_a-mprec.o)
                0x20006004                __hi0bits
                0x20006044                __lo0bits
                0x200060a8                __mcmp
                0x200060e8                __ulp
                0x20006134                __b2d
                0x200061dc                __ratio
                0x2000623c                _mprec_log10
                0x20006274                __copybits
                0x200062c4                __any_on
                0x2000631c                _Bfree
                0x20006354                _Balloc
                0x200063c0                __d2b
                0x20006490                __mdiff
                0x20006588                __lshift
                0x20006644                __multiply
                0x20006778                __i2b
                0x2000678c                __multadd
                0x20006814                __pow5mult
                0x200068c0                __s2b
 .text          0x2000695c      0x3b4 c:/program files (x86)/microsemi/softconsole v3.3/sourcery-g++/bin/../lib/gcc/arm-none-eabi/4.4.1/../../../../arm-none-eabi/lib/thumb2\libc.a(lib_a-reallocr.o)
                0x2000695c                _realloc_r
 .text          0x20006d10       0x24 c:/program files (x86)/microsemi/softconsole v3.3/sourcery-g++/bin/../lib/gcc/arm-none-eabi/4.4.1/../../../../arm-none-eabi/lib/thumb2\libc.a(lib_a-s_isinfd.o)
                0x20006d10                __isinfd
 .text          0x20006d34       0x1c c:/program files (x86)/microsemi/softconsole v3.3/sourcery-g++/bin/../lib/gcc/arm-none-eabi/4.4.1/../../../../arm-none-eabi/lib/thumb2\libc.a(lib_a-s_isnand.o)
                0x20006d34                __isnand
 .text          0x20006d50       0x28 c:/program files (x86)/microsemi/softconsole v3.3/sourcery-g++/bin/../lib/gcc/arm-none-eabi/4.4.1/../../../../arm-none-eabi/lib/thumb2\libc.a(lib_a-sbrkr.o)
                0x20006d50                _sbrk_r
 .text          0x20006d78       0x90 c:/program files (x86)/microsemi/softconsole v3.3/sourcery-g++/bin/../lib/gcc/arm-none-eabi/4.4.1/../../../../arm-none-eabi/lib/thumb2\libc.a(lib_a-stdio.o)
                0x20006d78                __sclose
                0x20006d80                __sseek
                0x20006da8                __swrite
                0x20006de4                __sread
 .text          0x20006e08      0x1dc c:/program files (x86)/microsemi/softconsole v3.3/sourcery-g++/bin/../lib/gcc/arm-none-eabi/4.4.1/../../../../arm-none-eabi/lib/thumb2\libc.a(lib_a-strcmp.o)
                0x20006e08                strcmp
 .text          0x20006fe4       0x5c c:/program files (x86)/microsemi/softconsole v3.3/sourcery-g++/bin/../lib/gcc/arm-none-eabi/4.4.1/../../../../arm-none-eabi/lib/thumb2\libc.a(lib_a-callocr.o)
                0x20006fe4                _calloc_r
 .text          0x20007040       0x28 c:/program files (x86)/microsemi/softconsole v3.3/sourcery-g++/bin/../lib/gcc/arm-none-eabi/4.4.1/../../../../arm-none-eabi/lib/thumb2\libc.a(lib_a-closer.o)
                0x20007040                _close_r
 .text          0x20007068       0xcc c:/program files (x86)/microsemi/softconsole v3.3/sourcery-g++/bin/../lib/gcc/arm-none-eabi/4.4.1/../../../../arm-none-eabi/lib/thumb2\libc.a(lib_a-fclose.o)
                0x20007068                _fclose_r
                0x20007124                fclose
 .text          0x20007134       0x2c c:/program files (x86)/microsemi/softconsole v3.3/sourcery-g++/bin/../lib/gcc/arm-none-eabi/4.4.1/../../../../arm-none-eabi/lib/thumb2\libc.a(lib_a-fstatr.o)
                0x20007134                _fstat_r
 .text          0x20007160       0x28 c:/program files (x86)/microsemi/softconsole v3.3/sourcery-g++/bin/../lib/gcc/arm-none-eabi/4.4.1/../../../../arm-none-eabi/lib/thumb2\libc.a(lib_a-isattyr.o)
                0x20007160                _isatty_r
 .text          0x20007188       0x2c c:/program files (x86)/microsemi/softconsole v3.3/sourcery-g++/bin/../lib/gcc/arm-none-eabi/4.4.1/../../../../arm-none-eabi/lib/thumb2\libc.a(lib_a-lseekr.o)
                0x20007188                _lseek_r
 .text          0x200071b4       0x2c c:/program files (x86)/microsemi/softconsole v3.3/sourcery-g++/bin/../lib/gcc/arm-none-eabi/4.4.1/../../../../arm-none-eabi/lib/thumb2\libc.a(lib_a-readr.o)
                0x200071b4                _read_r
 .text          0x200071e0      0x278 c:/program files (x86)/microsemi/softconsole v3.3/sourcery-g++/bin/../lib/gcc/arm-none-eabi/4.4.1/thumb2\libgcc.a(_udivsi3.o)
                0x200071e0                __aeabi_uidiv
                0x200071e0                __udivsi3
                0x2000743c                __aeabi_uidivmod
 .text          0x20007458        0x4 c:/program files (x86)/microsemi/softconsole v3.3/sourcery-g++/bin/../lib/gcc/arm-none-eabi/4.4.1/thumb2\libgcc.a(_dvmd_tls.o)
                0x20007458                __aeabi_idiv0
                0x20007458                __aeabi_ldiv0
 .text          0x2000745c      0x370 c:/program files (x86)/microsemi/softconsole v3.3/sourcery-g++/bin/../lib/gcc/arm-none-eabi/4.4.1/thumb2\libgcc.a(_arm_addsubdf3.o)
                0x2000745c                __aeabi_drsub
                0x20007464                __aeabi_dsub
                0x20007464                __subdf3
                0x20007468                __aeabi_dadd
                0x20007468                __adddf3
                0x200076e0                __floatunsidf
                0x200076e0                __aeabi_ui2d
                0x20007700                __floatsidf
                0x20007700                __aeabi_i2d
                0x20007724                __aeabi_f2d
                0x20007724                __extendsfdf2
                0x20007760                __floatundidf
                0x20007760                __aeabi_ul2d
                0x20007770                __floatdidf
                0x20007770                __aeabi_l2d
 .text          0x200077cc      0x110 c:/program files (x86)/microsemi/softconsole v3.3/sourcery-g++/bin/../lib/gcc/arm-none-eabi/4.4.1/thumb2\libgcc.a(_arm_cmpdf2.o)
                0x200077cc                __gtdf2
                0x200077cc                __gedf2
                0x200077d4                __ltdf2
                0x200077d4                __ledf2
                0x200077dc                __nedf2
                0x200077dc                __eqdf2
                0x200077dc                __cmpdf2
                0x20007858                __aeabi_cdrcmple
                0x20007868                __aeabi_cdcmpeq
                0x20007868                __aeabi_cdcmple
                0x20007878                __aeabi_dcmpeq
                0x2000788c                __aeabi_dcmplt
                0x200078a0                __aeabi_dcmple
                0x200078b4                __aeabi_dcmpge
                0x200078c8                __aeabi_dcmpgt
 .text          0x200078dc       0x50 c:/program files (x86)/microsemi/softconsole v3.3/sourcery-g++/bin/../lib/gcc/arm-none-eabi/4.4.1/thumb2\libgcc.a(_arm_fixdfsi.o)
                0x200078dc                __aeabi_d2iz
                0x200078dc                __fixdfsi
 .text          0x2000792c       0x2c c:/program files (x86)/microsemi/softconsole v3.3/sourcery-g++/bin/../lib/gcc/arm-none-eabi/4.4.1/thumb2\libgcc.a(_aeabi_uldivmod.o)
                0x2000792c                __aeabi_uldivmod
 .text          0x20007958       0x58 c:/program files (x86)/microsemi/softconsole v3.3/sourcery-g++/bin/../lib/gcc/arm-none-eabi/4.4.1/thumb2\libgcc.a(bpabi.o)
                0x20007958                __gnu_uldivmod_helper
                0x20007984                __gnu_ldivmod_helper
 .text          0x200079b0      0x364 c:/program files (x86)/microsemi/softconsole v3.3/sourcery-g++/bin/../lib/gcc/arm-none-eabi/4.4.1/thumb2\libgcc.a(_divdi3.o)
                0x200079b0                __divdi3
 .text          0x20007d14      0x300 c:/program files (x86)/microsemi/softconsole v3.3/sourcery-g++/bin/../lib/gcc/arm-none-eabi/4.4.1/thumb2\libgcc.a(_udivdi3.o)
                0x20007d14                __udivdi3
 *(.plt)
 *(.gnu.warning)
 *(.glue_7t)
 .glue_7t       0x00000000        0x0 linker stubs
 *(.glue_7)
 .glue_7        0x00000000        0x0 linker stubs
 *(.vfp11_veneer)
 .vfp11_veneer  0x00000000        0x0 linker stubs
                0x20008014                . = ALIGN (0x4)
 *crtbegin.o(.ctors)
 *(EXCLUDE_FILE(*crtend.o) .ctors)
 *(SORT(.ctors.*))
 *crtend.o(.ctors)
 *crtbegin.o(.dtors)
 *(EXCLUDE_FILE(*crtend.o) .dtors)
 *(SORT(.dtors.*))
 *crtend.o(.dtors)
 *(.rodata .rodata.* .gnu.linkonce.r.*)
 .rodata.str1.4
                0x20008014        0xf ./main.o
                                 0x10 (size before relaxing)
 *fill*         0x20008023        0x1 00
 .rodata.C.0.1306
                0x20008024        0x8 ./rsa.o
 .rodata.C.3.1309
                0x2000802c        0x8 ./rsa.o
 .rodata.C.2.1308
                0x20008034        0x8 ./rsa.o
 .rodata.C.1.1307
                0x2000803c        0x8 ./rsa.o
 .rodata.str1.4
                0x20008044       0x1a N:/Git/locknet373/smartfusion/lockNET_SF/SoftConsole/lockNET_SF_MSS_MSS_CM3_0/lockNET_SF_MSS_MSS_CM3_0_hw_platform/Debug/CMSIS/startup_gcc/newlib_stubs.o
                                 0x1c (size before relaxing)
 *fill*         0x2000805e        0x2 00
 .rodata.g_gpio_irqn_lut
                0x20008060       0x40 N:\Git\locknet373\smartfusion\lockNET_SF\SoftConsole\lockNET_SF_MSS_MSS_CM3_0\lockNET_SF_MSS_MSS_CM3_0_hw_platform\Debug\liblockNET_SF_MSS_MSS_CM3_0_hw_platform.a(mss_gpio.o)
 .rodata.C.16.2565
                0x200080a0       0x10 N:\Git\locknet373\smartfusion\lockNET_SF\SoftConsole\lockNET_SF_MSS_MSS_CM3_0\lockNET_SF_MSS_MSS_CM3_0_hw_platform\Debug\liblockNET_SF_MSS_MSS_CM3_0_hw_platform.a(system_a2fxxxm3.o)
 .rodata        0x200080b0        0x4 c:/program files (x86)/microsemi/softconsole v3.3/sourcery-g++/bin/../lib/gcc/arm-none-eabi/4.4.1/../../../../arm-none-eabi/lib/thumb2\libc.a(lib_a-impure.o)
                0x200080b0                _global_impure_ptr
 .rodata.str1.4
                0x200080b4        0x2 c:/program files (x86)/microsemi/softconsole v3.3/sourcery-g++/bin/../lib/gcc/arm-none-eabi/4.4.1/../../../../arm-none-eabi/lib/thumb2\libc.a(lib_a-impure.o)
                                  0x4 (size before relaxing)
 *fill*         0x200080b6        0x2 00
 .rodata        0x200080b8       0x20 c:/program files (x86)/microsemi/softconsole v3.3/sourcery-g++/bin/../lib/gcc/arm-none-eabi/4.4.1/../../../../arm-none-eabi/lib/thumb2\libc.a(lib_a-vfprintf.o)
 .rodata.str1.4
                0x200080d8       0x42 c:/program files (x86)/microsemi/softconsole v3.3/sourcery-g++/bin/../lib/gcc/arm-none-eabi/4.4.1/../../../../arm-none-eabi/lib/thumb2\libc.a(lib_a-vfprintf.o)
                                 0x44 (size before relaxing)
 *fill*         0x2000811a        0x2 00
 .rodata.str1.4
                0x2000811c       0x10 c:/program files (x86)/microsemi/softconsole v3.3/sourcery-g++/bin/../lib/gcc/arm-none-eabi/4.4.1/../../../../arm-none-eabi/lib/thumb2\libc.a(lib_a-dtoa.o)
                                 0x14 (size before relaxing)
 .rodata        0x2000812c       0x60 c:/program files (x86)/microsemi/softconsole v3.3/sourcery-g++/bin/../lib/gcc/arm-none-eabi/4.4.1/../../../../arm-none-eabi/lib/thumb2\libc.a(lib_a-findfp.o)
                0x2000812c                __sf_fake_stdin
                0x2000814c                __sf_fake_stdout
                0x2000816c                __sf_fake_stderr
 .rodata        0x2000818c       0x34 c:/program files (x86)/microsemi/softconsole v3.3/sourcery-g++/bin/../lib/gcc/arm-none-eabi/4.4.1/../../../../arm-none-eabi/lib/thumb2\libc.a(lib_a-locale.o)
 .rodata.str1.4
                0x200081c0       0x10 c:/program files (x86)/microsemi/softconsole v3.3/sourcery-g++/bin/../lib/gcc/arm-none-eabi/4.4.1/../../../../arm-none-eabi/lib/thumb2\libc.a(lib_a-locale.o)
                                 0x18 (size before relaxing)
 .rodata        0x200081d0      0x128 c:/program files (x86)/microsemi/softconsole v3.3/sourcery-g++/bin/../lib/gcc/arm-none-eabi/4.4.1/../../../../arm-none-eabi/lib/thumb2\libc.a(lib_a-mprec.o)
                0x200081d0                __mprec_tens
                0x200082a8                __mprec_bigtens
                0x200082d0                __mprec_tinytens
 *(.ARM.extab* .gnu.linkonce.armextab.*)
 *(.gcc_except_table)
 *(.eh_frame_hdr)
 *(.eh_frame)
 *(.init)
 .init          0x200082f8        0x4 c:/program files (x86)/microsemi/softconsole v3.3/sourcery-g++/bin/../lib/gcc/arm-none-eabi/4.4.1/thumb2/crti.o
                0x200082f8                _init
 .init          0x200082fc        0x8 c:/program files (x86)/microsemi/softconsole v3.3/sourcery-g++/bin/../lib/gcc/arm-none-eabi/4.4.1/thumb2/crtn.o
 *(.fini)
 .fini          0x20008304        0x4 c:/program files (x86)/microsemi/softconsole v3.3/sourcery-g++/bin/../lib/gcc/arm-none-eabi/4.4.1/thumb2/crti.o
                0x20008304                _fini
 .fini          0x20008308        0x8 c:/program files (x86)/microsemi/softconsole v3.3/sourcery-g++/bin/../lib/gcc/arm-none-eabi/4.4.1/thumb2/crtn.o
                0x20008310                PROVIDE (__preinit_array_start, .)
 *(.preinit_array)
                0x20008310                PROVIDE (__preinit_array_end, .)
                0x20008310                PROVIDE (__init_array_start, .)
 *(SORT(.init_array.*))
 *(.init_array)
 .init_array    0x20008310        0x4 c:/program files (x86)/microsemi/softconsole v3.3/sourcery-g++/bin/../lib/gcc/arm-none-eabi/4.4.1/thumb2/crtbegin.o
                0x20008314                PROVIDE (__init_array_end, .)
                0x20008314                PROVIDE (__fini_array_start, .)
 *(.fini_array)
 .fini_array    0x20008314        0x4 c:/program files (x86)/microsemi/softconsole v3.3/sourcery-g++/bin/../lib/gcc/arm-none-eabi/4.4.1/thumb2/crtbegin.o
 *(SORT(.fini_array.*))
                0x20008318                PROVIDE (__fini_array_end, .)
                0x20008318                __exidx_start = .

.v4_bx          0x20008318        0x0
 .v4_bx         0x00000000        0x0 linker stubs

.ARM.exidx      0x20008318        0x8
 *(.ARM.exidx* .gnu.linkonce.armexidx.*)
 .ARM.exidx     0x20008318        0x8 c:/program files (x86)/microsemi/softconsole v3.3/sourcery-g++/bin/../lib/gcc/arm-none-eabi/4.4.1/thumb2\libgcc.a(_divdi3.o)
 .ARM.exidx     0x20008320        0x0 c:/program files (x86)/microsemi/softconsole v3.3/sourcery-g++/bin/../lib/gcc/arm-none-eabi/4.4.1/thumb2\libgcc.a(_udivdi3.o)
                                  0x8 (size before relaxing)
                0x20008320                __exidx_end = .
                0x20008320                _etext = .
                0x20008320                PROVIDE (__text_end, .)

.data           0x20008320      0x524
                0x20008320                __data_load = LOADADDR (.data)
                0x20008320                _sidata = LOADADDR (.data)
                0x20008320                __data_start = .
                0x20008320                _sdata = .
 *(.jcr)
 .jcr           0x20008320        0x0 c:/program files (x86)/microsemi/softconsole v3.3/sourcery-g++/bin/../lib/gcc/arm-none-eabi/4.4.1/thumb2/crtbegin.o
 .jcr           0x20008320        0x4 c:/program files (x86)/microsemi/softconsole v3.3/sourcery-g++/bin/../lib/gcc/arm-none-eabi/4.4.1/thumb2/crtend.o
 *(.got.plt)
 *(.got)
 *(.shdata)
 *(.data .data.* .gnu.linkonce.d.*)
 .data.this_address
                0x20008324        0x1 ./lora.o
                0x20008324                this_address
 .data.interrupt_handled
                0x20008325        0x1 ./nfc.o
                0x20008325                interrupt_handled
 *fill*         0x20008326        0x2 00
 .data.g_FrequencyACE
                0x20008328        0x4 N:\Git\locknet373\smartfusion\lockNET_SF\SoftConsole\lockNET_SF_MSS_MSS_CM3_0\lockNET_SF_MSS_MSS_CM3_0_hw_platform\Debug\liblockNET_SF_MSS_MSS_CM3_0_hw_platform.a(system_a2fxxxm3.o)
                0x20008328                g_FrequencyACE
 .data.g_FrequencyFPGA
                0x2000832c        0x4 N:\Git\locknet373\smartfusion\lockNET_SF\SoftConsole\lockNET_SF_MSS_MSS_CM3_0\lockNET_SF_MSS_MSS_CM3_0_hw_platform\Debug\liblockNET_SF_MSS_MSS_CM3_0_hw_platform.a(system_a2fxxxm3.o)
                0x2000832c                g_FrequencyFPGA
 .data.g_FrequencyPCLK0
                0x20008330        0x4 N:\Git\locknet373\smartfusion\lockNET_SF\SoftConsole\lockNET_SF_MSS_MSS_CM3_0\lockNET_SF_MSS_MSS_CM3_0_hw_platform\Debug\liblockNET_SF_MSS_MSS_CM3_0_hw_platform.a(system_a2fxxxm3.o)
                0x20008330                g_FrequencyPCLK0
 .data.g_FrequencyPCLK1
                0x20008334        0x4 N:\Git\locknet373\smartfusion\lockNET_SF\SoftConsole\lockNET_SF_MSS_MSS_CM3_0\lockNET_SF_MSS_MSS_CM3_0_hw_platform\Debug\liblockNET_SF_MSS_MSS_CM3_0_hw_platform.a(system_a2fxxxm3.o)
                0x20008334                g_FrequencyPCLK1
 .data.SystemCoreClock
                0x20008338        0x4 N:\Git\locknet373\smartfusion\lockNET_SF\SoftConsole\lockNET_SF_MSS_MSS_CM3_0\lockNET_SF_MSS_MSS_CM3_0_hw_platform\Debug\liblockNET_SF_MSS_MSS_CM3_0_hw_platform.a(system_a2fxxxm3.o)
                0x20008338                SystemCoreClock
 .data.SystemFrequency
                0x2000833c        0x4 N:\Git\locknet373\smartfusion\lockNET_SF\SoftConsole\lockNET_SF_MSS_MSS_CM3_0\lockNET_SF_MSS_MSS_CM3_0_hw_platform\Debug\liblockNET_SF_MSS_MSS_CM3_0_hw_platform.a(system_a2fxxxm3.o)
                0x2000833c                SystemFrequency
 .data          0x20008340       0xf4 c:/program files (x86)/microsemi/softconsole v3.3/sourcery-g++/bin/../lib/gcc/arm-none-eabi/4.4.1/../../../../arm-none-eabi/lib/thumb2\libc.a(lib_a-impure.o)
                0x20008340                _impure_ptr
 .data          0x20008434      0x410 c:/program files (x86)/microsemi/softconsole v3.3/sourcery-g++/bin/../lib/gcc/arm-none-eabi/4.4.1/../../../../arm-none-eabi/lib/thumb2\libc.a(lib_a-mallocr.o)
                0x20008434                __malloc_av_
                0x2000883c                __malloc_sbrk_base
                0x20008840                __malloc_trim_threshold
                0x20008844                . = ALIGN (0x4)
                0x20008844                _edata = .

.bss            0x20008844      0x39c
                0x20008844                __bss_start__ = .
                0x20008844                _sbss = .
 *(.shbss)
 *(.bss .bss.* .gnu.linkonce.b.*)
 .bss           0x20008844        0x1 c:/program files (x86)/microsemi/softconsole v3.3/sourcery-g++/bin/../lib/gcc/arm-none-eabi/4.4.1/thumb2/crtbegin.o
 .bss.promiscuous
                0x20008845        0x1 ./lora.o
                0x20008845                promiscuous
 .bss.RSA_result_ready
                0x20008846        0x1 ./main.o
                0x20008846                RSA_result_ready
 .bss.last_was_ack
                0x20008847        0x1 ./main.o
                0x20008847                last_was_ack
 .bss.g_stdio_uart_init_done
                0x20008848        0x4 N:/Git/locknet373/smartfusion/lockNET_SF/SoftConsole/lockNET_SF_MSS_MSS_CM3_0/lockNET_SF_MSS_MSS_CM3_0_hw_platform/Debug/CMSIS/startup_gcc/newlib_stubs.o
 .bss.heap_end.3583
                0x2000884c        0x4 N:/Git/locknet373/smartfusion/lockNET_SF/SoftConsole/lockNET_SF_MSS_MSS_CM3_0/lockNET_SF_MSS_MSS_CM3_0_hw_platform/Debug/CMSIS/startup_gcc/newlib_stubs.o
 .bss           0x20008850       0x34 c:/program files (x86)/microsemi/softconsole v3.3/sourcery-g++/bin/../lib/gcc/arm-none-eabi/4.4.1/../../../../arm-none-eabi/lib/thumb2\libc.a(lib_a-mallocr.o)
                0x20008850                __malloc_top_pad
                0x20008854                __malloc_current_mallinfo
                0x2000887c                __malloc_max_sbrked_mem
                0x20008880                __malloc_max_total_mem
 *(COMMON)
 COMMON         0x20008884      0x116 ./lora.o
                0x20008884                last_rssi
                0x20008886                rx_good
                0x20008888                mode
                0x20008889                rx_header_from
                0x2000888a                rx_header_flags
                0x2000888b                cad
                0x2000888c                rx_buf_valid
                0x2000888d                buf_len
                0x2000888e                tx_good
                0x20008890                buf
                0x20008990                rx_bad
                0x20008994                cad_timeout
                0x20008998                rx_header_id
                0x20008999                rx_header_to
 *fill*         0x2000899a        0x2 00
 COMMON         0x2000899c       0x50 N:\Git\locknet373\smartfusion\lockNET_SF\SoftConsole\lockNET_SF_MSS_MSS_CM3_0\lockNET_SF_MSS_MSS_CM3_0_hw_platform\Debug\liblockNET_SF_MSS_MSS_CM3_0_hw_platform.a(mss_uart.o)
                0x2000899c                g_mss_uart1
                0x200089c4                g_mss_uart0
 COMMON         0x200089ec      0x108 N:\Git\locknet373\smartfusion\lockNET_SF\SoftConsole\lockNET_SF_MSS_MSS_CM3_0\lockNET_SF_MSS_MSS_CM3_0_hw_platform\Debug\liblockNET_SF_MSS_MSS_CM3_0_hw_platform.a(mss_spi.o)
                0x200089ec                g_mss_spi1
                0x20008a70                g_mss_spi0
 COMMON         0x20008af4       0xe8 N:\Git\locknet373\smartfusion\lockNET_SF\SoftConsole\lockNET_SF_MSS_MSS_CM3_0\lockNET_SF_MSS_MSS_CM3_0_hw_platform\Debug\liblockNET_SF_MSS_MSS_CM3_0_hw_platform.a(mss_i2c.o)
                0x20008af4                g_mss_i2c0
                0x20008b68                g_mss_i2c1
 COMMON         0x20008bdc        0x4 c:/program files (x86)/microsemi/softconsole v3.3/sourcery-g++/bin/../lib/gcc/arm-none-eabi/4.4.1/../../../../arm-none-eabi/lib/thumb2\libc.a(lib_a-reent.o)
                0x20008bdc                errno
                0x20008be0                . = ALIGN (0x8)
                0x20008be0                __bss_end__ = .
                0x20008be0                _end = .
                0x20008be0                __end = _end
                0x20008be0                _ebss = .
                0x20008be0                PROVIDE (end, .)

.stack          0x20008be0     0x3000
                0x20008be0                . = ALIGN (0x4)
                0x20009be0                . = (. + PROCESS_STACK_SIZE)
 *fill*         0x20008be0     0x1000 00
                0x20009be0                . = ALIGN (0x4)
                0x2000bbe0                . = (. + MAIN_STACK_SIZE)
 *fill*         0x20009be0     0x2000 00
                0x2000bbe0                . = ALIGN (0x4)

.stab
 *(.stab)

.stabstr
 *(.stabstr)

.debug
 *(.debug)

.line
 *(.line)

.debug_srcinfo
 *(.debug_srcinfo)

.debug_sfnames
 *(.debug_sfnames)

.comment        0x00000000      0x35c
 .comment       0x00000000       0x2b ./contact_switch.o
 .comment       0x0000002b       0x2b ./door_state_machine.o
 .comment       0x00000056       0x2b ./fp_sensor.o
 .comment       0x00000081       0x2b ./lora.o
 .comment       0x000000ac       0x2b ./lora_client_ex.o
 .comment       0x000000d7       0x2b ./lora_server_ex.o
 .comment       0x00000102       0x2b ./main.o
 .comment       0x0000012d       0x2b ./neopixel.o
 .comment       0x00000158       0x2b ./neopixel_test.o
 .comment       0x00000183       0x2b ./nfc.o
 .comment       0x000001ae       0x2b ./rsa.o
 .comment       0x000001d9       0x2b ./servo.o
 .comment       0x00000204       0x2b ./togateway.o
 .comment       0x0000022f       0x2b N:/Git/locknet373/smartfusion/lockNET_SF/SoftConsole/lockNET_SF_MSS_MSS_CM3_0/lockNET_SF_MSS_MSS_CM3_0_hw_platform/Debug/CMSIS/startup_gcc/newlib_stubs.o
 .comment       0x0000025a       0x2b N:\Git\locknet373\smartfusion\lockNET_SF\SoftConsole\lockNET_SF_MSS_MSS_CM3_0\lockNET_SF_MSS_MSS_CM3_0_hw_platform\Debug\liblockNET_SF_MSS_MSS_CM3_0_hw_platform.a(mss_uart.o)
 .comment       0x00000285       0x2b N:\Git\locknet373\smartfusion\lockNET_SF\SoftConsole\lockNET_SF_MSS_MSS_CM3_0\lockNET_SF_MSS_MSS_CM3_0_hw_platform\Debug\liblockNET_SF_MSS_MSS_CM3_0_hw_platform.a(mss_spi.o)
 .comment       0x000002b0       0x2b N:\Git\locknet373\smartfusion\lockNET_SF\SoftConsole\lockNET_SF_MSS_MSS_CM3_0\lockNET_SF_MSS_MSS_CM3_0_hw_platform\Debug\liblockNET_SF_MSS_MSS_CM3_0_hw_platform.a(mss_i2c.o)
 .comment       0x000002db       0x2b N:\Git\locknet373\smartfusion\lockNET_SF\SoftConsole\lockNET_SF_MSS_MSS_CM3_0\lockNET_SF_MSS_MSS_CM3_0_hw_platform\Debug\liblockNET_SF_MSS_MSS_CM3_0_hw_platform.a(mss_gpio.o)
 .comment       0x00000306       0x2b N:\Git\locknet373\smartfusion\lockNET_SF\SoftConsole\lockNET_SF_MSS_MSS_CM3_0\lockNET_SF_MSS_MSS_CM3_0_hw_platform\Debug\liblockNET_SF_MSS_MSS_CM3_0_hw_platform.a(core_cm3.o)
 .comment       0x00000331       0x2b N:\Git\locknet373\smartfusion\lockNET_SF\SoftConsole\lockNET_SF_MSS_MSS_CM3_0\lockNET_SF_MSS_MSS_CM3_0_hw_platform\Debug\liblockNET_SF_MSS_MSS_CM3_0_hw_platform.a(system_a2fxxxm3.o)

.debug_aranges  0x00000000      0x898
 *(.debug_aranges)
 .debug_aranges
                0x00000000       0x28 ./contact_switch.o
 .debug_aranges
                0x00000028      0x100 ./fp_sensor.o
 .debug_aranges
                0x00000128       0xf8 ./lora.o
 .debug_aranges
                0x00000220       0x28 ./lora_client_ex.o
 .debug_aranges
                0x00000248       0x28 ./lora_server_ex.o
 .debug_aranges
                0x00000270       0x38 ./main.o
 .debug_aranges
                0x000002a8       0x48 ./neopixel.o
 .debug_aranges
                0x000002f0       0x20 ./neopixel_test.o
 .debug_aranges
                0x00000310       0x68 ./nfc.o
 .debug_aranges
                0x00000378       0x40 ./rsa.o
 .debug_aranges
                0x000003b8       0x38 ./servo.o
 .debug_aranges
                0x000003f0       0x28 ./togateway.o
 .debug_aranges
                0x00000418       0xa8 N:/Git/locknet373/smartfusion/lockNET_SF/SoftConsole/lockNET_SF_MSS_MSS_CM3_0/lockNET_SF_MSS_MSS_CM3_0_hw_platform/Debug/CMSIS/startup_gcc/newlib_stubs.o
 .debug_aranges
                0x000004c0       0xc0 N:\Git\locknet373\smartfusion\lockNET_SF\SoftConsole\lockNET_SF_MSS_MSS_CM3_0\lockNET_SF_MSS_MSS_CM3_0_hw_platform\Debug\liblockNET_SF_MSS_MSS_CM3_0_hw_platform.a(mss_uart.o)
 .debug_aranges
                0x00000580       0xc8 N:\Git\locknet373\smartfusion\lockNET_SF\SoftConsole\lockNET_SF_MSS_MSS_CM3_0\lockNET_SF_MSS_MSS_CM3_0_hw_platform\Debug\liblockNET_SF_MSS_MSS_CM3_0_hw_platform.a(mss_spi.o)
 .debug_aranges
                0x00000648      0x110 N:\Git\locknet373\smartfusion\lockNET_SF\SoftConsole\lockNET_SF_MSS_MSS_CM3_0\lockNET_SF_MSS_MSS_CM3_0_hw_platform\Debug\liblockNET_SF_MSS_MSS_CM3_0_hw_platform.a(mss_i2c.o)
 .debug_aranges
                0x00000758       0x50 N:\Git\locknet373\smartfusion\lockNET_SF\SoftConsole\lockNET_SF_MSS_MSS_CM3_0\lockNET_SF_MSS_MSS_CM3_0_hw_platform\Debug\liblockNET_SF_MSS_MSS_CM3_0_hw_platform.a(mss_gpio.o)
 .debug_aranges
                0x000007a8       0xc8 N:\Git\locknet373\smartfusion\lockNET_SF\SoftConsole\lockNET_SF_MSS_MSS_CM3_0\lockNET_SF_MSS_MSS_CM3_0_hw_platform\Debug\liblockNET_SF_MSS_MSS_CM3_0_hw_platform.a(core_cm3.o)
 .debug_aranges
                0x00000870       0x28 N:\Git\locknet373\smartfusion\lockNET_SF\SoftConsole\lockNET_SF_MSS_MSS_CM3_0\lockNET_SF_MSS_MSS_CM3_0_hw_platform\Debug\liblockNET_SF_MSS_MSS_CM3_0_hw_platform.a(system_a2fxxxm3.o)

.debug_pubnames
                0x00000000     0x158e
 *(.debug_pubnames)
 .debug_pubnames
                0x00000000       0x35 ./contact_switch.o
 .debug_pubnames
                0x00000035       0x1c ./door_state_machine.o
 .debug_pubnames
                0x00000051      0x26f ./fp_sensor.o
 .debug_pubnames
                0x000002c0      0x3d8 ./lora.o
 .debug_pubnames
                0x00000698       0x43 ./lora_client_ex.o
 .debug_pubnames
                0x000006db       0x43 ./lora_server_ex.o
 .debug_pubnames
                0x0000071e       0x81 ./main.o
 .debug_pubnames
                0x0000079f       0x7c ./neopixel.o
 .debug_pubnames
                0x0000081b       0x1e ./neopixel_test.o
 .debug_pubnames
                0x00000839      0x186 ./nfc.o
 .debug_pubnames
                0x000009bf       0x5d ./rsa.o
 .debug_pubnames
                0x00000a1c       0x55 ./servo.o
 .debug_pubnames
                0x00000a71       0x53 ./togateway.o
 .debug_pubnames
                0x00000ac4       0xeb N:/Git/locknet373/smartfusion/lockNET_SF/SoftConsole/lockNET_SF_MSS_MSS_CM3_0/lockNET_SF_MSS_MSS_CM3_0_hw_platform/Debug/CMSIS/startup_gcc/newlib_stubs.o
 .debug_pubnames
                0x00000baf      0x21c N:\Git\locknet373\smartfusion\lockNET_SF\SoftConsole\lockNET_SF_MSS_MSS_CM3_0\lockNET_SF_MSS_MSS_CM3_0_hw_platform\Debug\liblockNET_SF_MSS_MSS_CM3_0_hw_platform.a(mss_uart.o)
 .debug_pubnames
                0x00000dcb      0x21a N:\Git\locknet373\smartfusion\lockNET_SF\SoftConsole\lockNET_SF_MSS_MSS_CM3_0\lockNET_SF_MSS_MSS_CM3_0_hw_platform\Debug\liblockNET_SF_MSS_MSS_CM3_0_hw_platform.a(mss_spi.o)
 .debug_pubnames
                0x00000fe5      0x2eb N:\Git\locknet373\smartfusion\lockNET_SF\SoftConsole\lockNET_SF_MSS_MSS_CM3_0\lockNET_SF_MSS_MSS_CM3_0_hw_platform\Debug\liblockNET_SF_MSS_MSS_CM3_0_hw_platform.a(mss_i2c.o)
 .debug_pubnames
                0x000012d0       0xb1 N:\Git\locknet373\smartfusion\lockNET_SF\SoftConsole\lockNET_SF_MSS_MSS_CM3_0\lockNET_SF_MSS_MSS_CM3_0_hw_platform\Debug\liblockNET_SF_MSS_MSS_CM3_0_hw_platform.a(mss_gpio.o)
 .debug_pubnames
                0x00001381      0x159 N:\Git\locknet373\smartfusion\lockNET_SF\SoftConsole\lockNET_SF_MSS_MSS_CM3_0\lockNET_SF_MSS_MSS_CM3_0_hw_platform\Debug\liblockNET_SF_MSS_MSS_CM3_0_hw_platform.a(core_cm3.o)
 .debug_pubnames
                0x000014da       0xb4 N:\Git\locknet373\smartfusion\lockNET_SF\SoftConsole\lockNET_SF_MSS_MSS_CM3_0\lockNET_SF_MSS_MSS_CM3_0_hw_platform\Debug\liblockNET_SF_MSS_MSS_CM3_0_hw_platform.a(system_a2fxxxm3.o)

.debug_info     0x00000000     0xb859
 *(.debug_info .gnu.linkonce.wi.*)
 .debug_info    0x00000000      0x3ee ./contact_switch.o
 .debug_info    0x000003ee       0x98 ./door_state_machine.o
 .debug_info    0x00000486     0x1052 ./fp_sensor.o
 .debug_info    0x000014d8     0x10b7 ./lora.o
 .debug_info    0x0000258f      0x11f ./lora_client_ex.o
 .debug_info    0x000026ae      0x136 ./lora_server_ex.o
 .debug_info    0x000027e4      0x789 ./main.o
 .debug_info    0x00002f6d      0x16c ./neopixel.o
 .debug_info    0x000030d9       0xa0 ./neopixel_test.o
 .debug_info    0x00003179      0xf47 ./nfc.o
 .debug_info    0x000040c0      0x1a9 ./rsa.o
 .debug_info    0x00004269       0xcf ./servo.o
 .debug_info    0x00004338      0x11f ./togateway.o
 .debug_info    0x00004457     0x10eb N:/Git/locknet373/smartfusion/lockNET_SF/SoftConsole/lockNET_SF_MSS_MSS_CM3_0/lockNET_SF_MSS_MSS_CM3_0_hw_platform/Debug/CMSIS/startup_gcc/newlib_stubs.o
 .debug_info    0x00005542     0x1740 N:\Git\locknet373\smartfusion\lockNET_SF\SoftConsole\lockNET_SF_MSS_MSS_CM3_0\lockNET_SF_MSS_MSS_CM3_0_hw_platform\Debug\liblockNET_SF_MSS_MSS_CM3_0_hw_platform.a(mss_uart.o)
 .debug_info    0x00006c82     0x16fe N:\Git\locknet373\smartfusion\lockNET_SF\SoftConsole\lockNET_SF_MSS_MSS_CM3_0\lockNET_SF_MSS_MSS_CM3_0_hw_platform\Debug\liblockNET_SF_MSS_MSS_CM3_0_hw_platform.a(mss_spi.o)
 .debug_info    0x00008380     0x190b N:\Git\locknet373\smartfusion\lockNET_SF\SoftConsole\lockNET_SF_MSS_MSS_CM3_0\lockNET_SF_MSS_MSS_CM3_0_hw_platform\Debug\liblockNET_SF_MSS_MSS_CM3_0_hw_platform.a(mss_i2c.o)
 .debug_info    0x00009c8b     0x1124 N:\Git\locknet373\smartfusion\lockNET_SF\SoftConsole\lockNET_SF_MSS_MSS_CM3_0\lockNET_SF_MSS_MSS_CM3_0_hw_platform\Debug\liblockNET_SF_MSS_MSS_CM3_0_hw_platform.a(mss_gpio.o)
 .debug_info    0x0000adaf      0x535 N:\Git\locknet373\smartfusion\lockNET_SF\SoftConsole\lockNET_SF_MSS_MSS_CM3_0\lockNET_SF_MSS_MSS_CM3_0_hw_platform\Debug\liblockNET_SF_MSS_MSS_CM3_0_hw_platform.a(core_cm3.o)
 .debug_info    0x0000b2e4      0x575 N:\Git\locknet373\smartfusion\lockNET_SF\SoftConsole\lockNET_SF_MSS_MSS_CM3_0\lockNET_SF_MSS_MSS_CM3_0_hw_platform\Debug\liblockNET_SF_MSS_MSS_CM3_0_hw_platform.a(system_a2fxxxm3.o)

.debug_abbrev   0x00000000     0x1d87
 *(.debug_abbrev)
 .debug_abbrev  0x00000000       0xf4 ./contact_switch.o
 .debug_abbrev  0x000000f4       0x5a ./door_state_machine.o
 .debug_abbrev  0x0000014e      0x1fa ./fp_sensor.o
 .debug_abbrev  0x00000348      0x2b3 ./lora.o
 .debug_abbrev  0x000005fb       0xc5 ./lora_client_ex.o
 .debug_abbrev  0x000006c0       0xce ./lora_server_ex.o
 .debug_abbrev  0x0000078e      0x151 ./main.o
 .debug_abbrev  0x000008df       0xdb ./neopixel.o
 .debug_abbrev  0x000009ba       0x59 ./neopixel_test.o
 .debug_abbrev  0x00000a13      0x217 ./nfc.o
 .debug_abbrev  0x00000c2a      0x113 ./rsa.o
 .debug_abbrev  0x00000d3d       0x67 ./servo.o
 .debug_abbrev  0x00000da4       0xc5 ./togateway.o
 .debug_abbrev  0x00000e69      0x251 N:/Git/locknet373/smartfusion/lockNET_SF/SoftConsole/lockNET_SF_MSS_MSS_CM3_0/lockNET_SF_MSS_MSS_CM3_0_hw_platform/Debug/CMSIS/startup_gcc/newlib_stubs.o
 .debug_abbrev  0x000010ba      0x306 N:\Git\locknet373\smartfusion\lockNET_SF\SoftConsole\lockNET_SF_MSS_MSS_CM3_0\lockNET_SF_MSS_MSS_CM3_0_hw_platform\Debug\liblockNET_SF_MSS_MSS_CM3_0_hw_platform.a(mss_uart.o)
 .debug_abbrev  0x000013c0      0x2e3 N:\Git\locknet373\smartfusion\lockNET_SF\SoftConsole\lockNET_SF_MSS_MSS_CM3_0\lockNET_SF_MSS_MSS_CM3_0_hw_platform\Debug\liblockNET_SF_MSS_MSS_CM3_0_hw_platform.a(mss_spi.o)
 .debug_abbrev  0x000016a3      0x2da N:\Git\locknet373\smartfusion\lockNET_SF\SoftConsole\lockNET_SF_MSS_MSS_CM3_0\lockNET_SF_MSS_MSS_CM3_0_hw_platform\Debug\liblockNET_SF_MSS_MSS_CM3_0_hw_platform.a(mss_i2c.o)
 .debug_abbrev  0x0000197d      0x1f1 N:\Git\locknet373\smartfusion\lockNET_SF\SoftConsole\lockNET_SF_MSS_MSS_CM3_0\lockNET_SF_MSS_MSS_CM3_0_hw_platform\Debug\liblockNET_SF_MSS_MSS_CM3_0_hw_platform.a(mss_gpio.o)
 .debug_abbrev  0x00001b6e       0xc5 N:\Git\locknet373\smartfusion\lockNET_SF\SoftConsole\lockNET_SF_MSS_MSS_CM3_0\lockNET_SF_MSS_MSS_CM3_0_hw_platform\Debug\liblockNET_SF_MSS_MSS_CM3_0_hw_platform.a(core_cm3.o)
 .debug_abbrev  0x00001c33      0x154 N:\Git\locknet373\smartfusion\lockNET_SF\SoftConsole\lockNET_SF_MSS_MSS_CM3_0\lockNET_SF_MSS_MSS_CM3_0_hw_platform\Debug\liblockNET_SF_MSS_MSS_CM3_0_hw_platform.a(system_a2fxxxm3.o)

.debug_line     0x00000000     0x5ef3
 *(.debug_line)
 .debug_line    0x00000000      0x259 ./contact_switch.o
 .debug_line    0x00000259       0xc8 ./door_state_machine.o
 .debug_line    0x00000321      0x4e3 ./fp_sensor.o
 .debug_line    0x00000804      0x947 ./lora.o
 .debug_line    0x0000114b      0x71d ./lora_client_ex.o
 .debug_line    0x00001868      0x71e ./lora_server_ex.o
 .debug_line    0x00001f86      0x71f ./main.o
 .debug_line    0x000026a5      0x137 ./neopixel.o
 .debug_line    0x000027dc      0x33d ./neopixel_test.o
 .debug_line    0x00002b19      0x69c ./nfc.o
 .debug_line    0x000031b5      0x130 ./rsa.o
 .debug_line    0x000032e5      0x10a ./servo.o
 .debug_line    0x000033ef      0x73d ./togateway.o
 .debug_line    0x00003b2c      0x547 N:/Git/locknet373/smartfusion/lockNET_SF/SoftConsole/lockNET_SF_MSS_MSS_CM3_0/lockNET_SF_MSS_MSS_CM3_0_hw_platform/Debug/CMSIS/startup_gcc/newlib_stubs.o
 .debug_line    0x00004073      0x619 N:\Git\locknet373\smartfusion\lockNET_SF\SoftConsole\lockNET_SF_MSS_MSS_CM3_0\lockNET_SF_MSS_MSS_CM3_0_hw_platform\Debug\liblockNET_SF_MSS_MSS_CM3_0_hw_platform.a(mss_uart.o)
 .debug_line    0x0000468c      0x85e N:\Git\locknet373\smartfusion\lockNET_SF\SoftConsole\lockNET_SF_MSS_MSS_CM3_0\lockNET_SF_MSS_MSS_CM3_0_hw_platform\Debug\liblockNET_SF_MSS_MSS_CM3_0_hw_platform.a(mss_spi.o)
 .debug_line    0x00004eea      0x7c9 N:\Git\locknet373\smartfusion\lockNET_SF\SoftConsole\lockNET_SF_MSS_MSS_CM3_0\lockNET_SF_MSS_MSS_CM3_0_hw_platform\Debug\liblockNET_SF_MSS_MSS_CM3_0_hw_platform.a(mss_i2c.o)
 .debug_line    0x000056b3      0x348 N:\Git\locknet373\smartfusion\lockNET_SF\SoftConsole\lockNET_SF_MSS_MSS_CM3_0\lockNET_SF_MSS_MSS_CM3_0_hw_platform\Debug\liblockNET_SF_MSS_MSS_CM3_0_hw_platform.a(mss_gpio.o)
 .debug_line    0x000059fb      0x258 N:\Git\locknet373\smartfusion\lockNET_SF\SoftConsole\lockNET_SF_MSS_MSS_CM3_0\lockNET_SF_MSS_MSS_CM3_0_hw_platform\Debug\liblockNET_SF_MSS_MSS_CM3_0_hw_platform.a(core_cm3.o)
 .debug_line    0x00005c53      0x2a0 N:\Git\locknet373\smartfusion\lockNET_SF\SoftConsole\lockNET_SF_MSS_MSS_CM3_0\lockNET_SF_MSS_MSS_CM3_0_hw_platform\Debug\liblockNET_SF_MSS_MSS_CM3_0_hw_platform.a(system_a2fxxxm3.o)

.debug_frame    0x00000000     0x20b0
 *(.debug_frame)
 .debug_frame   0x00000000       0x38 ./contact_switch.o
 .debug_frame   0x00000038      0x2f8 ./fp_sensor.o
 .debug_frame   0x00000330      0x29c ./lora.o
 .debug_frame   0x000005cc       0x44 ./lora_client_ex.o
 .debug_frame   0x00000610       0x44 ./lora_server_ex.o
 .debug_frame   0x00000654       0x7c ./main.o
 .debug_frame   0x000006d0       0x70 ./neopixel.o
 .debug_frame   0x00000740       0x28 ./neopixel_test.o
 .debug_frame   0x00000768      0x120 ./nfc.o
 .debug_frame   0x00000888       0x88 ./rsa.o
 .debug_frame   0x00000910       0x50 ./servo.o
 .debug_frame   0x00000960       0x44 ./togateway.o
 .debug_frame   0x000009a4      0x174 N:/Git/locknet373/smartfusion/lockNET_SF/SoftConsole/lockNET_SF_MSS_MSS_CM3_0/lockNET_SF_MSS_MSS_CM3_0_hw_platform/Debug/CMSIS/startup_gcc/newlib_stubs.o
 .debug_frame   0x00000b18      0x1f0 N:\Git\locknet373\smartfusion\lockNET_SF\SoftConsole\lockNET_SF_MSS_MSS_CM3_0\lockNET_SF_MSS_MSS_CM3_0_hw_platform\Debug\liblockNET_SF_MSS_MSS_CM3_0_hw_platform.a(mss_uart.o)
 .debug_frame   0x00000d08      0x270 N:\Git\locknet373\smartfusion\lockNET_SF\SoftConsole\lockNET_SF_MSS_MSS_CM3_0\lockNET_SF_MSS_MSS_CM3_0_hw_platform\Debug\liblockNET_SF_MSS_MSS_CM3_0_hw_platform.a(mss_spi.o)
 .debug_frame   0x00000f78      0x2bc N:\Git\locknet373\smartfusion\lockNET_SF\SoftConsole\lockNET_SF_MSS_MSS_CM3_0\lockNET_SF_MSS_MSS_CM3_0_hw_platform\Debug\liblockNET_SF_MSS_MSS_CM3_0_hw_platform.a(mss_i2c.o)
 .debug_frame   0x00001234       0x88 N:\Git\locknet373\smartfusion\lockNET_SF\SoftConsole\lockNET_SF_MSS_MSS_CM3_0\lockNET_SF_MSS_MSS_CM3_0_hw_platform\Debug\liblockNET_SF_MSS_MSS_CM3_0_hw_platform.a(mss_gpio.o)
 .debug_frame   0x000012bc      0x170 N:\Git\locknet373\smartfusion\lockNET_SF\SoftConsole\lockNET_SF_MSS_MSS_CM3_0\lockNET_SF_MSS_MSS_CM3_0_hw_platform\Debug\liblockNET_SF_MSS_MSS_CM3_0_hw_platform.a(core_cm3.o)
 .debug_frame   0x0000142c       0x3c N:\Git\locknet373\smartfusion\lockNET_SF\SoftConsole\lockNET_SF_MSS_MSS_CM3_0\lockNET_SF_MSS_MSS_CM3_0_hw_platform\Debug\liblockNET_SF_MSS_MSS_CM3_0_hw_platform.a(system_a2fxxxm3.o)
 .debug_frame   0x00001468       0x20 c:/program files (x86)/microsemi/softconsole v3.3/sourcery-g++/bin/../lib/gcc/arm-none-eabi/4.4.1/../../../../arm-none-eabi/lib/thumb2\libc.a(lib_a-errno.o)
 .debug_frame   0x00001488       0x2c c:/program files (x86)/microsemi/softconsole v3.3/sourcery-g++/bin/../lib/gcc/arm-none-eabi/4.4.1/../../../../arm-none-eabi/lib/thumb2\libc.a(lib_a-init.o)
 .debug_frame   0x000014b4       0x34 c:/program files (x86)/microsemi/softconsole v3.3/sourcery-g++/bin/../lib/gcc/arm-none-eabi/4.4.1/../../../../arm-none-eabi/lib/thumb2\libc.a(lib_a-memcpy.o)
 .debug_frame   0x000014e8       0x28 c:/program files (x86)/microsemi/softconsole v3.3/sourcery-g++/bin/../lib/gcc/arm-none-eabi/4.4.1/../../../../arm-none-eabi/lib/thumb2\libc.a(lib_a-memset.o)
 .debug_frame   0x00001510       0x5c c:/program files (x86)/microsemi/softconsole v3.3/sourcery-g++/bin/../lib/gcc/arm-none-eabi/4.4.1/../../../../arm-none-eabi/lib/thumb2\libc.a(lib_a-printf.o)
 .debug_frame   0x0000156c       0x40 c:/program files (x86)/microsemi/softconsole v3.3/sourcery-g++/bin/../lib/gcc/arm-none-eabi/4.4.1/../../../../arm-none-eabi/lib/thumb2\libc.a(lib_a-puts.o)
 .debug_frame   0x000015ac       0x20 c:/program files (x86)/microsemi/softconsole v3.3/sourcery-g++/bin/../lib/gcc/arm-none-eabi/4.4.1/../../../../arm-none-eabi/lib/thumb2\libc.a(lib_a-strlen.o)
 .debug_frame   0x000015cc       0x70 c:/program files (x86)/microsemi/softconsole v3.3/sourcery-g++/bin/../lib/gcc/arm-none-eabi/4.4.1/../../../../arm-none-eabi/lib/thumb2\libc.a(lib_a-vfprintf.o)
 .debug_frame   0x0000163c       0x2c c:/program files (x86)/microsemi/softconsole v3.3/sourcery-g++/bin/../lib/gcc/arm-none-eabi/4.4.1/../../../../arm-none-eabi/lib/thumb2\libc.a(lib_a-wsetup.o)
 .debug_frame   0x00001668       0x64 c:/program files (x86)/microsemi/softconsole v3.3/sourcery-g++/bin/../lib/gcc/arm-none-eabi/4.4.1/../../../../arm-none-eabi/lib/thumb2\libc.a(lib_a-dtoa.o)
 .debug_frame   0x000016cc       0x40 c:/program files (x86)/microsemi/softconsole v3.3/sourcery-g++/bin/../lib/gcc/arm-none-eabi/4.4.1/../../../../arm-none-eabi/lib/thumb2\libc.a(lib_a-fflush.o)
 .debug_frame   0x0000170c      0x11c c:/program files (x86)/microsemi/softconsole v3.3/sourcery-g++/bin/../lib/gcc/arm-none-eabi/4.4.1/../../../../arm-none-eabi/lib/thumb2\libc.a(lib_a-findfp.o)
 .debug_frame   0x00001828       0x50 c:/program files (x86)/microsemi/softconsole v3.3/sourcery-g++/bin/../lib/gcc/arm-none-eabi/4.4.1/../../../../arm-none-eabi/lib/thumb2\libc.a(lib_a-freer.o)
 .debug_frame   0x00001878       0x3c c:/program files (x86)/microsemi/softconsole v3.3/sourcery-g++/bin/../lib/gcc/arm-none-eabi/4.4.1/../../../../arm-none-eabi/lib/thumb2\libc.a(lib_a-fvwrite.o)
 .debug_frame   0x000018b4       0x54 c:/program files (x86)/microsemi/softconsole v3.3/sourcery-g++/bin/../lib/gcc/arm-none-eabi/4.4.1/../../../../arm-none-eabi/lib/thumb2\libc.a(lib_a-fwalk.o)
 .debug_frame   0x00001908       0x6c c:/program files (x86)/microsemi/softconsole v3.3/sourcery-g++/bin/../lib/gcc/arm-none-eabi/4.4.1/../../../../arm-none-eabi/lib/thumb2\libc.a(lib_a-locale.o)
 .debug_frame   0x00001974       0x34 c:/program files (x86)/microsemi/softconsole v3.3/sourcery-g++/bin/../lib/gcc/arm-none-eabi/4.4.1/../../../../arm-none-eabi/lib/thumb2\libc.a(lib_a-makebuf.o)
 .debug_frame   0x000019a8       0x30 c:/program files (x86)/microsemi/softconsole v3.3/sourcery-g++/bin/../lib/gcc/arm-none-eabi/4.4.1/../../../../arm-none-eabi/lib/thumb2\libc.a(lib_a-malloc.o)
 .debug_frame   0x000019d8       0x3c c:/program files (x86)/microsemi/softconsole v3.3/sourcery-g++/bin/../lib/gcc/arm-none-eabi/4.4.1/../../../../arm-none-eabi/lib/thumb2\libc.a(lib_a-mallocr.o)
 .debug_frame   0x00001a14       0x28 c:/program files (x86)/microsemi/softconsole v3.3/sourcery-g++/bin/../lib/gcc/arm-none-eabi/4.4.1/../../../../arm-none-eabi/lib/thumb2\libc.a(lib_a-memchr.o)
 .debug_frame   0x00001a3c       0x2c c:/program files (x86)/microsemi/softconsole v3.3/sourcery-g++/bin/../lib/gcc/arm-none-eabi/4.4.1/../../../../arm-none-eabi/lib/thumb2\libc.a(lib_a-memmove.o)
 .debug_frame   0x00001a68       0x30 c:/program files (x86)/microsemi/softconsole v3.3/sourcery-g++/bin/../lib/gcc/arm-none-eabi/4.4.1/../../../../arm-none-eabi/lib/thumb2\libc.a(lib_a-mlock.o)
 .debug_frame   0x00001a98      0x240 c:/program files (x86)/microsemi/softconsole v3.3/sourcery-g++/bin/../lib/gcc/arm-none-eabi/4.4.1/../../../../arm-none-eabi/lib/thumb2\libc.a(lib_a-mprec.o)
 .debug_frame   0x00001cd8       0x3c c:/program files (x86)/microsemi/softconsole v3.3/sourcery-g++/bin/../lib/gcc/arm-none-eabi/4.4.1/../../../../arm-none-eabi/lib/thumb2\libc.a(lib_a-reallocr.o)
 .debug_frame   0x00001d14       0x20 c:/program files (x86)/microsemi/softconsole v3.3/sourcery-g++/bin/../lib/gcc/arm-none-eabi/4.4.1/../../../../arm-none-eabi/lib/thumb2\libc.a(lib_a-s_isinfd.o)
 .debug_frame   0x00001d34       0x20 c:/program files (x86)/microsemi/softconsole v3.3/sourcery-g++/bin/../lib/gcc/arm-none-eabi/4.4.1/../../../../arm-none-eabi/lib/thumb2\libc.a(lib_a-s_isnand.o)
 .debug_frame   0x00001d54       0x2c c:/program files (x86)/microsemi/softconsole v3.3/sourcery-g++/bin/../lib/gcc/arm-none-eabi/4.4.1/../../../../arm-none-eabi/lib/thumb2\libc.a(lib_a-sbrkr.o)
 .debug_frame   0x00001d80       0x70 c:/program files (x86)/microsemi/softconsole v3.3/sourcery-g++/bin/../lib/gcc/arm-none-eabi/4.4.1/../../../../arm-none-eabi/lib/thumb2\libc.a(lib_a-stdio.o)
 .debug_frame   0x00001df0       0x30 c:/program files (x86)/microsemi/softconsole v3.3/sourcery-g++/bin/../lib/gcc/arm-none-eabi/4.4.1/../../../../arm-none-eabi/lib/thumb2\libc.a(lib_a-strcmp.o)
 .debug_frame   0x00001e20       0x2c c:/program files (x86)/microsemi/softconsole v3.3/sourcery-g++/bin/../lib/gcc/arm-none-eabi/4.4.1/../../../../arm-none-eabi/lib/thumb2\libc.a(lib_a-callocr.o)
 .debug_frame   0x00001e4c       0x2c c:/program files (x86)/microsemi/softconsole v3.3/sourcery-g++/bin/../lib/gcc/arm-none-eabi/4.4.1/../../../../arm-none-eabi/lib/thumb2\libc.a(lib_a-closer.o)
 .debug_frame   0x00001e78       0x3c c:/program files (x86)/microsemi/softconsole v3.3/sourcery-g++/bin/../lib/gcc/arm-none-eabi/4.4.1/../../../../arm-none-eabi/lib/thumb2\libc.a(lib_a-fclose.o)
 .debug_frame   0x00001eb4       0x2c c:/program files (x86)/microsemi/softconsole v3.3/sourcery-g++/bin/../lib/gcc/arm-none-eabi/4.4.1/../../../../arm-none-eabi/lib/thumb2\libc.a(lib_a-fstatr.o)
 .debug_frame   0x00001ee0       0x2c c:/program files (x86)/microsemi/softconsole v3.3/sourcery-g++/bin/../lib/gcc/arm-none-eabi/4.4.1/../../../../arm-none-eabi/lib/thumb2\libc.a(lib_a-isattyr.o)
 .debug_frame   0x00001f0c       0x2c c:/program files (x86)/microsemi/softconsole v3.3/sourcery-g++/bin/../lib/gcc/arm-none-eabi/4.4.1/../../../../arm-none-eabi/lib/thumb2\libc.a(lib_a-lseekr.o)
 .debug_frame   0x00001f38       0x2c c:/program files (x86)/microsemi/softconsole v3.3/sourcery-g++/bin/../lib/gcc/arm-none-eabi/4.4.1/../../../../arm-none-eabi/lib/thumb2\libc.a(lib_a-readr.o)
 .debug_frame   0x00001f64       0x64 c:/program files (x86)/microsemi/softconsole v3.3/sourcery-g++/bin/../lib/gcc/arm-none-eabi/4.4.1/../../../../arm-none-eabi/lib/thumb2\libc.a(lib_a-reent.o)
 .debug_frame   0x00001fc8       0x20 c:/program files (x86)/microsemi/softconsole v3.3/sourcery-g++/bin/../lib/gcc/arm-none-eabi/4.4.1/thumb2\libgcc.a(_udivsi3.o)
 .debug_frame   0x00001fe8       0x50 c:/program files (x86)/microsemi/softconsole v3.3/sourcery-g++/bin/../lib/gcc/arm-none-eabi/4.4.1/thumb2\libgcc.a(bpabi.o)
 .debug_frame   0x00002038       0x3c c:/program files (x86)/microsemi/softconsole v3.3/sourcery-g++/bin/../lib/gcc/arm-none-eabi/4.4.1/thumb2\libgcc.a(_divdi3.o)
 .debug_frame   0x00002074       0x3c c:/program files (x86)/microsemi/softconsole v3.3/sourcery-g++/bin/../lib/gcc/arm-none-eabi/4.4.1/thumb2\libgcc.a(_udivdi3.o)

.debug_str      0x00000000     0x3549
 *(.debug_str)
 .debug_str     0x00000000      0x444 ./contact_switch.o
                                0x47f (size before relaxing)
 .debug_str     0x00000444       0x1e ./door_state_machine.o
                                0x128 (size before relaxing)
 .debug_str     0x00000462      0xf2b ./fp_sensor.o
                               0x10ac (size before relaxing)
 .debug_str     0x0000138d      0x702 ./lora.o
                               0x152f (size before relaxing)
 .debug_str     0x00001a8f       0x3d ./lora_client_ex.o
                                0x15d (size before relaxing)
 .debug_str     0x00001acc       0x43 ./lora_server_ex.o
                                0x163 (size before relaxing)
 .debug_str     0x00001b0f       0x98 ./main.o
                                0xdd9 (size before relaxing)
 .debug_str     0x00001ba7       0x72 ./neopixel.o
                                0x18b (size before relaxing)
 .debug_str     0x00001c19       0x1b ./neopixel_test.o
                                0x121 (size before relaxing)
 .debug_str     0x00001c34      0x5b9 ./nfc.o
                               0x141a (size before relaxing)
 .debug_str     0x000021ed       0x58 ./rsa.o
                                0x177 (size before relaxing)
 .debug_str     0x00002245       0x3e ./servo.o
                                0x148 (size before relaxing)
 .debug_str     0x00002283       0x48 ./togateway.o
                                0x168 (size before relaxing)
 .debug_str     0x000022cb      0x25f N:/Git/locknet373/smartfusion/lockNET_SF/SoftConsole/lockNET_SF_MSS_MSS_CM3_0/lockNET_SF_MSS_MSS_CM3_0_hw_platform/Debug/CMSIS/startup_gcc/newlib_stubs.o
                               0x10b9 (size before relaxing)
 .debug_str     0x0000252a      0x5c5 N:\Git\locknet373\smartfusion\lockNET_SF\SoftConsole\lockNET_SF_MSS_MSS_CM3_0\lockNET_SF_MSS_MSS_CM3_0_hw_platform\Debug\liblockNET_SF_MSS_MSS_CM3_0_hw_platform.a(mss_uart.o)
                               0x14ca (size before relaxing)
 .debug_str     0x00002aef      0x357 N:\Git\locknet373\smartfusion\lockNET_SF\SoftConsole\lockNET_SF_MSS_MSS_CM3_0\lockNET_SF_MSS_MSS_CM3_0_hw_platform\Debug\liblockNET_SF_MSS_MSS_CM3_0_hw_platform.a(mss_spi.o)
                               0x16db (size before relaxing)
 .debug_str     0x00002e46      0x382 N:\Git\locknet373\smartfusion\lockNET_SF\SoftConsole\lockNET_SF_MSS_MSS_CM3_0\lockNET_SF_MSS_MSS_CM3_0_hw_platform\Debug\liblockNET_SF_MSS_MSS_CM3_0_hw_platform.a(mss_i2c.o)
                               0x176a (size before relaxing)
 .debug_str     0x000031c8      0x14f N:\Git\locknet373\smartfusion\lockNET_SF\SoftConsole\lockNET_SF_MSS_MSS_CM3_0\lockNET_SF_MSS_MSS_CM3_0_hw_platform\Debug\liblockNET_SF_MSS_MSS_CM3_0_hw_platform.a(mss_gpio.o)
                               0x12a2 (size before relaxing)
 .debug_str     0x00003317      0x13b N:\Git\locknet373\smartfusion\lockNET_SF\SoftConsole\lockNET_SF_MSS_MSS_CM3_0\lockNET_SF_MSS_MSS_CM3_0_hw_platform\Debug\liblockNET_SF_MSS_MSS_CM3_0_hw_platform.a(core_cm3.o)
                                0x280 (size before relaxing)
 .debug_str     0x00003452       0xf7 N:\Git\locknet373\smartfusion\lockNET_SF\SoftConsole\lockNET_SF_MSS_MSS_CM3_0\lockNET_SF_MSS_MSS_CM3_0_hw_platform\Debug\liblockNET_SF_MSS_MSS_CM3_0_hw_platform.a(system_a2fxxxm3.o)
                                0x46d (size before relaxing)

.debug_loc      0x00000000     0x30a7
 *(.debug_loc)
 .debug_loc     0x00000000       0x32 ./contact_switch.o
 .debug_loc     0x00000032      0x5df ./fp_sensor.o
 .debug_loc     0x00000611      0x588 ./lora.o
 .debug_loc     0x00000b99       0x4b ./lora_client_ex.o
 .debug_loc     0x00000be4       0x4b ./lora_server_ex.o
 .debug_loc     0x00000c2f       0x88 ./main.o
 .debug_loc     0x00000cb7       0x26 ./neopixel.o
 .debug_loc     0x00000cdd       0x1f ./neopixel_test.o
 .debug_loc     0x00000cfc      0x2c4 ./nfc.o
 .debug_loc     0x00000fc0       0xb8 ./rsa.o
 .debug_loc     0x00001078       0x4b ./togateway.o
 .debug_loc     0x000010c3      0x30d N:/Git/locknet373/smartfusion/lockNET_SF/SoftConsole/lockNET_SF_MSS_MSS_CM3_0/lockNET_SF_MSS_MSS_CM3_0_hw_platform/Debug/CMSIS/startup_gcc/newlib_stubs.o
 .debug_loc     0x000013d0      0x894 N:\Git\locknet373\smartfusion\lockNET_SF\SoftConsole\lockNET_SF_MSS_MSS_CM3_0\lockNET_SF_MSS_MSS_CM3_0_hw_platform\Debug\liblockNET_SF_MSS_MSS_CM3_0_hw_platform.a(mss_uart.o)
 .debug_loc     0x00001c64      0x982 N:\Git\locknet373\smartfusion\lockNET_SF\SoftConsole\lockNET_SF_MSS_MSS_CM3_0\lockNET_SF_MSS_MSS_CM3_0_hw_platform\Debug\liblockNET_SF_MSS_MSS_CM3_0_hw_platform.a(mss_spi.o)
 .debug_loc     0x000025e6      0x755 N:\Git\locknet373\smartfusion\lockNET_SF\SoftConsole\lockNET_SF_MSS_MSS_CM3_0\lockNET_SF_MSS_MSS_CM3_0_hw_platform\Debug\liblockNET_SF_MSS_MSS_CM3_0_hw_platform.a(mss_i2c.o)
 .debug_loc     0x00002d3b       0xf1 N:\Git\locknet373\smartfusion\lockNET_SF\SoftConsole\lockNET_SF_MSS_MSS_CM3_0\lockNET_SF_MSS_MSS_CM3_0_hw_platform\Debug\liblockNET_SF_MSS_MSS_CM3_0_hw_platform.a(mss_gpio.o)
 .debug_loc     0x00002e2c      0x1c8 N:\Git\locknet373\smartfusion\lockNET_SF\SoftConsole\lockNET_SF_MSS_MSS_CM3_0\lockNET_SF_MSS_MSS_CM3_0_hw_platform\Debug\liblockNET_SF_MSS_MSS_CM3_0_hw_platform.a(core_cm3.o)
 .debug_loc     0x00002ff4       0xb3 N:\Git\locknet373\smartfusion\lockNET_SF\SoftConsole\lockNET_SF_MSS_MSS_CM3_0\lockNET_SF_MSS_MSS_CM3_0_hw_platform\Debug\liblockNET_SF_MSS_MSS_CM3_0_hw_platform.a(system_a2fxxxm3.o)

.debug_macinfo  0x00000000    0x7ec34
 *(.debug_macinfo)
 .debug_macinfo
                0x00000000     0x588f ./contact_switch.o
 .debug_macinfo
                0x0000588f     0x15ae ./door_state_machine.o
 .debug_macinfo
                0x00006e3d     0x625e ./fp_sensor.o
 .debug_macinfo
                0x0000d09b     0xa5eb ./lora.o
 .debug_macinfo
                0x00017686     0xa604 ./lora_client_ex.o
 .debug_macinfo
                0x00021c8a     0xa604 ./lora_server_ex.o
 .debug_macinfo
                0x0002c28e     0x9d1b ./main.o
 .debug_macinfo
                0x00035fa9     0x15fd ./neopixel.o
 .debug_macinfo
                0x000375a6     0x40d3 ./neopixel_test.o
 .debug_macinfo
                0x0003b679     0xa44d ./nfc.o
 .debug_macinfo
                0x00045ac6     0x18d9 ./rsa.o
 .debug_macinfo
                0x0004739f     0x1593 ./servo.o
 .debug_macinfo
                0x00048932     0xae8d ./togateway.o
 .debug_macinfo
                0x000537bf     0x9964 N:/Git/locknet373/smartfusion/lockNET_SF/SoftConsole/lockNET_SF_MSS_MSS_CM3_0/lockNET_SF_MSS_MSS_CM3_0_hw_platform/Debug/CMSIS/startup_gcc/newlib_stubs.o
 .debug_macinfo
                0x0005d123     0x63e3 N:\Git\locknet373\smartfusion\lockNET_SF\SoftConsole\lockNET_SF_MSS_MSS_CM3_0\lockNET_SF_MSS_MSS_CM3_0_hw_platform\Debug\liblockNET_SF_MSS_MSS_CM3_0_hw_platform.a(mss_uart.o)
 .debug_macinfo
                0x00063506     0x7559 N:\Git\locknet373\smartfusion\lockNET_SF\SoftConsole\lockNET_SF_MSS_MSS_CM3_0\lockNET_SF_MSS_MSS_CM3_0_hw_platform\Debug\liblockNET_SF_MSS_MSS_CM3_0_hw_platform.a(mss_spi.o)
 .debug_macinfo
                0x0006aa5f     0x7518 N:\Git\locknet373\smartfusion\lockNET_SF\SoftConsole\lockNET_SF_MSS_MSS_CM3_0\lockNET_SF_MSS_MSS_CM3_0_hw_platform\Debug\liblockNET_SF_MSS_MSS_CM3_0_hw_platform.a(mss_i2c.o)
 .debug_macinfo
                0x00071f77     0x5cfa N:\Git\locknet373\smartfusion\lockNET_SF\SoftConsole\lockNET_SF_MSS_MSS_CM3_0\lockNET_SF_MSS_MSS_CM3_0_hw_platform\Debug\liblockNET_SF_MSS_MSS_CM3_0_hw_platform.a(mss_gpio.o)
 .debug_macinfo
                0x00077c71     0x152b N:\Git\locknet373\smartfusion\lockNET_SF\SoftConsole\lockNET_SF_MSS_MSS_CM3_0\lockNET_SF_MSS_MSS_CM3_0_hw_platform\Debug\liblockNET_SF_MSS_MSS_CM3_0_hw_platform.a(core_cm3.o)
 .debug_macinfo
                0x0007919c     0x5a98 N:\Git\locknet373\smartfusion\lockNET_SF\SoftConsole\lockNET_SF_MSS_MSS_CM3_0\lockNET_SF_MSS_MSS_CM3_0_hw_platform\Debug\liblockNET_SF_MSS_MSS_CM3_0_hw_platform.a(system_a2fxxxm3.o)

.debug_weaknames
 *(.debug_weaknames)

.debug_funcnames
 *(.debug_funcnames)

.debug_typenames
 *(.debug_typenames)

.debug_varnames
 *(.debug_varnames)

.note.gnu.arm.ident
 *(.note.gnu.arm.ident)

.ARM.attributes
                0x00000000       0x25
 *(.ARM.attributes)
 .ARM.attributes
                0x00000000       0x19 c:/program files (x86)/microsemi/softconsole v3.3/sourcery-g++/bin/../lib/gcc/arm-none-eabi/4.4.1/thumb2/crti.o
 .ARM.attributes
                0x00000019       0x29 c:/program files (x86)/microsemi/softconsole v3.3/sourcery-g++/bin/../lib/gcc/arm-none-eabi/4.4.1/thumb2/crtbegin.o
 .ARM.attributes
                0x00000042       0x31 ./contact_switch.o
 .ARM.attributes
                0x00000073       0x31 ./door_state_machine.o
 .ARM.attributes
                0x000000a4       0x31 ./fp_sensor.o
 .ARM.attributes
                0x000000d5       0x31 ./lora.o
 .ARM.attributes
                0x00000106       0x31 ./lora_client_ex.o
 .ARM.attributes
                0x00000137       0x31 ./lora_server_ex.o
 .ARM.attributes
                0x00000168       0x31 ./main.o
 .ARM.attributes
                0x00000199       0x31 ./neopixel.o
 .ARM.attributes
                0x000001ca       0x31 ./neopixel_test.o
 .ARM.attributes
                0x000001fb       0x31 ./nfc.o
 .ARM.attributes
                0x0000022c       0x31 ./rsa.o
 .ARM.attributes
                0x0000025d       0x31 ./servo.o
 .ARM.attributes
                0x0000028e       0x31 ./togateway.o
 .ARM.attributes
                0x000002bf       0x21 N:/Git/locknet373/smartfusion/lockNET_SF/SoftConsole/lockNET_SF_MSS_MSS_CM3_0/lockNET_SF_MSS_MSS_CM3_0_hw_platform/Debug/CMSIS/startup_gcc/startup_a2fxxxm3.o
 .ARM.attributes
                0x000002e0       0x31 N:/Git/locknet373/smartfusion/lockNET_SF/SoftConsole/lockNET_SF_MSS_MSS_CM3_0/lockNET_SF_MSS_MSS_CM3_0_hw_platform/Debug/CMSIS/startup_gcc/newlib_stubs.o
 .ARM.attributes
                0x00000311       0x31 N:\Git\locknet373\smartfusion\lockNET_SF\SoftConsole\lockNET_SF_MSS_MSS_CM3_0\lockNET_SF_MSS_MSS_CM3_0_hw_platform\Debug\liblockNET_SF_MSS_MSS_CM3_0_hw_platform.a(mss_uart.o)
 .ARM.attributes
                0x00000342       0x31 N:\Git\locknet373\smartfusion\lockNET_SF\SoftConsole\lockNET_SF_MSS_MSS_CM3_0\lockNET_SF_MSS_MSS_CM3_0_hw_platform\Debug\liblockNET_SF_MSS_MSS_CM3_0_hw_platform.a(mss_spi.o)
 .ARM.attributes
                0x00000373       0x31 N:\Git\locknet373\smartfusion\lockNET_SF\SoftConsole\lockNET_SF_MSS_MSS_CM3_0\lockNET_SF_MSS_MSS_CM3_0_hw_platform\Debug\liblockNET_SF_MSS_MSS_CM3_0_hw_platform.a(mss_i2c.o)
 .ARM.attributes
                0x000003a4       0x31 N:\Git\locknet373\smartfusion\lockNET_SF\SoftConsole\lockNET_SF_MSS_MSS_CM3_0\lockNET_SF_MSS_MSS_CM3_0_hw_platform\Debug\liblockNET_SF_MSS_MSS_CM3_0_hw_platform.a(mss_gpio.o)
 .ARM.attributes
                0x000003d5       0x31 N:\Git\locknet373\smartfusion\lockNET_SF\SoftConsole\lockNET_SF_MSS_MSS_CM3_0\lockNET_SF_MSS_MSS_CM3_0_hw_platform\Debug\liblockNET_SF_MSS_MSS_CM3_0_hw_platform.a(core_cm3.o)
 .ARM.attributes
                0x00000406       0x31 N:\Git\locknet373\smartfusion\lockNET_SF\SoftConsole\lockNET_SF_MSS_MSS_CM3_0\lockNET_SF_MSS_MSS_CM3_0_hw_platform\Debug\liblockNET_SF_MSS_MSS_CM3_0_hw_platform.a(system_a2fxxxm3.o)
 .ARM.attributes
                0x00000437       0x1b c:/program files (x86)/microsemi/softconsole v3.3/sourcery-g++/bin/../lib/gcc/arm-none-eabi/4.4.1/thumb2\libgcc.a(_arm_muldivdf3.o)
 .ARM.attributes
                0x00000452       0x1b c:/program files (x86)/microsemi/softconsole v3.3/sourcery-g++/bin/../lib/gcc/arm-none-eabi/4.4.1/thumb2\libgcc.a(_arm_fixunsdfsi.o)
 .ARM.attributes
                0x0000046d       0x29 c:/program files (x86)/microsemi/softconsole v3.3/sourcery-g++/bin/../lib/gcc/arm-none-eabi/4.4.1/../../../../arm-none-eabi/lib/thumb2\libc.a(lib_a-errno.o)
 .ARM.attributes
                0x00000496       0x29 c:/program files (x86)/microsemi/softconsole v3.3/sourcery-g++/bin/../lib/gcc/arm-none-eabi/4.4.1/../../../../arm-none-eabi/lib/thumb2\libc.a(lib_a-impure.o)
 .ARM.attributes
                0x000004bf       0x29 c:/program files (x86)/microsemi/softconsole v3.3/sourcery-g++/bin/../lib/gcc/arm-none-eabi/4.4.1/../../../../arm-none-eabi/lib/thumb2\libc.a(lib_a-init.o)
 .ARM.attributes
                0x000004e8       0x29 c:/program files (x86)/microsemi/softconsole v3.3/sourcery-g++/bin/../lib/gcc/arm-none-eabi/4.4.1/../../../../arm-none-eabi/lib/thumb2\libc.a(lib_a-memcpy.o)
 .ARM.attributes
                0x00000511       0x29 c:/program files (x86)/microsemi/softconsole v3.3/sourcery-g++/bin/../lib/gcc/arm-none-eabi/4.4.1/../../../../arm-none-eabi/lib/thumb2\libc.a(lib_a-memset.o)
 .ARM.attributes
                0x0000053a       0x29 c:/program files (x86)/microsemi/softconsole v3.3/sourcery-g++/bin/../lib/gcc/arm-none-eabi/4.4.1/../../../../arm-none-eabi/lib/thumb2\libc.a(lib_a-printf.o)
 .ARM.attributes
                0x00000563       0x29 c:/program files (x86)/microsemi/softconsole v3.3/sourcery-g++/bin/../lib/gcc/arm-none-eabi/4.4.1/../../../../arm-none-eabi/lib/thumb2\libc.a(lib_a-puts.o)
 .ARM.attributes
                0x0000058c       0x29 c:/program files (x86)/microsemi/softconsole v3.3/sourcery-g++/bin/../lib/gcc/arm-none-eabi/4.4.1/../../../../arm-none-eabi/lib/thumb2\libc.a(lib_a-strlen.o)
 .ARM.attributes
                0x000005b5       0x29 c:/program files (x86)/microsemi/softconsole v3.3/sourcery-g++/bin/../lib/gcc/arm-none-eabi/4.4.1/../../../../arm-none-eabi/lib/thumb2\libc.a(lib_a-vfprintf.o)
 .ARM.attributes
                0x000005de       0x29 c:/program files (x86)/microsemi/softconsole v3.3/sourcery-g++/bin/../lib/gcc/arm-none-eabi/4.4.1/../../../../arm-none-eabi/lib/thumb2\libc.a(lib_a-wsetup.o)
 .ARM.attributes
                0x00000607       0x29 c:/program files (x86)/microsemi/softconsole v3.3/sourcery-g++/bin/../lib/gcc/arm-none-eabi/4.4.1/../../../../arm-none-eabi/lib/thumb2\libc.a(lib_a-dtoa.o)
 .ARM.attributes
                0x00000630       0x29 c:/program files (x86)/microsemi/softconsole v3.3/sourcery-g++/bin/../lib/gcc/arm-none-eabi/4.4.1/../../../../arm-none-eabi/lib/thumb2\libc.a(lib_a-fflush.o)
 .ARM.attributes
                0x00000659       0x29 c:/program files (x86)/microsemi/softconsole v3.3/sourcery-g++/bin/../lib/gcc/arm-none-eabi/4.4.1/../../../../arm-none-eabi/lib/thumb2\libc.a(lib_a-findfp.o)
 .ARM.attributes
                0x00000682       0x29 c:/program files (x86)/microsemi/softconsole v3.3/sourcery-g++/bin/../lib/gcc/arm-none-eabi/4.4.1/../../../../arm-none-eabi/lib/thumb2\libc.a(lib_a-freer.o)
 .ARM.attributes
                0x000006ab       0x29 c:/program files (x86)/microsemi/softconsole v3.3/sourcery-g++/bin/../lib/gcc/arm-none-eabi/4.4.1/../../../../arm-none-eabi/lib/thumb2\libc.a(lib_a-fvwrite.o)
 .ARM.attributes
                0x000006d4       0x29 c:/program files (x86)/microsemi/softconsole v3.3/sourcery-g++/bin/../lib/gcc/arm-none-eabi/4.4.1/../../../../arm-none-eabi/lib/thumb2\libc.a(lib_a-fwalk.o)
 .ARM.attributes
                0x000006fd       0x29 c:/program files (x86)/microsemi/softconsole v3.3/sourcery-g++/bin/../lib/gcc/arm-none-eabi/4.4.1/../../../../arm-none-eabi/lib/thumb2\libc.a(lib_a-locale.o)
 .ARM.attributes
                0x00000726       0x29 c:/program files (x86)/microsemi/softconsole v3.3/sourcery-g++/bin/../lib/gcc/arm-none-eabi/4.4.1/../../../../arm-none-eabi/lib/thumb2\libc.a(lib_a-makebuf.o)
 .ARM.attributes
                0x0000074f       0x29 c:/program files (x86)/microsemi/softconsole v3.3/sourcery-g++/bin/../lib/gcc/arm-none-eabi/4.4.1/../../../../arm-none-eabi/lib/thumb2\libc.a(lib_a-malloc.o)
 .ARM.attributes
                0x00000778       0x29 c:/program files (x86)/microsemi/softconsole v3.3/sourcery-g++/bin/../lib/gcc/arm-none-eabi/4.4.1/../../../../arm-none-eabi/lib/thumb2\libc.a(lib_a-mallocr.o)
 .ARM.attributes
                0x000007a1       0x29 c:/program files (x86)/microsemi/softconsole v3.3/sourcery-g++/bin/../lib/gcc/arm-none-eabi/4.4.1/../../../../arm-none-eabi/lib/thumb2\libc.a(lib_a-memchr.o)
 .ARM.attributes
                0x000007ca       0x29 c:/program files (x86)/microsemi/softconsole v3.3/sourcery-g++/bin/../lib/gcc/arm-none-eabi/4.4.1/../../../../arm-none-eabi/lib/thumb2\libc.a(lib_a-memmove.o)
 .ARM.attributes