Archive member included because of file (symbol)

N:\PortableGit\locknet373\smartfusion\lockNET_SF\SoftConsole\lockNET_SF_MSS_MSS_CM3_0\lockNET_SF_MSS_MSS_CM3_0_hw_platform\Debug\liblockNET_SF_MSS_MSS_CM3_0_hw_platform.a(mss_uart.o)
                              N:/PortableGit/locknet373/smartfusion/lockNET_SF/SoftConsole/lockNET_SF_MSS_MSS_CM3_0/lockNET_SF_MSS_MSS_CM3_0_hw_platform/Debug/CMSIS/startup_gcc/newlib_stubs.o (MSS_UART_polled_tx)
N:\PortableGit\locknet373\smartfusion\lockNET_SF\SoftConsole\lockNET_SF_MSS_MSS_CM3_0\lockNET_SF_MSS_MSS_CM3_0_hw_platform\Debug\liblockNET_SF_MSS_MSS_CM3_0_hw_platform.a(mss_spi.o)
                              ./lora.o (g_mss_spi1)
N:\PortableGit\locknet373\smartfusion\lockNET_SF\SoftConsole\lockNET_SF_MSS_MSS_CM3_0\lockNET_SF_MSS_MSS_CM3_0_hw_platform\Debug\liblockNET_SF_MSS_MSS_CM3_0_hw_platform.a(mss_i2c.o)
                              ./nfc.o (g_mss_i2c1)
N:\PortableGit\locknet373\smartfusion\lockNET_SF\SoftConsole\lockNET_SF_MSS_MSS_CM3_0\lockNET_SF_MSS_MSS_CM3_0_hw_platform\Debug\liblockNET_SF_MSS_MSS_CM3_0_hw_platform.a(mss_gpio.o)
                              ./contact_switch.o (MSS_GPIO_init)
N:\PortableGit\locknet373\smartfusion\lockNET_SF\SoftConsole\lockNET_SF_MSS_MSS_CM3_0\lockNET_SF_MSS_MSS_CM3_0_hw_platform\Debug\liblockNET_SF_MSS_MSS_CM3_0_hw_platform.a(core_cm3.o)
                              N:\PortableGit\locknet373\smartfusion\lockNET_SF\SoftConsole\lockNET_SF_MSS_MSS_CM3_0\lockNET_SF_MSS_MSS_CM3_0_hw_platform\Debug\liblockNET_SF_MSS_MSS_CM3_0_hw_platform.a(mss_i2c.o) (__get_PRIMASK)
N:\PortableGit\locknet373\smartfusion\lockNET_SF\SoftConsole\lockNET_SF_MSS_MSS_CM3_0\lockNET_SF_MSS_MSS_CM3_0_hw_platform\Debug\liblockNET_SF_MSS_MSS_CM3_0_hw_platform.a(system_a2fxxxm3.o)
                              N:/PortableGit/locknet373/smartfusion/lockNET_SF/SoftConsole/lockNET_SF_MSS_MSS_CM3_0/lockNET_SF_MSS_MSS_CM3_0_hw_platform/Debug/CMSIS/startup_gcc/startup_a2fxxxm3.o (SystemInit)
c:/program files (x86)/microsemi/softconsole v3.3/sourcery-g++/bin/../lib/gcc/arm-none-eabi/4.4.1/thumb2\libgcc.a(_arm_muldivdf3.o)
                              ./lora.o (__aeabi_dmul)
c:/program files (x86)/microsemi/softconsole v3.3/sourcery-g++/bin/../lib/gcc/arm-none-eabi/4.4.1/thumb2\libgcc.a(_arm_fixunsdfsi.o)
                              ./lora.o (__aeabi_d2uiz)
c:/program files (x86)/microsemi/softconsole v3.3/sourcery-g++/bin/../lib/gcc/arm-none-eabi/4.4.1/../../../../arm-none-eabi/lib/thumb2\libc.a(lib_a-errno.o)
                              N:/PortableGit/locknet373/smartfusion/lockNET_SF/SoftConsole/lockNET_SF_MSS_MSS_CM3_0/lockNET_SF_MSS_MSS_CM3_0_hw_platform/Debug/CMSIS/startup_gcc/newlib_stubs.o (__errno)
c:/program files (x86)/microsemi/softconsole v3.3/sourcery-g++/bin/../lib/gcc/arm-none-eabi/4.4.1/../../../../arm-none-eabi/lib/thumb2\libc.a(lib_a-impure.o)
                              c:/program files (x86)/microsemi/softconsole v3.3/sourcery-g++/bin/../lib/gcc/arm-none-eabi/4.4.1/../../../../arm-none-eabi/lib/thumb2\libc.a(lib_a-errno.o) (_impure_ptr)
c:/program files (x86)/microsemi/softconsole v3.3/sourcery-g++/bin/../lib/gcc/arm-none-eabi/4.4.1/../../../../arm-none-eabi/lib/thumb2\libc.a(lib_a-init.o)
                              N:/PortableGit/locknet373/smartfusion/lockNET_SF/SoftConsole/lockNET_SF_MSS_MSS_CM3_0/lockNET_SF_MSS_MSS_CM3_0_hw_platform/Debug/CMSIS/startup_gcc/startup_a2fxxxm3.o (__libc_init_array)
c:/program files (x86)/microsemi/softconsole v3.3/sourcery-g++/bin/../lib/gcc/arm-none-eabi/4.4.1/../../../../arm-none-eabi/lib/thumb2\libc.a(lib_a-memcpy.o)
                              ./lora.o (memcpy)
c:/program files (x86)/microsemi/softconsole v3.3/sourcery-g++/bin/../lib/gcc/arm-none-eabi/4.4.1/../../../../arm-none-eabi/lib/thumb2\libc.a(lib_a-memset.o)
                              N:\PortableGit\locknet373\smartfusion\lockNET_SF\SoftConsole\lockNET_SF_MSS_MSS_CM3_0\lockNET_SF_MSS_MSS_CM3_0_hw_platform\Debug\liblockNET_SF_MSS_MSS_CM3_0_hw_platform.a(mss_spi.o) (memset)
c:/program files (x86)/microsemi/softconsole v3.3/sourcery-g++/bin/../lib/gcc/arm-none-eabi/4.4.1/../../../../arm-none-eabi/lib/thumb2\libc.a(lib_a-printf.o)
                              ./lora_client_ex.o (printf)
c:/program files (x86)/microsemi/softconsole v3.3/sourcery-g++/bin/../lib/gcc/arm-none-eabi/4.4.1/../../../../arm-none-eabi/lib/thumb2\libc.a(lib_a-puts.o)
                              ./lora_client_ex.o (puts)
c:/program files (x86)/microsemi/softconsole v3.3/sourcery-g++/bin/../lib/gcc/arm-none-eabi/4.4.1/../../../../arm-none-eabi/lib/thumb2\libc.a(lib_a-strlen.o)
                              c:/program files (x86)/microsemi/softconsole v3.3/sourcery-g++/bin/../lib/gcc/arm-none-eabi/4.4.1/../../../../arm-none-eabi/lib/thumb2\libc.a(lib_a-puts.o) (strlen)
c:/program files (x86)/microsemi/softconsole v3.3/sourcery-g++/bin/../lib/gcc/arm-none-eabi/4.4.1/../../../../arm-none-eabi/lib/thumb2\libc.a(lib_a-vfprintf.o)
[...]
Memory Configuration

Name             Origin             Length             Attributes
ram              0x20000000         0x00010000         xrw
*default*        0x00000000         0xffffffff

Linker script and memory map

LOAD c:/program files (x86)/microsemi/softconsole v3.3/sourcery-g++/bin/../lib/gcc/arm-none-eabi/4.4.1/thumb2/crti.o
LOAD c:/program files (x86)/microsemi/softconsole v3.3/sourcery-g++/bin/../lib/gcc/arm-none-eabi/4.4.1/thumb2/crtbegin.o
LOAD ./contact_switch.o
LOAD ./lora.o
LOAD ./lora_client_ex.o
LOAD ./main.o
LOAD ./neopixel.o
LOAD ./neopixel_test.o
LOAD ./nfc.o
LOAD ./servo.o
LOAD N:/PortableGit/locknet373/smartfusion/lockNET_SF/SoftConsole/lockNET_SF_MSS_MSS_CM3_0/lockNET_SF_MSS_MSS_CM3_0_hw_platform/Debug/CMSIS/startup_gcc/startup_a2fxxxm3.o
LOAD N:/PortableGit/locknet373/smartfusion/lockNET_SF/SoftConsole/lockNET_SF_MSS_MSS_CM3_0/lockNET_SF_MSS_MSS_CM3_0_hw_platform/Debug/CMSIS/startup_gcc/newlib_stubs.o
LOAD N:\PortableGit\locknet373\smartfusion\lockNET_SF\SoftConsole\lockNET_SF_MSS_MSS_CM3_0\lockNET_SF_MSS_MSS_CM3_0_hw_platform\Debug\liblockNET_SF_MSS_MSS_CM3_0_hw_platform.a
START GROUP
LOAD c:/program files (x86)/microsemi/softconsole v3.3/sourcery-g++/bin/../lib/gcc/arm-none-eabi/4.4.1/thumb2\libgcc.a
LOAD c:/program files (x86)/microsemi/softconsole v3.3/sourcery-g++/bin/../lib/gcc/arm-none-eabi/4.4.1/../../../../arm-none-eabi/lib/thumb2\libc.a
END GROUP
LOAD c:/program files (x86)/microsemi/softconsole v3.3/sourcery-g++/bin/../lib/gcc/arm-none-eabi/4.4.1/thumb2/crtend.o
LOAD c:/program files (x86)/microsemi/softconsole v3.3/sourcery-g++/bin/../lib/gcc/arm-none-eabi/4.4.1/thumb2/crtn.o
START GROUP
LOAD c:/program files (x86)/microsemi/softconsole v3.3/sourcery-g++/bin/../lib/gcc/arm-none-eabi/4.4.1/../../../../arm-none-eabi/lib/thumb2\libc.a
LOAD c:/program files (x86)/microsemi/softconsole v3.3/sourcery-g++/bin/../lib/gcc/arm-none-eabi/4.4.1/thumb2\libgcc.a
LOAD c:/program files (x86)/microsemi/softconsole v3.3/sourcery-g++/bin/../lib/gcc/arm-none-eabi/4.4.1/../../../../arm-none-eabi/lib/thumb2\libm.a
END GROUP
                0x00000000                __DYNAMIC = 0x0
                0x20000000                RAM_START_ADDRESS = 0x20000000
                0x00010000                RAM_SIZE = 0x10000
                0x00002000                MAIN_STACK_SIZE = 0x2000
                0x00001000                PROCESS_STACK_SIZE = 0x1000
                0x20010000                PROVIDE (__main_stack_start, (RAM_START_ADDRESS + RAM_SIZE))
                0x2000e000                PROVIDE (__process_stack_start, (__main_stack_start - MAIN_STACK_SIZE))
                0x20010000                PROVIDE (_estack, __main_stack_start)
                0x00000000                PROVIDE (__mirrored_nvm, 0x0)

.text           0x20000000     0x8de8
 CREATE_OBJECT_SYMBOLS
                0x20000000                __text_load = LOADADDR (.text)
                0x20000000                __text_start = .
                0x20000000                __vector_table_vma_base_address = .
 *(.isr_vector)
 .isr_vector    0x20000000      0x470 N:/PortableGit/locknet373/smartfusion/lockNET_SF/SoftConsole/lockNET_SF_MSS_MSS_CM3_0/lockNET_SF_MSS_MSS_CM3_0_hw_platform/Debug/CMSIS/startup_gcc/startup_a2fxxxm3.o
                0x20000000                g_pfnVectors
                0x20000298                Reset_Handler
                0x20000308                NMI_Handler
                0x2000030a                HardFault_Handler
                0x2000030c                MemManage_Handler
                0x2000030e                BusFault_Handler
                0x20000310                UsageFault_Handler
                0x20000312                SVC_Handler
                0x20000314                DebugMon_Handler
                0x20000316                PendSV_Handler
                0x20000318                SysTick_Handler
                0x2000031a                WdogWakeup_IRQHandler
                0x2000031c                BrownOut_1_5V_IRQHandler
                0x2000031e                BrownOut_3_3V_IRQHandler
                0x20000320                RTC_Match_IRQHandler
                0x20000322                RTCIF_Pub_IRQHandler
                0x20000324                EthernetMAC_IRQHandler
                0x20000326                IAP_IRQHandler
                0x20000328                ENVM0_IRQHandler
                0x2000032a                ENVM1_IRQHandler
                0x2000032c                DMA_IRQHandler
                0x20000338                I2C0_SMBAlert_IRQHandler
                0x2000033a                I2C0_SMBus_IRQHandler
                0x2000033e                I2C1_SMBAlert_IRQHandler
                0x20000340                I2C1_SMBus_IRQHandler
                0x20000342                Timer1_IRQHandler
                0x20000344                Timer2_IRQHandler
                0x20000346                PLL_Lock_IRQHandler
                0x20000348                PLL_LockLost_IRQHandler
                0x2000034a                CommError_IRQHandler
                0x2000034c                Fabric_IRQHandler
                0x2000034e                GPIO0_IRQHandler
                0x20000352                GPIO2_IRQHandler
                0x20000354                GPIO3_IRQHandler
                0x20000356                GPIO4_IRQHandler
                0x20000358                GPIO5_IRQHandler
                0x2000035a                GPIO6_IRQHandler
                0x2000035c                GPIO7_IRQHandler
                0x2000035e                GPIO8_IRQHandler
                0x20000362                GPIO10_IRQHandler
                0x20000364                GPIO11_IRQHandler
                0x20000366                GPIO12_IRQHandler
                0x20000368                GPIO13_IRQHandler
                0x2000036a                GPIO14_IRQHandler
                0x2000036c                GPIO15_IRQHandler
                0x2000036e                GPIO16_IRQHandler
                0x20000370                GPIO17_IRQHandler
                0x20000372                GPIO18_IRQHandler
                0x20000374                GPIO19_IRQHandler
                0x20000376                GPIO20_IRQHandler
                0x20000378                GPIO21_IRQHandler
                0x2000037a                GPIO22_IRQHandler
                0x2000037c                GPIO23_IRQHandler
                0x2000037e                GPIO24_IRQHandler
                0x20000380                GPIO25_IRQHandler
                0x20000382                GPIO26_IRQHandler
                0x20000384                GPIO27_IRQHandler
                0x20000386                GPIO28_IRQHandler
                0x20000388                GPIO29_IRQHandler
                0x2000038a                GPIO30_IRQHandler
                0x2000038c                GPIO31_IRQHandler
                0x2000038e                ACE_PC0_Flag0_IRQHandler
                0x20000390                ACE_PC0_Flag1_IRQHandler
                0x20000392                ACE_PC0_Flag2_IRQHandler
                0x20000394                ACE_PC0_Flag3_IRQHandler
                0x20000396                ACE_PC1_Flag0_IRQHandler
                0x20000398                ACE_PC1_Flag1_IRQHandler
                0x2000039a                ACE_PC1_Flag2_IRQHandler
                0x2000039c                ACE_PC1_Flag3_IRQHandler
                0x2000039e                ACE_PC2_Flag0_IRQHandler
                0x200003a0                ACE_PC2_Flag1_IRQHandler
                0x200003a2                ACE_PC2_Flag2_IRQHandler
                0x200003a4                ACE_PC2_Flag3_IRQHandler
                0x200003a6                ACE_ADC0_DataValid_IRQHandler
                0x200003a8                ACE_ADC1_DataValid_IRQHandler
                0x200003aa                ACE_ADC2_DataValid_IRQHandler
                0x200003ac                ACE_ADC0_CalDone_IRQHandler
                0x200003ae                ACE_ADC1_CalDone_IRQHandler
                0x200003b0                ACE_ADC2_CalDone_IRQHandler
                0x200003b2                ACE_ADC0_CalStart_IRQHandler
                0x200003b4                ACE_ADC1_CalStart_IRQHandler
                0x200003b6                ACE_ADC2_CalStart_IRQHandler
                0x200003b8                ACE_Comp0_Fall_IRQHandler
                0x200003ba                ACE_Comp1_Fall_IRQHandler
                0x200003bc                ACE_Comp2_Fall_IRQHandler
                0x200003be                ACE_Comp3_Fall_IRQHandler
                0x200003c0                ACE_Comp4_Fall_IRQHandler
                0x200003c2                ACE_Comp5_Fall_IRQHandler
                0x200003c4                ACE_Comp6_Fall_IRQHandler
                0x200003c6                ACE_Comp7_Fall_IRQHandler
                0x200003c8                ACE_Comp8_Fall_IRQHandler
                0x200003ca                ACE_Comp9_Fall_IRQHandler
                0x200003cc                ACE_Comp10_Fall_IRQHandler
                0x200003ce                ACE_Comp11_Fall_IRQHandler
                0x200003d0                ACE_Comp0_Rise_IRQHandler
                0x200003d2                ACE_Comp1_Rise_IRQHandler
                0x200003d4                ACE_Comp2_Rise_IRQHandler
                0x200003d6                ACE_Comp3_Rise_IRQHandler
                0x200003d8                ACE_Comp4_Rise_IRQHandler
                0x200003da                ACE_Comp5_Rise_IRQHandler
                0x200003dc                ACE_Comp6_Rise_IRQHandler
                0x200003de                ACE_Comp7_Rise_IRQHandler
                0x200003e0                ACE_Comp8_Rise_IRQHandler
                0x200003e2                ACE_Comp9_Rise_IRQHandler
                0x200003e4                ACE_Comp10_Rise_IRQHandler
                0x200003e6                ACE_Comp11_Rise_IRQHandler
                0x200003e8                ACE_ADC0_FifoFull_IRQHandler
                0x200003ea                ACE_ADC0_FifoAFull_IRQHandler
                0x200003ec                ACE_ADC0_FifoEmpty_IRQHandler
                0x200003ee                ACE_ADC1_FifoFull_IRQHandler
                0x200003f0                ACE_ADC1_FifoAFull_IRQHandler
                0x200003f2                ACE_ADC1_FifoEmpty_IRQHandler
                0x200003f4                ACE_ADC2_FifoFull_IRQHandler
                0x200003f6                ACE_ADC2_FifoAFull_IRQHandler
                0x200003f8                ACE_ADC2_FifoEmpty_IRQHandler
                0x200003fa                ACE_PPE_Flag0_IRQHandler
                0x200003fc                ACE_PPE_Flag1_IRQHandler
                0x200003fe                ACE_PPE_Flag2_IRQHandler
                0x20000400                ACE_PPE_Flag3_IRQHandler
                0x20000402                ACE_PPE_Flag4_IRQHandler
                0x20000404                ACE_PPE_Flag5_IRQHandler
                0x20000406                ACE_PPE_Flag6_IRQHandler
                0x20000408                ACE_PPE_Flag7_IRQHandler
                0x2000040a                ACE_PPE_Flag8_IRQHandler
                0x2000040c                ACE_PPE_Flag9_IRQHandler
                0x2000040e                ACE_PPE_Flag10_IRQHandler
                0x20000410                ACE_PPE_Flag11_IRQHandler
                0x20000412                ACE_PPE_Flag12_IRQHandler
                0x20000414                ACE_PPE_Flag13_IRQHandler
                0x20000416                ACE_PPE_Flag14_IRQHandler
                0x20000418                ACE_PPE_Flag15_IRQHandler
                0x2000041a                ACE_PPE_Flag16_IRQHandler
                0x2000041c                ACE_PPE_Flag17_IRQHandler
                0x2000041e                ACE_PPE_Flag18_IRQHandler
                0x20000420                ACE_PPE_Flag19_IRQHandler
                0x20000422                ACE_PPE_Flag20_IRQHandler
                0x20000424                ACE_PPE_Flag21_IRQHandler
                0x20000426                ACE_PPE_Flag22_IRQHandler
                0x20000428                ACE_PPE_Flag23_IRQHandler
                0x2000042a                ACE_PPE_Flag24_IRQHandler
                0x2000042c                ACE_PPE_Flag25_IRQHandler
                0x2000042e                ACE_PPE_Flag26_IRQHandler
                0x20000430                ACE_PPE_Flag27_IRQHandler
                0x20000432                ACE_PPE_Flag28_IRQHandler
                0x20000434                ACE_PPE_Flag29_IRQHandler
                0x20000436                ACE_PPE_Flag30_IRQHandler
                0x20000438                ACE_PPE_Flag31_IRQHandler
 *(.text .text.* .gnu.linkonce.t.*)
 .text          0x20000470       0x30 c:/program files (x86)/microsemi/softconsole v3.3/sourcery-g++/bin/../lib/gcc/arm-none-eabi/4.4.1/thumb2/crtbegin.o
 .text.LORA_handle_interrupt
                0x200004a0      0x160 ./lora.o
                0x200004a0                LORA_handle_interrupt
 .text.LORA_wait_available_timeout
                0x20000600       0x38 ./lora.o
                0x20000600                LORA_wait_available_timeout
 .text.LORA_wait_packet_sent
                0x20000638       0x54 ./lora.o
                0x20000638                LORA_wait_packet_sent
 *fill*         0x2000068c        0x4 00
 .text.LORA_init
                0x20000690       0xe8 ./lora.o
                0x20000690                LORA_init
 .text.LORA_set_mode_idle
                0x20000778       0x30 ./lora.o
                0x20000778                LORA_set_mode_idle
 .text.LORA_set_mode_rx
                0x200007a8       0x3c ./lora.o
                0x200007a8                LORA_set_mode_rx
 .text.LORA_set_mode_tx
                0x200007e4       0x3c ./lora.o
                0x200007e4                LORA_set_mode_tx
 .text.LORA_set_modem_config
                0x20000820       0x44 ./lora.o
                0x20000820                LORA_set_modem_config
 .text.LORA_set_preamble_length
                0x20000864       0x34 ./lora.o
                0x20000864                LORA_set_preamble_length
 .text.LORA_set_frequency
                0x20000898       0x88 ./lora.o
                0x20000898                LORA_set_frequency
 .text.LORA_set_tx_power
                0x20000920       0xbc ./lora.o
                0x20000920                LORA_set_tx_power
 .text.LORA_validate_rx_buf
                0x200009dc       0xd0 ./lora.o
                0x200009dc                LORA_validate_rx_buf
 .text.LORA_available
                0x20000aac       0x2c ./lora.o
                0x20000aac                LORA_available
 .text.LORA_clear_rx_buf
                0x20000ad8       0x28 ./lora.o
                0x20000ad8                LORA_clear_rx_buf
 .text.LORA_send
                0x20000b00       0xb0 ./lora.o
                0x20000b00                LORA_send
 .text.LORA_recv
                0x20000bb0       0x7c ./lora.o
                0x20000bb0                LORA_recv
 .text.LORA_read
                0x20000c2c       0x48 ./lora.o
                0x20000c2c                LORA_read
 .text.LORA_write
                0x20000c74       0x7c ./lora.o
                0x20000c74                LORA_write
 .text.LORA_burst_read
                0x20000cf0       0xec ./lora.o
                0x20000cf0                LORA_burst_read
 .text.LORA_burst_write
                0x20000ddc       0xf0 ./lora.o
                0x20000ddc                LORA_burst_write
 .text.LORA_client_ex_setup
                0x20000ecc       0x24 ./lora_client_ex.o
                0x20000ecc                LORA_client_ex_setup
 .text.LORA_client_ex_loop
                0x20000ef0       0xe0 ./lora_client_ex.o
                0x20000ef0                LORA_client_ex_loop
 .text.GPIO9_IRQHandler
                0x20000fd0       0x24 ./main.o
                0x20000fd0                GPIO9_IRQHandler
 .text.GPIO1_IRQHandler
                0x20000ff4       0x54 ./main.o
                0x20000ff4                GPIO1_IRQHandler
 .text.main     0x20001048       0xb4 ./main.o
                0x20001048                main
 .text.set_interrupt_handled
                0x200010fc       0x20 ./nfc.o
                0x200010fc                set_interrupt_handled
 .text._close   0x2000111c        0x8 N:/PortableGit/locknet373/smartfusion/lockNET_SF/SoftConsole/lockNET_SF_MSS_MSS_CM3_0/lockNET_SF_MSS_MSS_CM3_0_hw_platform/Debug/CMSIS/startup_gcc/newlib_stubs.o
                0x2000111c                _close
 .text._exit    0x20001124        0x4 N:/PortableGit/locknet373/smartfusion/lockNET_SF/SoftConsole/lockNET_SF_MSS_MSS_CM3_0/lockNET_SF_MSS_MSS_CM3_0_hw_platform/Debug/CMSIS/startup_gcc/newlib_stubs.o
                0x20001124                _exit
 .text._fstat   0x20001128        0xc N:/PortableGit/locknet373/smartfusion/lockNET_SF/SoftConsole/lockNET_SF_MSS_MSS_CM3_0/lockNET_SF_MSS_MSS_CM3_0_hw_platform/Debug/CMSIS/startup_gcc/newlib_stubs.o
                0x20001128                _fstat
 .text._isatty  0x20001134        0x8 N:/PortableGit/locknet373/smartfusion/lockNET_SF/SoftConsole/lockNET_SF_MSS_MSS_CM3_0/lockNET_SF_MSS_MSS_CM3_0_hw_platform/Debug/CMSIS/startup_gcc/newlib_stubs.o
                0x20001134                _isatty
 .text._lseek   0x2000113c        0x8 N:/PortableGit/locknet373/smartfusion/lockNET_SF/SoftConsole/lockNET_SF_MSS_MSS_CM3_0/lockNET_SF_MSS_MSS_CM3_0_hw_platform/Debug/CMSIS/startup_gcc/newlib_stubs.o
                0x2000113c                _lseek
 .text._read    0x20001144        0x8 N:/PortableGit/locknet373/smartfusion/lockNET_SF/SoftConsole/lockNET_SF_MSS_MSS_CM3_0/lockNET_SF_MSS_MSS_CM3_0_hw_platform/Debug/CMSIS/startup_gcc/newlib_stubs.o
                0x20001144                _read
 .text._write_r
                0x2000114c       0x48 N:/PortableGit/locknet373/smartfusion/lockNET_SF/SoftConsole/lockNET_SF_MSS_MSS_CM3_0/lockNET_SF_MSS_MSS_CM3_0_hw_platform/Debug/CMSIS/startup_gcc/newlib_stubs.o
                0x2000114c                _write_r
 .text._sbrk    0x20001194       0x64 N:/PortableGit/locknet373/smartfusion/lockNET_SF/SoftConsole/lockNET_SF_MSS_MSS_CM3_0/lockNET_SF_MSS_MSS_CM3_0_hw_platform/Debug/CMSIS/startup_gcc/newlib_stubs.o
                0x20001194                _sbrk
 .text.MSS_UART_polled_tx
                0x200011f8       0xac N:\PortableGit\locknet373\smartfusion\lockNET_SF\SoftConsole\lockNET_SF_MSS_MSS_CM3_0\lockNET_SF_MSS_MSS_CM3_0_hw_platform\Debug\liblockNET_SF_MSS_MSS_CM3_0_hw_platform.a(mss_uart.o)
                0x200011f8                MSS_UART_polled_tx
 .text.MSS_UART_isr
                0x200012a4       0x70 N:\PortableGit\locknet373\smartfusion\lockNET_SF\SoftConsole\lockNET_SF_MSS_MSS_CM3_0\lockNET_SF_MSS_MSS_CM3_0_hw_platform\Debug\liblockNET_SF_MSS_MSS_CM3_0_hw_platform.a(mss_uart.o)
 .text.default_tx_handler
                0x20001314       0xa8 N:\PortableGit\locknet373\smartfusion\lockNET_SF\SoftConsole\lockNET_SF_MSS_MSS_CM3_0\lockNET_SF_MSS_MSS_CM3_0_hw_platform\Debug\liblockNET_SF_MSS_MSS_CM3_0_hw_platform.a(mss_uart.o)
 .text.UART0_IRQHandler
                0x200013bc       0x30 N:\PortableGit\locknet373\smartfusion\lockNET_SF\SoftConsole\lockNET_SF_MSS_MSS_CM3_0\lockNET_SF_MSS_MSS_CM3_0_hw_platform\Debug\liblockNET_SF_MSS_MSS_CM3_0_hw_platform.a(mss_uart.o)
                0x200013bc                UART0_IRQHandler
 .text.UART1_IRQHandler
                0x200013ec       0x30 N:\PortableGit\locknet373\smartfusion\lockNET_SF\SoftConsole\lockNET_SF_MSS_MSS_CM3_0\lockNET_SF_MSS_MSS_CM3_0_hw_platform\Debug\liblockNET_SF_MSS_MSS_CM3_0_hw_platform.a(mss_uart.o)
                0x200013ec                UART1_IRQHandler
 .text.MSS_UART_init
                0x2000141c      0x150 N:\PortableGit\locknet373\smartfusion\lockNET_SF\SoftConsole\lockNET_SF_MSS_MSS_CM3_0\lockNET_SF_MSS_MSS_CM3_0_hw_platform\Debug\liblockNET_SF_MSS_MSS_CM3_0_hw_platform.a(mss_uart.o)
                0x2000141c                MSS_UART_init
 .text.recover_from_rx_overflow
                0x2000156c       0xe4 N:\PortableGit\locknet373\smartfusion\lockNET_SF\SoftConsole\lockNET_SF_MSS_MSS_CM3_0\lockNET_SF_MSS_MSS_CM3_0_hw_platform\Debug\liblockNET_SF_MSS_MSS_CM3_0_hw_platform.a(mss_spi.o)
 .text.MSS_SPI_configure_master_mode
                0x20001650      0x100 N:\PortableGit\locknet373\smartfusion\lockNET_SF\SoftConsole\lockNET_SF_MSS_MSS_CM3_0\lockNET_SF_MSS_MSS_CM3_0_hw_platform\Debug\liblockNET_SF_MSS_MSS_CM3_0_hw_platform.a(mss_spi.o)
                0x20001650                MSS_SPI_configure_master_mode
 .text.MSS_SPI_set_slave_select
                0x20001750       0xcc N:\PortableGit\locknet373\smartfusion\lockNET_SF\SoftConsole\lockNET_SF_MSS_MSS_CM3_0\lockNET_SF_MSS_MSS_CM3_0_hw_platform\Debug\liblockNET_SF_MSS_MSS_CM3_0_hw_platform.a(mss_spi.o)
                0x20001750                MSS_SPI_set_slave_select
 .text.MSS_SPI_clear_slave_select
                0x2000181c       0x90 N:\PortableGit\locknet373\smartfusion\lockNET_SF\SoftConsole\lockNET_SF_MSS_MSS_CM3_0\lockNET_SF_MSS_MSS_CM3_0_hw_platform\Debug\liblockNET_SF_MSS_MSS_CM3_0_hw_platform.a(mss_spi.o)
                0x2000181c                MSS_SPI_clear_slave_select
 .text.MSS_SPI_transfer_frame
                0x200018ac       0x90 N:\PortableGit\locknet373\smartfusion\lockNET_SF\SoftConsole\lockNET_SF_MSS_MSS_CM3_0\lockNET_SF_MSS_MSS_CM3_0_hw_platform\Debug\liblockNET_SF_MSS_MSS_CM3_0_hw_platform.a(mss_spi.o)
                0x200018ac                MSS_SPI_transfer_frame
 .text.fill_slave_tx_fifo
                0x2000193c       0xa8 N:\PortableGit\locknet373\smartfusion\lockNET_SF\SoftConsole\lockNET_SF_MSS_MSS_CM3_0\lockNET_SF_MSS_MSS_CM3_0_hw_platform\Debug\liblockNET_SF_MSS_MSS_CM3_0_hw_platform.a(mss_spi.o)
 .text.read_slave_rx_fifo
                0x200019e4       0x74 N:\PortableGit\locknet373\smartfusion\lockNET_SF\SoftConsole\lockNET_SF_MSS_MSS_CM3_0\lockNET_SF_MSS_MSS_CM3_0_hw_platform\Debug\liblockNET_SF_MSS_MSS_CM3_0_hw_platform.a(mss_spi.o)
 .text.mss_spi_isr
                0x20001a58      0x1c8 N:\PortableGit\locknet373\smartfusion\lockNET_SF\SoftConsole\lockNET_SF_MSS_MSS_CM3_0\lockNET_SF_MSS_MSS_CM3_0_hw_platform\Debug\liblockNET_SF_MSS_MSS_CM3_0_hw_platform.a(mss_spi.o)
 .text.SPI0_IRQHandler
                0x20001c20       0x30 N:\PortableGit\locknet373\smartfusion\lockNET_SF\SoftConsole\lockNET_SF_MSS_MSS_CM3_0\lockNET_SF_MSS_MSS_CM3_0_hw_platform\Debug\liblockNET_SF_MSS_MSS_CM3_0_hw_platform.a(mss_spi.o)
                0x20001c20                SPI0_IRQHandler
 .text.SPI1_IRQHandler
                0x20001c50       0x30 N:\PortableGit\locknet373\smartfusion\lockNET_SF\SoftConsole\lockNET_SF_MSS_MSS_CM3_0\lockNET_SF_MSS_MSS_CM3_0_hw_platform\Debug\liblockNET_SF_MSS_MSS_CM3_0_hw_platform.a(mss_spi.o)
                0x20001c50                SPI1_IRQHandler
 .text.MSS_SPI_init
                0x20001c80       0xfc N:\PortableGit\locknet373\smartfusion\lockNET_SF\SoftConsole\lockNET_SF_MSS_MSS_CM3_0\lockNET_SF_MSS_MSS_CM3_0_hw_platform\Debug\liblockNET_SF_MSS_MSS_CM3_0_hw_platform.a(mss_spi.o)
                0x20001c80                MSS_SPI_init
 .text.enable_slave_if_required
                0x20001d7c       0x10 N:\PortableGit\locknet373\smartfusion\lockNET_SF\SoftConsole\lockNET_SF_MSS_MSS_CM3_0\lockNET_SF_MSS_MSS_CM3_0_hw_platform\Debug\liblockNET_SF_MSS_MSS_CM3_0_hw_platform.a(mss_i2c.o)
 .text.mss_i2c_isr
                0x20001d8c      0x594 N:\PortableGit\locknet373\smartfusion\lockNET_SF\SoftConsole\lockNET_SF_MSS_MSS_CM3_0\lockNET_SF_MSS_MSS_CM3_0_hw_platform\Debug\liblockNET_SF_MSS_MSS_CM3_0_hw_platform.a(mss_i2c.o)
 .text.I2C0_IRQHandler
                0x20002320       0x30 N:\PortableGit\locknet373\smartfusion\lockNET_SF\SoftConsole\lockNET_SF_MSS_MSS_CM3_0\lockNET_SF_MSS_MSS_CM3_0_hw_platform\Debug\liblockNET_SF_MSS_MSS_CM3_0_hw_platform.a(mss_i2c.o)
                0x20002320                I2C0_IRQHandler
 .text.I2C1_IRQHandler
                0x20002350       0x30 N:\PortableGit\locknet373\smartfusion\lockNET_SF\SoftConsole\lockNET_SF_MSS_MSS_CM3_0\lockNET_SF_MSS_MSS_CM3_0_hw_platform\Debug\liblockNET_SF_MSS_MSS_CM3_0_hw_platform.a(mss_i2c.o)
                0x20002350                I2C1_IRQHandler
 .text.MSS_GPIO_init
                0x20002380       0x60 N:\PortableGit\locknet373\smartfusion\lockNET_SF\SoftConsole\lockNET_SF_MSS_MSS_CM3_0\lockNET_SF_MSS_MSS_CM3_0_hw_platform\Debug\liblockNET_SF_MSS_MSS_CM3_0_hw_platform.a(mss_gpio.o)
                0x20002380                MSS_GPIO_init
 .text.MSS_GPIO_config
                0x200023e0       0x18 N:\PortableGit\locknet373\smartfusion\lockNET_SF\SoftConsole\lockNET_SF_MSS_MSS_CM3_0\lockNET_SF_MSS_MSS_CM3_0_hw_platform\Debug\liblockNET_SF_MSS_MSS_CM3_0_hw_platform.a(mss_gpio.o)
                0x200023e0                MSS_GPIO_config
 .text.MSS_GPIO_set_output
                0x200023f8       0x1c N:\PortableGit\locknet373\smartfusion\lockNET_SF\SoftConsole\lockNET_SF_MSS_MSS_CM3_0\lockNET_SF_MSS_MSS_CM3_0_hw_platform\Debug\liblockNET_SF_MSS_MSS_CM3_0_hw_platform.a(mss_gpio.o)
                0x200023f8                MSS_GPIO_set_output
 .text.MSS_GPIO_enable_irq
                0x20002414       0x48 N:\PortableGit\locknet373\smartfusion\lockNET_SF\SoftConsole\lockNET_SF_MSS_MSS_CM3_0\lockNET_SF_MSS_MSS_CM3_0_hw_platform\Debug\liblockNET_SF_MSS_MSS_CM3_0_hw_platform.a(mss_gpio.o)
                0x20002414                MSS_GPIO_enable_irq
 .text.MSS_GPIO_clear_irq
                0x2000245c       0x48 N:\PortableGit\locknet373\smartfusion\lockNET_SF\SoftConsole\lockNET_SF_MSS_MSS_CM3_0\lockNET_SF_MSS_MSS_CM3_0_hw_platform\Debug\liblockNET_SF_MSS_MSS_CM3_0_hw_platform.a(mss_gpio.o)
                0x2000245c                MSS_GPIO_clear_irq
 .text.SystemInit
                0x200024a4        0x4 N:\PortableGit\locknet373\smartfusion\lockNET_SF\SoftConsole\lockNET_SF_MSS_MSS_CM3_0\lockNET_SF_MSS_MSS_CM3_0_hw_platform\Debug\liblockNET_SF_MSS_MSS_CM3_0_hw_platform.a(system_a2fxxxm3.o)
                0x200024a4                SystemInit
 .text.SystemCoreClockUpdate
                0x200024a8      0x130 N:\PortableGit\locknet373\smartfusion\lockNET_SF\SoftConsole\lockNET_SF_MSS_MSS_CM3_0\lockNET_SF_MSS_MSS_CM3_0_hw_platform\Debug\liblockNET_SF_MSS_MSS_CM3_0_hw_platform.a(system_a2fxxxm3.o)
                0x200024a8                SystemCoreClockUpdate
 .text          0x200025d8      0x424 c:/program files (x86)/microsemi/softconsole v3.3/sourcery-g++/bin/../lib/gcc/arm-none-eabi/4.4.1/thumb2\libgcc.a(_arm_muldivdf3.o)
                0x200025d8                __aeabi_dmul
                0x200025d8                __muldf3
                0x2000282c                __divdf3
                0x2000282c                __aeabi_ddiv
 .text          0x200029fc       0x40 c:/program files (x86)/microsemi/softconsole v3.3/sourcery-g++/bin/../lib/gcc/arm-none-eabi/4.4.1/thumb2\libgcc.a(_arm_fixunsdfsi.o)
                0x200029fc                __aeabi_d2uiz
                0x200029fc                __fixunsdfsi
 .text          0x20002a3c       0x50 c:/program files (x86)/microsemi/softconsole v3.3/sourcery-g++/bin/../lib/gcc/arm-none-eabi/4.4.1/../../../../arm-none-eabi/lib/thumb2\libc.a(lib_a-init.o)
                0x20002a3c                __libc_init_array
 .text          0x20002a8c      0x190 c:/program files (x86)/microsemi/softconsole v3.3/sourcery-g++/bin/../lib/gcc/arm-none-eabi/4.4.1/../../../../arm-none-eabi/lib/thumb2\libc.a(lib_a-memcpy.o)
                0x20002a8c                memcpy
 .text          0x20002c1c       0xd4 c:/program files (x86)/microsemi/softconsole v3.3/sourcery-g++/bin/../lib/gcc/arm-none-eabi/4.4.1/../../../../arm-none-eabi/lib/thumb2\libc.a(lib_a-memset.o)
                0x20002c1c                memset
 .text          0x20002cf0       0x64 c:/program files (x86)/microsemi/softconsole v3.3/sourcery-g++/bin/../lib/gcc/arm-none-eabi/4.4.1/../../../../arm-none-eabi/lib/thumb2\libc.a(lib_a-printf.o)
                0x20002cf0                printf
                0x20002d28                _printf_r
 .text          0x20002d54       0x88 c:/program files (x86)/microsemi/softconsole v3.3/sourcery-g++/bin/../lib/gcc/arm-none-eabi/4.4.1/../../../../arm-none-eabi/lib/thumb2\libc.a(lib_a-puts.o)
                0x20002d54                _puts_r
                0x20002dcc                puts
 .text          0x20002ddc       0x60 c:/program files (x86)/microsemi/softconsole v3.3/sourcery-g++/bin/../lib/gcc/arm-none-eabi/4.4.1/../../../../arm-none-eabi/lib/thumb2\libc.a(lib_a-strlen.o)
                0x20002ddc                strlen
 .text          0x20002e3c     0x1940 c:/program files (x86)/microsemi/softconsole v3.3/sourcery-g++/bin/../lib/gcc/arm-none-eabi/4.4.1/../../../../arm-none-eabi/lib/thumb2\libc.a(lib_a-vfprintf.o)
                0x20002e58                _vfprintf_r
                0x20004760                vfprintf
 .text          0x2000477c      0x104 c:/program files (x86)/microsemi/softconsole v3.3/sourcery-g++/bin/../lib/gcc/arm-none-eabi/4.4.1/../../../../arm-none-eabi/lib/thumb2\libc.a(lib_a-wsetup.o)
                0x2000477c                __swsetup_r
 .text          0x20004880      0xfb8 c:/program files (x86)/microsemi/softconsole v3.3/sourcery-g++/bin/../lib/gcc/arm-none-eabi/4.4.1/../../../../arm-none-eabi/lib/thumb2\libc.a(lib_a-dtoa.o)
                0x200049a0                _dtoa_r
 .text          0x20005838      0x178 c:/program files (x86)/microsemi/softconsole v3.3/sourcery-g++/bin/../lib/gcc/arm-none-eabi/4.4.1/../../../../arm-none-eabi/lib/thumb2\libc.a(lib_a-fflush.o)
                0x20005838                _fflush_r
                0x20005988                fflush
 .text          0x200059b0      0x1c8 c:/program files (x86)/microsemi/softconsole v3.3/sourcery-g++/bin/../lib/gcc/arm-none-eabi/4.4.1/../../../../arm-none-eabi/lib/thumb2\libc.a(lib_a-findfp.o)
                0x200059b0                __sfp_lock_acquire
                0x200059b4                __sfp_lock_release
                0x200059b8                __sinit_lock_acquire
                0x200059bc                __sinit_lock_release
                0x200059c8                __fp_unlock_all
                0x200059e0                __fp_lock_all
                0x200059f8                _cleanup_r
                0x20005a04                _cleanup
                0x20005a60                __sfmoreglue
                0x20005a90                __sfp
                0x20005b18                __sinit
 .text          0x20005b78      0x268 c:/program files (x86)/microsemi/softconsole v3.3/sourcery-g++/bin/../lib/gcc/arm-none-eabi/4.4.1/../../../../arm-none-eabi/lib/thumb2\libc.a(lib_a-freer.o)
                0x20005b78                _malloc_trim_r
                0x20005c20                _free_r
 .text          0x20005de0      0x334 c:/program files (x86)/microsemi/softconsole v3.3/sourcery-g++/bin/../lib/gcc/arm-none-eabi/4.4.1/../../../../arm-none-eabi/lib/thumb2\libc.a(lib_a-fvwrite.o)
                0x20005de0                __sfvwrite_r
 .text          0x20006114       0xa0 c:/program files (x86)/microsemi/softconsole v3.3/sourcery-g++/bin/../lib/gcc/arm-none-eabi/4.4.1/../../../../arm-none-eabi/lib/thumb2\libc.a(lib_a-fwalk.o)
                0x20006114                _fwalk_reent
                0x20006168                _fwalk
 .text          0x200061b4       0x74 c:/program files (x86)/microsemi/softconsole v3.3/sourcery-g++/bin/../lib/gcc/arm-none-eabi/4.4.1/../../../../arm-none-eabi/lib/thumb2\libc.a(lib_a-locale.o)
                0x200061b4                __locale_charset
                0x200061c0                _localeconv_r
                0x200061c8                localeconv
                0x200061d0                _setlocale_r
                0x20006218                setlocale
 .text          0x20006228       0xdc c:/program files (x86)/microsemi/softconsole v3.3/sourcery-g++/bin/../lib/gcc/arm-none-eabi/4.4.1/../../../../arm-none-eabi/lib/thumb2\libc.a(lib_a-makebuf.o)
                0x20006228                __smakebuf_r
 .text          0x20006304       0x20 c:/program files (x86)/microsemi/softconsole v3.3/sourcery-g++/bin/../lib/gcc/arm-none-eabi/4.4.1/../../../../arm-none-eabi/lib/thumb2\libc.a(lib_a-malloc.o)
                0x20006304                free
                0x20006314                malloc
 .text          0x20006324      0x5a4 c:/program files (x86)/microsemi/softconsole v3.3/sourcery-g++/bin/../lib/gcc/arm-none-eabi/4.4.1/../../../../arm-none-eabi/lib/thumb2\libc.a(lib_a-mallocr.o)
                0x20006324                _malloc_r
 .text          0x200068c8       0x74 c:/program files (x86)/microsemi/softconsole v3.3/sourcery-g++/bin/../lib/gcc/arm-none-eabi/4.4.1/../../../../arm-none-eabi/lib/thumb2\libc.a(lib_a-memchr.o)
                0x200068c8                memchr
 .text          0x2000693c       0xb8 c:/program files (x86)/microsemi/softconsole v3.3/sourcery-g++/bin/../lib/gcc/arm-none-eabi/4.4.1/../../../../arm-none-eabi/lib/thumb2\libc.a(lib_a-memmove.o)
                0x2000693c                memmove
 .text          0x200069f4        0x8 c:/program files (x86)/microsemi/softconsole v3.3/sourcery-g++/bin/../lib/gcc/arm-none-eabi/4.4.1/../../../../arm-none-eabi/lib/thumb2\libc.a(lib_a-mlock.o)
                0x200069f4                __malloc_lock
                0x200069f8                __malloc_unlock
 .text          0x200069fc      0x958 c:/program files (x86)/microsemi/softconsole v3.3/sourcery-g++/bin/../lib/gcc/arm-none-eabi/4.4.1/../../../../arm-none-eabi/lib/thumb2\libc.a(lib_a-mprec.o)
                0x200069fc                __hi0bits
                0x20006a3c                __lo0bits
                0x20006aa0                __mcmp
                0x20006ae0                __ulp
                0x20006b2c                __b2d
                0x20006bd4                __ratio
                0x20006c34                _mprec_log10
                0x20006c6c                __copybits
                0x20006cbc                __any_on
                0x20006d14                _Bfree
                0x20006d4c                _Balloc
                0x20006db8                __d2b
                0x20006e88                __mdiff
                0x20006f80                __lshift
                0x2000703c                __multiply
                0x20007170                __i2b
                0x20007184                __multadd
                0x2000720c                __pow5mult
                0x200072b8                __s2b
 .text          0x20007354      0x3b4 c:/program files (x86)/microsemi/softconsole v3.3/sourcery-g++/bin/../lib/gcc/arm-none-eabi/4.4.1/../../../../arm-none-eabi/lib/thumb2\libc.a(lib_a-reallocr.o)
                0x20007354                _realloc_r
 .text          0x20007708       0x24 c:/program files (x86)/microsemi/softconsole v3.3/sourcery-g++/bin/../lib/gcc/arm-none-eabi/4.4.1/../../../../arm-none-eabi/lib/thumb2\libc.a(lib_a-s_isinfd.o)
                0x20007708                __isinfd
 .text          0x2000772c       0x1c c:/program files (x86)/microsemi/softconsole v3.3/sourcery-g++/bin/../lib/gcc/arm-none-eabi/4.4.1/../../../../arm-none-eabi/lib/thumb2\libc.a(lib_a-s_isnand.o)
                0x2000772c                __isnand
 .text          0x20007748       0x28 c:/program files (x86)/microsemi/softconsole v3.3/sourcery-g++/bin/../lib/gcc/arm-none-eabi/4.4.1/../../../../arm-none-eabi/lib/thumb2\libc.a(lib_a-sbrkr.o)
                0x20007748                _sbrk_r
 .text          0x20007770       0x90 c:/program files (x86)/microsemi/softconsole v3.3/sourcery-g++/bin/../lib/gcc/arm-none-eabi/4.4.1/../../../../arm-none-eabi/lib/thumb2\libc.a(lib_a-stdio.o)
                0x20007770                __sclose
                0x20007778                __sseek
                0x200077a0                __swrite
                0x200077dc                __sread
 .text          0x20007800      0x1dc c:/program files (x86)/microsemi/softconsole v3.3/sourcery-g++/bin/../lib/gcc/arm-none-eabi/4.4.1/../../../../arm-none-eabi/lib/thumb2\libc.a(lib_a-strcmp.o)
                0x20007800                strcmp
 .text          0x200079dc       0x5c c:/program files (x86)/microsemi/softconsole v3.3/sourcery-g++/bin/../lib/gcc/arm-none-eabi/4.4.1/../../../../arm-none-eabi/lib/thumb2\libc.a(lib_a-callocr.o)
                0x200079dc                _calloc_r
 .text          0x20007a38       0x28 c:/program files (x86)/microsemi/softconsole v3.3/sourcery-g++/bin/../lib/gcc/arm-none-eabi/4.4.1/../../../../arm-none-eabi/lib/thumb2\libc.a(lib_a-closer.o)
                0x20007a38                _close_r
 .text          0x20007a60       0xcc c:/program files (x86)/microsemi/softconsole v3.3/sourcery-g++/bin/../lib/gcc/arm-none-eabi/4.4.1/../../../../arm-none-eabi/lib/thumb2\libc.a(lib_a-fclose.o)
                0x20007a60                _fclose_r
                0x20007b1c                fclose
 .text          0x20007b2c       0x2c c:/program files (x86)/microsemi/softconsole v3.3/sourcery-g++/bin/../lib/gcc/arm-none-eabi/4.4.1/../../../../arm-none-eabi/lib/thumb2\libc.a(lib_a-fstatr.o)
                0x20007b2c                _fstat_r
 .text          0x20007b58       0x28 c:/program files (x86)/microsemi/softconsole v3.3/sourcery-g++/bin/../lib/gcc/arm-none-eabi/4.4.1/../../../../arm-none-eabi/lib/thumb2\libc.a(lib_a-isattyr.o)
                0x20007b58                _isatty_r
 .text          0x20007b80       0x2c c:/program files (x86)/microsemi/softconsole v3.3/sourcery-g++/bin/../lib/gcc/arm-none-eabi/4.4.1/../../../../arm-none-eabi/lib/thumb2\libc.a(lib_a-lseekr.o)
                0x20007b80                _lseek_r
 .text          0x20007bac       0x2c c:/program files (x86)/microsemi/softconsole v3.3/sourcery-g++/bin/../lib/gcc/arm-none-eabi/4.4.1/../../../../arm-none-eabi/lib/thumb2\libc.a(lib_a-readr.o)
                0x20007bac                _read_r
 .text          0x20007bd8      0x278 c:/program files (x86)/microsemi/softconsole v3.3/sourcery-g++/bin/../lib/gcc/arm-none-eabi/4.4.1/thumb2\libgcc.a(_udivsi3.o)
                0x20007bd8                __aeabi_uidiv
                0x20007bd8                __udivsi3
                0x20007e34                __aeabi_uidivmod
 .text          0x20007e50        0x4 c:/program files (x86)/microsemi/softconsole v3.3/sourcery-g++/bin/../lib/gcc/arm-none-eabi/4.4.1/thumb2\libgcc.a(_dvmd_tls.o)
                0x20007e50                __aeabi_idiv0
                0x20007e50                __aeabi_ldiv0
 .text          0x20007e54      0x370 c:/program files (x86)/microsemi/softconsole v3.3/sourcery-g++/bin/../lib/gcc/arm-none-eabi/4.4.1/thumb2\libgcc.a(_arm_addsubdf3.o)
                0x20007e54                __aeabi_drsub
                0x20007e5c                __aeabi_dsub
                0x20007e5c                __subdf3
                0x20007e60                __aeabi_dadd
                0x20007e60                __adddf3
                0x200080d8                __floatunsidf
                0x200080d8                __aeabi_ui2d
                0x200080f8                __floatsidf
                0x200080f8                __aeabi_i2d
                0x2000811c                __aeabi_f2d
                0x2000811c                __extendsfdf2
                0x20008158                __floatundidf
                0x20008158                __aeabi_ul2d
                0x20008168                __floatdidf
                0x20008168                __aeabi_l2d
 .text          0x200081c4      0x110 c:/program files (x86)/microsemi/softconsole v3.3/sourcery-g++/bin/../lib/gcc/arm-none-eabi/4.4.1/thumb2\libgcc.a(_arm_cmpdf2.o)
                0x200081c4                __gtdf2
                0x200081c4                __gedf2
                0x200081cc                __ltdf2
                0x200081cc                __ledf2
                0x200081d4                __nedf2
                0x200081d4                __eqdf2
                0x200081d4                __cmpdf2
                0x20008250                __aeabi_cdrcmple
                0x20008260                __aeabi_cdcmpeq
                0x20008260                __aeabi_cdcmple
                0x20008270                __aeabi_dcmpeq
                0x20008284                __aeabi_dcmplt
                0x20008298                __aeabi_dcmple
                0x200082ac                __aeabi_dcmpge
                0x200082c0                __aeabi_dcmpgt
 .text          0x200082d4       0x50 c:/program files (x86)/microsemi/softconsole v3.3/sourcery-g++/bin/../lib/gcc/arm-none-eabi/4.4.1/thumb2\libgcc.a(_arm_fixdfsi.o)
                0x200082d4                __aeabi_d2iz
                0x200082d4                __fixdfsi
 .text          0x20008324       0x2c c:/program files (x86)/microsemi/softconsole v3.3/sourcery-g++/bin/../lib/gcc/arm-none-eabi/4.4.1/thumb2\libgcc.a(_aeabi_uldivmod.o)
                0x20008324                __aeabi_uldivmod
 .text          0x20008350       0x58 c:/program files (x86)/microsemi/softconsole v3.3/sourcery-g++/bin/../lib/gcc/arm-none-eabi/4.4.1/thumb2\libgcc.a(bpabi.o)
                0x20008350                __gnu_uldivmod_helper
                0x2000837c                __gnu_ldivmod_helper
 .text          0x200083a8      0x364 c:/program files (x86)/microsemi/softconsole v3.3/sourcery-g++/bin/../lib/gcc/arm-none-eabi/4.4.1/thumb2\libgcc.a(_divdi3.o)
                0x200083a8                __divdi3
 .text          0x2000870c      0x300 c:/program files (x86)/microsemi/softconsole v3.3/sourcery-g++/bin/../lib/gcc/arm-none-eabi/4.4.1/thumb2\libgcc.a(_udivdi3.o)
                0x2000870c                __udivdi3
 *(.plt)
 *(.gnu.warning)
 *(.glue_7t)
 .glue_7t       0x00000000        0x0 linker stubs
 *(.glue_7)
 .glue_7        0x00000000        0x0 linker stubs
 *(.vfp11_veneer)
 .vfp11_veneer  0x00000000        0x0 linker stubs
                0x20008a0c                . = ALIGN (0x4)
 *crtbegin.o(.ctors)
 *(EXCLUDE_FILE(*crtend.o) .ctors)
 *(SORT(.ctors.*))
 *crtend.o(.ctors)
 *crtbegin.o(.dtors)
 *(EXCLUDE_FILE(*crtend.o) .dtors)
 *(SORT(.dtors.*))
 *crtend.o(.dtors)
 *(.rodata .rodata.* .gnu.linkonce.r.*)
 .rodata.frame_size
                0x20008a0c        0x1 ./lora.o
                0x20008a0c                frame_size
 .rodata.burst_frame_size
                0x20008a0d        0x1 ./lora.o
                0x20008a0d                burst_frame_size
 *fill*         0x20008a0e        0x2 00
 .rodata.modem_default
                0x20008a10        0x4 ./lora.o
                0x20008a10                modem_default
 .rodata        0x20008a14       0x78 ./lora_client_ex.o
 .rodata.C.19.4129
                0x20008a8c        0x4 ./main.o
 .rodata.str1.4
                0x20008a90       0x1a N:/PortableGit/locknet373/smartfusion/lockNET_SF/SoftConsole/lockNET_SF_MSS_MSS_CM3_0/lockNET_SF_MSS_MSS_CM3_0_hw_platform/Debug/CMSIS/startup_gcc/newlib_stubs.o
                                 0x1c (size before relaxing)
 *fill*         0x20008aaa        0x2 00
 .rodata.g_gpio_irqn_lut
                0x20008aac       0x40 N:\PortableGit\locknet373\smartfusion\lockNET_SF\SoftConsole\lockNET_SF_MSS_MSS_CM3_0\lockNET_SF_MSS_MSS_CM3_0_hw_platform\Debug\liblockNET_SF_MSS_MSS_CM3_0_hw_platform.a(mss_gpio.o)
 .rodata.g_config_reg_lut
                0x20008aec       0x80 N:\PortableGit\locknet373\smartfusion\lockNET_SF\SoftConsole\lockNET_SF_MSS_MSS_CM3_0\lockNET_SF_MSS_MSS_CM3_0_hw_platform\Debug\liblockNET_SF_MSS_MSS_CM3_0_hw_platform.a(mss_gpio.o)
 .rodata.C.16.2565
                0x20008b6c       0x10 N:\PortableGit\locknet373\smartfusion\lockNET_SF\SoftConsole\lockNET_SF_MSS_MSS_CM3_0\lockNET_SF_MSS_MSS_CM3_0_hw_platform\Debug\liblockNET_SF_MSS_MSS_CM3_0_hw_platform.a(system_a2fxxxm3.o)
 .rodata        0x20008b7c        0x4 c:/program files (x86)/microsemi/softconsole v3.3/sourcery-g++/bin/../lib/gcc/arm-none-eabi/4.4.1/../../../../arm-none-eabi/lib/thumb2\libc.a(lib_a-impure.o)
                0x20008b7c                _global_impure_ptr
 .rodata.str1.4
                0x20008b80        0x2 c:/program files (x86)/microsemi/softconsole v3.3/sourcery-g++/bin/../lib/gcc/arm-none-eabi/4.4.1/../../../../arm-none-eabi/lib/thumb2\libc.a(lib_a-impure.o)
                                  0x4 (size before relaxing)
 .rodata.str1.4
                0x00000000        0x2 c:/program files (x86)/microsemi/softconsole v3.3/sourcery-g++/bin/../lib/gcc/arm-none-eabi/4.4.1/../../../../arm-none-eabi/lib/thumb2\libc.a(lib_a-puts.o)
                                  0x4 (size before relaxing)
 *fill*         0x20008b82        0x2 00
 .rodata        0x20008b84       0x20 c:/program files (x86)/microsemi/softconsole v3.3/sourcery-g++/bin/../lib/gcc/arm-none-eabi/4.4.1/../../../../arm-none-eabi/lib/thumb2\libc.a(lib_a-vfprintf.o)
 .rodata.str1.4
                0x20008ba4       0x42 c:/program files (x86)/microsemi/softconsole v3.3/sourcery-g++/bin/../lib/gcc/arm-none-eabi/4.4.1/../../../../arm-none-eabi/lib/thumb2\libc.a(lib_a-vfprintf.o)
                                 0x44 (size before relaxing)
 *fill*         0x20008be6        0x2 00
 .rodata.str1.4
                0x20008be8       0x10 c:/program files (x86)/microsemi/softconsole v3.3/sourcery-g++/bin/../lib/gcc/arm-none-eabi/4.4.1/../../../../arm-none-eabi/lib/thumb2\libc.a(lib_a-dtoa.o)
                                 0x14 (size before relaxing)
 .rodata        0x20008bf8       0x60 c:/program files (x86)/microsemi/softconsole v3.3/sourcery-g++/bin/../lib/gcc/arm-none-eabi/4.4.1/../../../../arm-none-eabi/lib/thumb2\libc.a(lib_a-findfp.o)
                0x20008bf8                __sf_fake_stdin
                0x20008c18                __sf_fake_stdout
                0x20008c38                __sf_fake_stderr
 .rodata        0x20008c58       0x34 c:/program files (x86)/microsemi/softconsole v3.3/sourcery-g++/bin/../lib/gcc/arm-none-eabi/4.4.1/../../../../arm-none-eabi/lib/thumb2\libc.a(lib_a-locale.o)
 .rodata.str1.4
                0x20008c8c       0x10 c:/program files (x86)/microsemi/softconsole v3.3/sourcery-g++/bin/../lib/gcc/arm-none-eabi/4.4.1/../../../../arm-none-eabi/lib/thumb2\libc.a(lib_a-locale.o)
                                 0x18 (size before relaxing)
 *fill*         0x20008c9c        0x4 00
 .rodata        0x20008ca0      0x128 c:/program files (x86)/microsemi/softconsole v3.3/sourcery-g++/bin/../lib/gcc/arm-none-eabi/4.4.1/../../../../arm-none-eabi/lib/thumb2\libc.a(lib_a-mprec.o)
                0x20008ca0                __mprec_tens
                0x20008d78                __mprec_bigtens
                0x20008da0                __mprec_tinytens
 *(.ARM.extab* .gnu.linkonce.armextab.*)
 *(.gcc_except_table)
 *(.eh_frame_hdr)
 *(.eh_frame)
 *(.init)
 .init          0x20008dc8        0x4 c:/program files (x86)/microsemi/softconsole v3.3/sourcery-g++/bin/../lib/gcc/arm-none-eabi/4.4.1/thumb2/crti.o
                0x20008dc8                _init
 .init          0x20008dcc        0x8 c:/program files (x86)/microsemi/softconsole v3.3/sourcery-g++/bin/../lib/gcc/arm-none-eabi/4.4.1/thumb2/crtn.o
 *(.fini)
 .fini          0x20008dd4        0x4 c:/program files (x86)/microsemi/softconsole v3.3/sourcery-g++/bin/../lib/gcc/arm-none-eabi/4.4.1/thumb2/crti.o
                0x20008dd4                _fini
 .fini          0x20008dd8        0x8 c:/program files (x86)/microsemi/softconsole v3.3/sourcery-g++/bin/../lib/gcc/arm-none-eabi/4.4.1/thumb2/crtn.o
                0x20008de0                PROVIDE (__preinit_array_start, .)
 *(.preinit_array)
                0x20008de0                PROVIDE (__preinit_array_end, .)
                0x20008de0                PROVIDE (__init_array_start, .)
 *(SORT(.init_array.*))
 *(.init_array)
 .init_array    0x20008de0        0x4 c:/program files (x86)/microsemi/softconsole v3.3/sourcery-g++/bin/../lib/gcc/arm-none-eabi/4.4.1/thumb2/crtbegin.o
                0x20008de4                PROVIDE (__init_array_end, .)
                0x20008de4                PROVIDE (__fini_array_start, .)
 *(.fini_array)
 .fini_array    0x20008de4        0x4 c:/program files (x86)/microsemi/softconsole v3.3/sourcery-g++/bin/../lib/gcc/arm-none-eabi/4.4.1/thumb2/crtbegin.o
 *(SORT(.fini_array.*))
                0x20008de8                PROVIDE (__fini_array_end, .)
                0x20008de8                __exidx_start = .

.v4_bx          0x20008de8        0x0
 .v4_bx         0x00000000        0x0 linker stubs

.ARM.exidx      0x20008de8        0x8
 *(.ARM.exidx* .gnu.linkonce.armexidx.*)
 .ARM.exidx     0x20008de8        0x8 c:/program files (x86)/microsemi/softconsole v3.3/sourcery-g++/bin/../lib/gcc/arm-none-eabi/4.4.1/thumb2\libgcc.a(_divdi3.o)
 .ARM.exidx     0x20008df0        0x0 c:/program files (x86)/microsemi/softconsole v3.3/sourcery-g++/bin/../lib/gcc/arm-none-eabi/4.4.1/thumb2\libgcc.a(_udivdi3.o)
                                  0x8 (size before relaxing)
                0x20008df0                __exidx_end = .
                0x20008df0                _etext = .
                0x20008df0                PROVIDE (__text_end, .)

.data           0x20008df0      0x524
                0x20008df0                __data_load = LOADADDR (.data)
                0x20008df0                _sidata = LOADADDR (.data)
                0x20008df0                __data_start = .
                0x20008df0                _sdata = .
 *(.jcr)
 .jcr           0x20008df0        0x0 c:/program files (x86)/microsemi/softconsole v3.3/sourcery-g++/bin/../lib/gcc/arm-none-eabi/4.4.1/thumb2/crtbegin.o
 .jcr           0x20008df0        0x4 c:/program files (x86)/microsemi/softconsole v3.3/sourcery-g++/bin/../lib/gcc/arm-none-eabi/4.4.1/thumb2/crtend.o
 *(.got.plt)
 *(.got)
 *(.shdata)
 *(.data .data.* .gnu.linkonce.d.*)
 .data.interrupt_handled
                0x20008df4        0x1 ./nfc.o
                0x20008df4                interrupt_handled
 *fill*         0x20008df5        0x3 00
 .data.g_FrequencyACE
                0x20008df8        0x4 N:\PortableGit\locknet373\smartfusion\lockNET_SF\SoftConsole\lockNET_SF_MSS_MSS_CM3_0\lockNET_SF_MSS_MSS_CM3_0_hw_platform\Debug\liblockNET_SF_MSS_MSS_CM3_0_hw_platform.a(system_a2fxxxm3.o)
                0x20008df8                g_FrequencyACE
 .data.g_FrequencyFPGA
                0x20008dfc        0x4 N:\PortableGit\locknet373\smartfusion\lockNET_SF\SoftConsole\lockNET_SF_MSS_MSS_CM3_0\lockNET_SF_MSS_MSS_CM3_0_hw_platform\Debug\liblockNET_SF_MSS_MSS_CM3_0_hw_platform.a(system_a2fxxxm3.o)
                0x20008dfc                g_FrequencyFPGA
 .data.g_FrequencyPCLK0
                0x20008e00        0x4 N:\PortableGit\locknet373\smartfusion\lockNET_SF\SoftConsole\lockNET_SF_MSS_MSS_CM3_0\lockNET_SF_MSS_MSS_CM3_0_hw_platform\Debug\liblockNET_SF_MSS_MSS_CM3_0_hw_platform.a(system_a2fxxxm3.o)
                0x20008e00                g_FrequencyPCLK0
 .data.g_FrequencyPCLK1
                0x20008e04        0x4 N:\PortableGit\locknet373\smartfusion\lockNET_SF\SoftConsole\lockNET_SF_MSS_MSS_CM3_0\lockNET_SF_MSS_MSS_CM3_0_hw_platform\Debug\liblockNET_SF_MSS_MSS_CM3_0_hw_platform.a(system_a2fxxxm3.o)
                0x20008e04                g_FrequencyPCLK1
 .data.SystemCoreClock
                0x20008e08        0x4 N:\PortableGit\locknet373\smartfusion\lockNET_SF\SoftConsole\lockNET_SF_MSS_MSS_CM3_0\lockNET_SF_MSS_MSS_CM3_0_hw_platform\Debug\liblockNET_SF_MSS_MSS_CM3_0_hw_platform.a(system_a2fxxxm3.o)
                0x20008e08                SystemCoreClock
 .data.SystemFrequency
                0x20008e0c        0x4 N:\PortableGit\locknet373\smartfusion\lockNET_SF\SoftConsole\lockNET_SF_MSS_MSS_CM3_0\lockNET_SF_MSS_MSS_CM3_0_hw_platform\Debug\liblockNET_SF_MSS_MSS_CM3_0_hw_platform.a(system_a2fxxxm3.o)
                0x20008e0c                SystemFrequency
 .data          0x20008e10       0xf4 c:/program files (x86)/microsemi/softconsole v3.3/sourcery-g++/bin/../lib/gcc/arm-none-eabi/4.4.1/../../../../arm-none-eabi/lib/thumb2\libc.a(lib_a-impure.o)
                0x20008e10                _impure_ptr
 .data          0x20008f04      0x410 c:/program files (x86)/microsemi/softconsole v3.3/sourcery-g++/bin/../lib/gcc/arm-none-eabi/4.4.1/../../../../arm-none-eabi/lib/thumb2\libc.a(lib_a-mallocr.o)
                0x20008f04                __malloc_av_
                0x2000930c                __malloc_sbrk_base
                0x20009310                __malloc_trim_threshold
                0x20009314                . = ALIGN (0x4)
                0x20009314                _edata = .

.bss            0x20009314      0x3a4
                0x20009314                __bss_start__ = .
                0x20009314                _sbss = .
 *(.shbss)
 *(.bss .bss.* .gnu.linkonce.b.*)
 .bss           0x20009314        0x1 c:/program files (x86)/microsemi/softconsole v3.3/sourcery-g++/bin/../lib/gcc/arm-none-eabi/4.4.1/thumb2/crtbegin.o
 .bss.last_was_ack
                0x20009315        0x1 ./main.o
                0x20009315                last_was_ack
 *fill*         0x20009316        0x2 00
 .bss.g_stdio_uart_init_done
                0x20009318        0x4 N:/PortableGit/locknet373/smartfusion/lockNET_SF/SoftConsole/lockNET_SF_MSS_MSS_CM3_0/lockNET_SF_MSS_MSS_CM3_0_hw_platform/Debug/CMSIS/startup_gcc/newlib_stubs.o
 .bss.heap_end.3583
                0x2000931c        0x4 N:/PortableGit/locknet373/smartfusion/lockNET_SF/SoftConsole/lockNET_SF_MSS_MSS_CM3_0/lockNET_SF_MSS_MSS_CM3_0_hw_platform/Debug/CMSIS/startup_gcc/newlib_stubs.o
 .bss           0x20009320       0x34 c:/program files (x86)/microsemi/softconsole v3.3/sourcery-g++/bin/../lib/gcc/arm-none-eabi/4.4.1/../../../../arm-none-eabi/lib/thumb2\libc.a(lib_a-mallocr.o)
                0x20009320                __malloc_top_pad
                0x20009324                __malloc_current_mallinfo
                0x2000934c                __malloc_max_sbrked_mem
                0x20009350                __malloc_max_total_mem
 *(COMMON)
 COMMON         0x20009354      0x11b ./lora.o
                0x20009354                this_address
                0x20009355                tx_header_id
                0x20009356                last_rssi
                0x20009358                rx_good
                0x2000935a                tx_header_to
                0x2000935b                mode
                0x2000935c                promiscuous
                0x2000935d                rx_header_from
                0x2000935e                rx_header_flags
                0x2000935f                cad
                0x20009360                rx_buf_valid
                0x20009361                buf_len
                0x20009362                tx_good
                0x20009364                buf
                0x20009464                rx_bad
                0x20009466                tx_header_from
                0x20009468                cad_timeout
                0x2000946c                rx_header_id
                0x2000946d                rx_header_to
                0x2000946e                tx_header_flags
 *fill*         0x2000946f        0x1 00
 COMMON         0x20009470       0x50 N:\PortableGit\locknet373\smartfusion\lockNET_SF\SoftConsole\lockNET_SF_MSS_MSS_CM3_0\lockNET_SF_MSS_MSS_CM3_0_hw_platform\Debug\liblockNET_SF_MSS_MSS_CM3_0_hw_platform.a(mss_uart.o)
                0x20009470                g_mss_uart1
                0x20009498                g_mss_uart0
 COMMON         0x200094c0      0x108 N:\PortableGit\locknet373\smartfusion\lockNET_SF\SoftConsole\lockNET_SF_MSS_MSS_CM3_0\lockNET_SF_MSS_MSS_CM3_0_hw_platform\Debug\liblockNET_SF_MSS_MSS_CM3_0_hw_platform.a(mss_spi.o)
                0x200094c0                g_mss_spi1
                0x20009544                g_mss_spi0
 COMMON         0x200095c8       0xe8 N:\PortableGit\locknet373\smartfusion\lockNET_SF\SoftConsole\lockNET_SF_MSS_MSS_CM3_0\lockNET_SF_MSS_MSS_CM3_0_hw_platform\Debug\liblockNET_SF_MSS_MSS_CM3_0_hw_platform.a(mss_i2c.o)
                0x200095c8                g_mss_i2c0
                0x2000963c                g_mss_i2c1
 COMMON         0x200096b0        0x4 c:/program files (x86)/microsemi/softconsole v3.3/sourcery-g++/bin/../lib/gcc/arm-none-eabi/4.4.1/../../../../arm-none-eabi/lib/thumb2\libc.a(lib_a-reent.o)
                0x200096b0                errno
                0x200096b8                . = ALIGN (0x8)
 *fill*         0x200096b4        0x4 00
                0x200096b8                __bss_end__ = .
                0x200096b8                _end = .
                0x200096b8                __end = _end
                0x200096b8                _ebss = .
                0x200096b8                PROVIDE (end, .)

.stack          0x200096b8     0x3000
                0x200096b8                . = ALIGN (0x4)
                0x2000a6b8                . = (. + PROCESS_STACK_SIZE)
 *fill*         0x200096b8     0x1000 00
                0x2000a6b8                . = ALIGN (0x4)
                0x2000c6b8                . = (. + MAIN_STACK_SIZE)
 *fill*         0x2000a6b8     0x2000 00
                0x2000c6b8                . = ALIGN (0x4)

.stab
 *(.stab)

.stabstr
 *(.stabstr)

.debug
 *(.debug)

.line
 *(.line)

.debug_srcinfo
 *(.debug_srcinfo)

.debug_sfnames
 *(.debug_sfnames)

.comment        0x00000000      0x285
 .comment       0x00000000       0x2b ./contact_switch.o
 .comment       0x0000002b       0x2b ./lora.o
 .comment       0x00000056       0x2b ./lora_client_ex.o
 .comment       0x00000081       0x2b ./main.o
 .comment       0x000000ac       0x2b ./neopixel.o
 .comment       0x000000d7       0x2b ./neopixel_test.o
 .comment       0x00000102       0x2b ./nfc.o
 .comment       0x0000012d       0x2b ./servo.o
 .comment       0x00000158       0x2b N:/PortableGit/locknet373/smartfusion/lockNET_SF/SoftConsole/lockNET_SF_MSS_MSS_CM3_0/lockNET_SF_MSS_MSS_CM3_0_hw_platform/Debug/CMSIS/startup_gcc/newlib_stubs.o
 .comment       0x00000183       0x2b N:\PortableGit\locknet373\smartfusion\lockNET_SF\SoftConsole\lockNET_SF_MSS_MSS_CM3_0\lockNET_SF_MSS_MSS_CM3_0_hw_platform\Debug\liblockNET_SF_MSS_MSS_CM3_0_hw_platform.a(mss_uart.o)
 .comment       0x000001ae       0x2b N:\PortableGit\locknet373\smartfusion\lockNET_SF\SoftConsole\lockNET_SF_MSS_MSS_CM3_0\lockNET_SF_MSS_MSS_CM3_0_hw_platform\Debug\liblockNET_SF_MSS_MSS_CM3_0_hw_platform.a(mss_spi.o)
 .comment       0x000001d9       0x2b N:\PortableGit\locknet373\smartfusion\lockNET_SF\SoftConsole\lockNET_SF_MSS_MSS_CM3_0\lockNET_SF_MSS_MSS_CM3_0_hw_platform\Debug\liblockNET_SF_MSS_MSS_CM3_0_hw_platform.a(mss_i2c.o)
 .comment       0x00000204       0x2b N:\PortableGit\locknet373\smartfusion\lockNET_SF\SoftConsole\lockNET_SF_MSS_MSS_CM3_0\lockNET_SF_MSS_MSS_CM3_0_hw_platform\Debug\liblockNET_SF_MSS_MSS_CM3_0_hw_platform.a(mss_gpio.o)
 .comment       0x0000022f       0x2b N:\PortableGit\locknet373\smartfusion\lockNET_SF\SoftConsole\lockNET_SF_MSS_MSS_CM3_0\lockNET_SF_MSS_MSS_CM3_0_hw_platform\Debug\liblockNET_SF_MSS_MSS_CM3_0_hw_platform.a(core_cm3.o)
 .comment       0x0000025a       0x2b N:\PortableGit\locknet373\smartfusion\lockNET_SF\SoftConsole\lockNET_SF_MSS_MSS_CM3_0\lockNET_SF_MSS_MSS_CM3_0_hw_platform\Debug\liblockNET_SF_MSS_MSS_CM3_0_hw_platform.a(system_a2fxxxm3.o)

.debug_aranges  0x00000000      0x708
 *(.debug_aranges)
 .debug_aranges
                0x00000000       0x30 ./contact_switch.o
 .debug_aranges
                0x00000030       0xf8 ./lora.o
 .debug_aranges
                0x00000128       0x28 ./lora_client_ex.o
 .debug_aranges
                0x00000150       0x30 ./main.o
 .debug_aranges
                0x00000180       0x48 ./neopixel.o
 .debug_aranges
                0x000001c8       0x20 ./neopixel_test.o
 .debug_aranges
                0x000001e8       0x68 ./nfc.o
 .debug_aranges
                0x00000250       0x38 ./servo.o
 .debug_aranges
                0x00000288       0xa8 N:/PortableGit/locknet373/smartfusion/lockNET_SF/SoftConsole/lockNET_SF_MSS_MSS_CM3_0/lockNET_SF_MSS_MSS_CM3_0_hw_platform/Debug/CMSIS/startup_gcc/newlib_stubs.o
 .debug_aranges
                0x00000330       0xc0 N:\PortableGit\locknet373\smartfusion\lockNET_SF\SoftConsole\lockNET_SF_MSS_MSS_CM3_0\lockNET_SF_MSS_MSS_CM3_0_hw_platform\Debug\liblockNET_SF_MSS_MSS_CM3_0_hw_platform.a(mss_uart.o)
 .debug_aranges
                0x000003f0       0xc8 N:\PortableGit\locknet373\smartfusion\lockNET_SF\SoftConsole\lockNET_SF_MSS_MSS_CM3_0\lockNET_SF_MSS_MSS_CM3_0_hw_platform\Debug\liblockNET_SF_MSS_MSS_CM3_0_hw_platform.a(mss_spi.o)
 .debug_aranges
                0x000004b8      0x110 N:\PortableGit\locknet373\smartfusion\lockNET_SF\SoftConsole\lockNET_SF_MSS_MSS_CM3_0\lockNET_SF_MSS_MSS_CM3_0_hw_platform\Debug\liblockNET_SF_MSS_MSS_CM3_0_hw_platform.a(mss_i2c.o)
 .debug_aranges
                0x000005c8       0x50 N:\PortableGit\locknet373\smartfusion\lockNET_SF\SoftConsole\lockNET_SF_MSS_MSS_CM3_0\lockNET_SF_MSS_MSS_CM3_0_hw_platform\Debug\liblockNET_SF_MSS_MSS_CM3_0_hw_platform.a(mss_gpio.o)
 .debug_aranges
                0x00000618       0xc8 N:\PortableGit\locknet373\smartfusion\lockNET_SF\SoftConsole\lockNET_SF_MSS_MSS_CM3_0\lockNET_SF_MSS_MSS_CM3_0_hw_platform\Debug\liblockNET_SF_MSS_MSS_CM3_0_hw_platform.a(core_cm3.o)
 .debug_aranges
                0x000006e0       0x28 N:\PortableGit\locknet373\smartfusion\lockNET_SF\SoftConsole\lockNET_SF_MSS_MSS_CM3_0\lockNET_SF_MSS_MSS_CM3_0_hw_platform\Debug\liblockNET_SF_MSS_MSS_CM3_0_hw_platform.a(system_a2fxxxm3.o)

.debug_pubnames
                0x00000000     0x11e5
 *(.debug_pubnames)
 .debug_pubnames
                0x00000000       0x35 ./contact_switch.o
 .debug_pubnames
                0x00000035      0x3d8 ./lora.o
 .debug_pubnames
                0x0000040d       0x43 ./lora_client_ex.o
 .debug_pubnames
                0x00000450       0x56 ./main.o
 .debug_pubnames
                0x000004a6       0x7c ./neopixel.o
 .debug_pubnames
                0x00000522       0x1e ./neopixel_test.o
 .debug_pubnames
                0x00000540      0x186 ./nfc.o
 .debug_pubnames
                0x000006c6       0x55 ./servo.o
 .debug_pubnames
                0x0000071b       0xeb N:/PortableGit/locknet373/smartfusion/lockNET_SF/SoftConsole/lockNET_SF_MSS_MSS_CM3_0/lockNET_SF_MSS_MSS_CM3_0_hw_platform/Debug/CMSIS/startup_gcc/newlib_stubs.o
 .debug_pubnames
                0x00000806      0x21c N:\PortableGit\locknet373\smartfusion\lockNET_SF\SoftConsole\lockNET_SF_MSS_MSS_CM3_0\lockNET_SF_MSS_MSS_CM3_0_hw_platform\Debug\liblockNET_SF_MSS_MSS_CM3_0_hw_platform.a(mss_uart.o)
 .debug_pubnames
                0x00000a22      0x21a N:\PortableGit\locknet373\smartfusion\lockNET_SF\SoftConsole\lockNET_SF_MSS_MSS_CM3_0\lockNET_SF_MSS_MSS_CM3_0_hw_platform\Debug\liblockNET_SF_MSS_MSS_CM3_0_hw_platform.a(mss_spi.o)
 .debug_pubnames
                0x00000c3c      0x2eb N:\PortableGit\locknet373\smartfusion\lockNET_SF\SoftConsole\lockNET_SF_MSS_MSS_CM3_0\lockNET_SF_MSS_MSS_CM3_0_hw_platform\Debug\liblockNET_SF_MSS_MSS_CM3_0_hw_platform.a(mss_i2c.o)
 .debug_pubnames
                0x00000f27       0xb1 N:\PortableGit\locknet373\smartfusion\lockNET_SF\SoftConsole\lockNET_SF_MSS_MSS_CM3_0\lockNET_SF_MSS_MSS_CM3_0_hw_platform\Debug\liblockNET_SF_MSS_MSS_CM3_0_hw_platform.a(mss_gpio.o)
 .debug_pubnames
                0x00000fd8      0x159 N:\PortableGit\locknet373\smartfusion\lockNET_SF\SoftConsole\lockNET_SF_MSS_MSS_CM3_0\lockNET_SF_MSS_MSS_CM3_0_hw_platform\Debug\liblockNET_SF_MSS_MSS_CM3_0_hw_platform.a(core_cm3.o)
 .debug_pubnames
                0x00001131       0xb4 N:\PortableGit\locknet373\smartfusion\lockNET_SF\SoftConsole\lockNET_SF_MSS_MSS_CM3_0\lockNET_SF_MSS_MSS_CM3_0_hw_platform\Debug\liblockNET_SF_MSS_MSS_CM3_0_hw_platform.a(system_a2fxxxm3.o)

.debug_info     0x00000000     0x9e2b
 *(.debug_info .gnu.linkonce.wi.*)
 .debug_info    0x00000000      0x3eb ./contact_switch.o
 .debug_info    0x000003eb     0x10da ./lora.o
 .debug_info    0x000014c5      0x123 ./lora_client_ex.o
 .debug_info    0x000015e8      0x208 ./main.o
 .debug_info    0x000017f0      0x179 ./neopixel.o
 .debug_info    0x00001969       0xa3 ./neopixel_test.o
 .debug_info    0x00001a0c      0xf46 ./nfc.o
 .debug_info    0x00002952       0xd7 ./servo.o
 .debug_info    0x00002a29     0x10eb N:/PortableGit/locknet373/smartfusion/lockNET_SF/SoftConsole/lockNET_SF_MSS_MSS_CM3_0/lockNET_SF_MSS_MSS_CM3_0_hw_platform/Debug/CMSIS/startup_gcc/newlib_stubs.o
 .debug_info    0x00003b14     0x1740 N:\PortableGit\locknet373\smartfusion\lockNET_SF\SoftConsole\lockNET_SF_MSS_MSS_CM3_0\lockNET_SF_MSS_MSS_CM3_0_hw_platform\Debug\liblockNET_SF_MSS_MSS_CM3_0_hw_platform.a(mss_uart.o)
 .debug_info    0x00005254     0x16fe N:\PortableGit\locknet373\smartfusion\lockNET_SF\SoftConsole\lockNET_SF_MSS_MSS_CM3_0\lockNET_SF_MSS_MSS_CM3_0_hw_platform\Debug\liblockNET_SF_MSS_MSS_CM3_0_hw_platform.a(mss_spi.o)
 .debug_info    0x00006952     0x190b N:\PortableGit\locknet373\smartfusion\lockNET_SF\SoftConsole\lockNET_SF_MSS_MSS_CM3_0\lockNET_SF_MSS_MSS_CM3_0_hw_platform\Debug\liblockNET_SF_MSS_MSS_CM3_0_hw_platform.a(mss_i2c.o)
 .debug_info    0x0000825d     0x1124 N:\PortableGit\locknet373\smartfusion\lockNET_SF\SoftConsole\lockNET_SF_MSS_MSS_CM3_0\lockNET_SF_MSS_MSS_CM3_0_hw_platform\Debug\liblockNET_SF_MSS_MSS_CM3_0_hw_platform.a(mss_gpio.o)
 .debug_info    0x00009381      0x535 N:\PortableGit\locknet373\smartfusion\lockNET_SF\SoftConsole\lockNET_SF_MSS_MSS_CM3_0\lockNET_SF_MSS_MSS_CM3_0_hw_platform\Debug\liblockNET_SF_MSS_MSS_CM3_0_hw_platform.a(core_cm3.o)
 .debug_info    0x000098b6      0x575 N:\PortableGit\locknet373\smartfusion\lockNET_SF\SoftConsole\lockNET_SF_MSS_MSS_CM3_0\lockNET_SF_MSS_MSS_CM3_0_hw_platform\Debug\liblockNET_SF_MSS_MSS_CM3_0_hw_platform.a(system_a2fxxxm3.o)

.debug_abbrev   0x00000000     0x1734
 *(.debug_abbrev)
 .debug_abbrev  0x00000000       0xe9 ./contact_switch.o
 .debug_abbrev  0x000000e9      0x240 ./lora.o
 .debug_abbrev  0x00000329       0xb8 ./lora_client_ex.o
 .debug_abbrev  0x000003e1       0xe1 ./main.o
 .debug_abbrev  0x000004c2       0xcc ./neopixel.o
 .debug_abbrev  0x0000058e       0x5b ./neopixel_test.o
 .debug_abbrev  0x000005e9      0x1c6 ./nfc.o
 .debug_abbrev  0x000007af       0x67 ./servo.o
 .debug_abbrev  0x00000816      0x251 N:/PortableGit/locknet373/smartfusion/lockNET_SF/SoftConsole/lockNET_SF_MSS_MSS_CM3_0/lockNET_SF_MSS_MSS_CM3_0_hw_platform/Debug/CMSIS/startup_gcc/newlib_stubs.o
 .debug_abbrev  0x00000a67      0x306 N:\PortableGit\locknet373\smartfusion\lockNET_SF\SoftConsole\lockNET_SF_MSS_MSS_CM3_0\lockNET_SF_MSS_MSS_CM3_0_hw_platform\Debug\liblockNET_SF_MSS_MSS_CM3_0_hw_platform.a(mss_uart.o)
 .debug_abbrev  0x00000d6d      0x2e3 N:\PortableGit\locknet373\smartfusion\lockNET_SF\SoftConsole\lockNET_SF_MSS_MSS_CM3_0\lockNET_SF_MSS_MSS_CM3_0_hw_platform\Debug\liblockNET_SF_MSS_MSS_CM3_0_hw_platform.a(mss_spi.o)
 .debug_abbrev  0x00001050      0x2da N:\PortableGit\locknet373\smartfusion\lockNET_SF\SoftConsole\lockNET_SF_MSS_MSS_CM3_0\lockNET_SF_MSS_MSS_CM3_0_hw_platform\Debug\liblockNET_SF_MSS_MSS_CM3_0_hw_platform.a(mss_i2c.o)
 .debug_abbrev  0x0000132a      0x1f1 N:\PortableGit\locknet373\smartfusion\lockNET_SF\SoftConsole\lockNET_SF_MSS_MSS_CM3_0\lockNET_SF_MSS_MSS_CM3_0_hw_platform\Debug\liblockNET_SF_MSS_MSS_CM3_0_hw_platform.a(mss_gpio.o)
 .debug_abbrev  0x0000151b       0xc5 N:\PortableGit\locknet373\smartfusion\lockNET_SF\SoftConsole\lockNET_SF_MSS_MSS_CM3_0\lockNET_SF_MSS_MSS_CM3_0_hw_platform\Debug\liblockNET_SF_MSS_MSS_CM3_0_hw_platform.a(core_cm3.o)
 .debug_abbrev  0x000015e0      0x154 N:\PortableGit\locknet373\smartfusion\lockNET_SF\SoftConsole\lockNET_SF_MSS_MSS_CM3_0\lockNET_SF_MSS_MSS_CM3_0_hw_platform\Debug\liblockNET_SF_MSS_MSS_CM3_0_hw_platform.a(system_a2fxxxm3.o)

.debug_line     0x00000000     0x4b41
 *(.debug_line)
 .debug_line    0x00000000      0x274 ./contact_switch.o
 .debug_line    0x00000274      0x85b ./lora.o
 .debug_line    0x00000acf      0x750 ./lora_client_ex.o
 .debug_line    0x0000121f      0x8fd ./main.o
 .debug_line    0x00001b1c      0x139 ./neopixel.o
 .debug_line    0x00001c55      0x343 ./neopixel_test.o
 .debug_line    0x00001f98      0x6d0 ./nfc.o
 .debug_line    0x00002668      0x10a ./servo.o
 .debug_line    0x00002772      0x547 N:/PortableGit/locknet373/smartfusion/lockNET_SF/SoftConsole/lockNET_SF_MSS_MSS_CM3_0/lockNET_SF_MSS_MSS_CM3_0_hw_platform/Debug/CMSIS/startup_gcc/newlib_stubs.o
 .debug_line    0x00002cb9      0x619 N:\PortableGit\locknet373\smartfusion\lockNET_SF\SoftConsole\lockNET_SF_MSS_MSS_CM3_0\lockNET_SF_MSS_MSS_CM3_0_hw_platform\Debug\liblockNET_SF_MSS_MSS_CM3_0_hw_platform.a(mss_uart.o)
 .debug_line    0x000032d2      0x866 N:\PortableGit\locknet373\smartfusion\lockNET_SF\SoftConsole\lockNET_SF_MSS_MSS_CM3_0\lockNET_SF_MSS_MSS_CM3_0_hw_platform\Debug\liblockNET_SF_MSS_MSS_CM3_0_hw_platform.a(mss_spi.o)
 .debug_line    0x00003b38      0x7c9 N:\PortableGit\locknet373\smartfusion\lockNET_SF\SoftConsole\lockNET_SF_MSS_MSS_CM3_0\lockNET_SF_MSS_MSS_CM3_0_hw_platform\Debug\liblockNET_SF_MSS_MSS_CM3_0_hw_platform.a(mss_i2c.o)
 .debug_line    0x00004301      0x348 N:\PortableGit\locknet373\smartfusion\lockNET_SF\SoftConsole\lockNET_SF_MSS_MSS_CM3_0\lockNET_SF_MSS_MSS_CM3_0_hw_platform\Debug\liblockNET_SF_MSS_MSS_CM3_0_hw_platform.a(mss_gpio.o)
 .debug_line    0x00004649      0x258 N:\PortableGit\locknet373\smartfusion\lockNET_SF\SoftConsole\lockNET_SF_MSS_MSS_CM3_0\lockNET_SF_MSS_MSS_CM3_0_hw_platform\Debug\liblockNET_SF_MSS_MSS_CM3_0_hw_platform.a(core_cm3.o)
 .debug_line    0x000048a1      0x2a0 N:\PortableGit\locknet373\smartfusion\lockNET_SF\SoftConsole\lockNET_SF_MSS_MSS_CM3_0\lockNET_SF_MSS_MSS_CM3_0_hw_platform\Debug\liblockNET_SF_MSS_MSS_CM3_0_hw_platform.a(system_a2fxxxm3.o)

.debug_frame    0x00000000     0x1e08
 *(.debug_frame)
 .debug_frame   0x00000000       0x64 ./contact_switch.o
 .debug_frame   0x00000064      0x348 ./lora.o
 .debug_frame   0x000003ac       0x4c ./lora_client_ex.o
 .debug_frame   0x000003f8       0x78 ./main.o
 .debug_frame   0x00000470       0xa8 ./neopixel.o
 .debug_frame   0x00000518       0x30 ./neopixel_test.o
 .debug_frame   0x00000548      0x144 ./nfc.o
 .debug_frame   0x0000068c       0x70 ./servo.o
 .debug_frame   0x000006fc      0x174 N:/PortableGit/locknet373/smartfusion/lockNET_SF/SoftConsole/lockNET_SF_MSS_MSS_CM3_0/lockNET_SF_MSS_MSS_CM3_0_hw_platform/Debug/CMSIS/startup_gcc/newlib_stubs.o
 .debug_frame   0x00000870      0x1f0 N:\PortableGit\locknet373\smartfusion\lockNET_SF\SoftConsole\lockNET_SF_MSS_MSS_CM3_0\lockNET_SF_MSS_MSS_CM3_0_hw_platform\Debug\liblockNET_SF_MSS_MSS_CM3_0_hw_platform.a(mss_uart.o)
 .debug_frame   0x00000a60      0x270 N:\PortableGit\locknet373\smartfusion\lockNET_SF\SoftConsole\lockNET_SF_MSS_MSS_CM3_0\lockNET_SF_MSS_MSS_CM3_0_hw_platform\Debug\liblockNET_SF_MSS_MSS_CM3_0_hw_platform.a(mss_spi.o)
 .debug_frame   0x00000cd0      0x2bc N:\PortableGit\locknet373\smartfusion\lockNET_SF\SoftConsole\lockNET_SF_MSS_MSS_CM3_0\lockNET_SF_MSS_MSS_CM3_0_hw_platform\Debug\liblockNET_SF_MSS_MSS_CM3_0_hw_platform.a(mss_i2c.o)
 .debug_frame   0x00000f8c       0x88 N:\PortableGit\locknet373\smartfusion\lockNET_SF\SoftConsole\lockNET_SF_MSS_MSS_CM3_0\lockNET_SF_MSS_MSS_CM3_0_hw_platform\Debug\liblockNET_SF_MSS_MSS_CM3_0_hw_platform.a(mss_gpio.o)
 .debug_frame   0x00001014      0x170 N:\PortableGit\locknet373\smartfusion\lockNET_SF\SoftConsole\lockNET_SF_MSS_MSS_CM3_0\lockNET_SF_MSS_MSS_CM3_0_hw_platform\Debug\liblockNET_SF_MSS_MSS_CM3_0_hw_platform.a(core_cm3.o)
 .debug_frame   0x00001184       0x3c N:\PortableGit\locknet373\smartfusion\lockNET_SF\SoftConsole\lockNET_SF_MSS_MSS_CM3_0\lockNET_SF_MSS_MSS_CM3_0_hw_platform\Debug\liblockNET_SF_MSS_MSS_CM3_0_hw_platform.a(system_a2fxxxm3.o)
 .debug_frame   0x000011c0       0x20 c:/program files (x86)/microsemi/softconsole v3.3/sourcery-g++/bin/../lib/gcc/arm-none-eabi/4.4.1/../../../../arm-none-eabi/lib/thumb2\libc.a(lib_a-errno.o)
 .debug_frame   0x000011e0       0x2c c:/program files (x86)/microsemi/softconsole v3.3/sourcery-g++/bin/../lib/gcc/arm-none-eabi/4.4.1/../../../../arm-none-eabi/lib/thumb2\libc.a(lib_a-init.o)
 .debug_frame   0x0000120c       0x34 c:/program files (x86)/microsemi/softconsole v3.3/sourcery-g++/bin/../lib/gcc/arm-none-eabi/4.4.1/../../../../arm-none-eabi/lib/thumb2\libc.a(lib_a-memcpy.o)
 .debug_frame   0x00001240       0x28 c:/program files (x86)/microsemi/softconsole v3.3/sourcery-g++/bin/../lib/gcc/arm-none-eabi/4.4.1/../../../../arm-none-eabi/lib/thumb2\libc.a(lib_a-memset.o)
 .debug_frame   0x00001268       0x5c c:/program files (x86)/microsemi/softconsole v3.3/sourcery-g++/bin/../lib/gcc/arm-none-eabi/4.4.1/../../../../arm-none-eabi/lib/thumb2\libc.a(lib_a-printf.o)
 .debug_frame   0x000012c4       0x40 c:/program files (x86)/microsemi/softconsole v3.3/sourcery-g++/bin/../lib/gcc/arm-none-eabi/4.4.1/../../../../arm-none-eabi/lib/thumb2\libc.a(lib_a-puts.o)
 .debug_frame   0x00001304       0x20 c:/program files (x86)/microsemi/softconsole v3.3/sourcery-g++/bin/../lib/gcc/arm-none-eabi/4.4.1/../../../../arm-none-eabi/lib/thumb2\libc.a(lib_a-strlen.o)
 .debug_frame   0x00001324       0x70 c:/program files (x86)/microsemi/softconsole v3.3/sourcery-g++/bin/../lib/gcc/arm-none-eabi/4.4.1/../../../../arm-none-eabi/lib/thumb2\libc.a(lib_a-vfprintf.o)
 .debug_frame   0x00001394       0x2c c:/program files (x86)/microsemi/softconsole v3.3/sourcery-g++/bin/../lib/gcc/arm-none-eabi/4.4.1/../../../../arm-none-eabi/lib/thumb2\libc.a(lib_a-wsetup.o)
 .debug_frame   0x000013c0       0x64 c:/program files (x86)/microsemi/softconsole v3.3/sourcery-g++/bin/../lib/gcc/arm-none-eabi/4.4.1/../../../../arm-none-eabi/lib/thumb2\libc.a(lib_a-dtoa.o)
 .debug_frame   0x00001424       0x40 c:/program files (x86)/microsemi/softconsole v3.3/sourcery-g++/bin/../lib/gcc/arm-none-eabi/4.4.1/../../../../arm-none-eabi/lib/thumb2\libc.a(lib_a-fflush.o)
 .debug_frame   0x00001464      0x11c c:/program files (x86)/microsemi/softconsole v3.3/sourcery-g++/bin/../lib/gcc/arm-none-eabi/4.4.1/../../../../arm-none-eabi/lib/thumb2\libc.a(lib_a-findfp.o)
 .debug_frame   0x00001580       0x50 c:/program files (x86)/microsemi/softconsole v3.3/sourcery-g++/bin/../lib/gcc/arm-none-eabi/4.4.1/../../../../arm-none-eabi/lib/thumb2\libc.a(lib_a-freer.o)
 .debug_frame   0x000015d0       0x3c c:/program files (x86)/microsemi/softconsole v3.3/sourcery-g++/bin/../lib/gcc/arm-none-eabi/4.4.1/../../../../arm-none-eabi/lib/thumb2\libc.a(lib_a-fvwrite.o)
 .debug_frame   0x0000160c       0x54 c:/program files (x86)/microsemi/softconsole v3.3/sourcery-g++/bin/../lib/gcc/arm-none-eabi/4.4.1/../../../../arm-none-eabi/lib/thumb2\libc.a(lib_a-fwalk.o)
 .debug_frame   0x00001660       0x6c c:/program files (x86)/microsemi/softconsole v3.3/sourcery-g++/bin/../lib/gcc/arm-none-eabi/4.4.1/../../../../arm-none-eabi/lib/thumb2\libc.a(lib_a-locale.o)
 .debug_frame   0x000016cc       0x34 c:/program files (x86)/microsemi/softconsole v3.3/sourcery-g++/bin/../lib/gcc/arm-none-eabi/4.4.1/../../../../arm-none-eabi/lib/thumb2\libc.a(lib_a-makebuf.o)
 .debug_frame   0x00001700       0x30 c:/program files (x86)/microsemi/softconsole v3.3/sourcery-g++/bin/../lib/gcc/arm-none-eabi/4.4.1/../../../../arm-none-eabi/lib/thumb2\libc.a(lib_a-malloc.o)
 .debug_frame   0x00001730       0x3c c:/program files (x86)/microsemi/softconsole v3.3/sourcery-g++/bin/../lib/gcc/arm-none-eabi/4.4.1/../../../../arm-none-eabi/lib/thumb2\libc.a(lib_a-mallocr.o)
 .debug_frame   0x0000176c       0x28 c:/program files (x86)/microsemi/softconsole v3.3/sourcery-g++/bin/../lib/gcc/arm-none-eabi/4.4.1/../../../../arm-none-eabi/lib/thumb2\libc.a(lib_a-memchr.o)
 .debug_frame   0x00001794       0x2c c:/program files (x86)/microsemi/softconsole v3.3/sourcery-g++/bin/../lib/gcc/arm-none-eabi/4.4.1/../../../../arm-none-eabi/lib/thumb2\libc.a(lib_a-memmove.o)
 .debug_frame   0x000017c0       0x30 c:/program files (x86)/microsemi/softconsole v3.3/sourcery-g++/bin/../lib/gcc/arm-none-eabi/4.4.1/../../../../arm-none-eabi/lib/thumb2\libc.a(lib_a-mlock.o)
 .debug_frame   0x000017f0      0x240 c:/program files (x86)/microsemi/softconsole v3.3/sourcery-g++/bin/../lib/gcc/arm-none-eabi/4.4.1/../../../../arm-none-eabi/lib/thumb2\libc.a(lib_a-mprec.o)
 .debug_frame   0x00001a30       0x3c c:/program files (x86)/microsemi/softconsole v3.3/sourcery-g++/bin/../lib/gcc/arm-none-eabi/4.4.1/../../../../arm-none-eabi/lib/thumb2\libc.a(lib_a-reallocr.o)
 .debug_frame   0x00001a6c       0x20 c:/program files (x86)/microsemi/softconsole v3.3/sourcery-g++/bin/../lib/gcc/arm-none-eabi/4.4.1/../../../../arm-none-eabi/lib/thumb2\libc.a(lib_a-s_isinfd.o)
 .debug_frame   0x00001a8c       0x20 c:/program files (x86)/microsemi/softconsole v3.3/sourcery-g++/bin/../lib/gcc/arm-none-eabi/4.4.1/../../../../arm-none-eabi/lib/thumb2\libc.a(lib_a-s_isnand.o)
 .debug_frame   0x00001aac       0x2c c:/program files (x86)/microsemi/softconsole v3.3/sourcery-g++/bin/../lib/gcc/arm-none-eabi/4.4.1/../../../../arm-none-eabi/lib/thumb2\libc.a(lib_a-sbrkr.o)
 .debug_frame   0x00001ad8       0x70 c:/program files (x86)/microsemi/softconsole v3.3/sourcery-g++/bin/../lib/gcc/arm-none-eabi/4.4.1/../../../../arm-none-eabi/lib/thumb2\libc.a(lib_a-stdio.o)
 .debug_frame   0x00001b48       0x30 c:/program files (x86)/microsemi/softconsole v3.3/sourcery-g++/bin/../lib/gcc/arm-none-eabi/4.4.1/../../../../arm-none-eabi/lib/thumb2\libc.a(lib_a-strcmp.o)
 .debug_frame   0x00001b78       0x2c c:/program files (x86)/microsemi/softconsole v3.3/sourcery-g++/bin/../lib/gcc/arm-none-eabi/4.4.1/../../../../arm-none-eabi/lib/thumb2\libc.a(lib_a-callocr.o)
 .debug_frame   0x00001ba4       0x2c c:/program files (x86)/microsemi/softconsole v3.3/sourcery-g++/bin/../lib/gcc/arm-none-eabi/4.4.1/../../../../arm-none-eabi/lib/thumb2\libc.a(lib_a-closer.o)
 .debug_frame   0x00001bd0       0x3c c:/program files (x86)/microsemi/softconsole v3.3/sourcery-g++/bin/../lib/gcc/arm-none-eabi/4.4.1/../../../../arm-none-eabi/lib/thumb2\libc.a(lib_a-fclose.o)
 .debug_frame   0x00001c0c       0x2c c:/program files (x86)/microsemi/softconsole v3.3/sourcery-g++/bin/../lib/gcc/arm-none-eabi/4.4.1/../../../../arm-none-eabi/lib/thumb2\libc.a(lib_a-fstatr.o)
 .debug_frame   0x00001c38       0x2c c:/program files (x86)/microsemi/softconsole v3.3/sourcery-g++/bin/../lib/gcc/arm-none-eabi/4.4.1/../../../../arm-none-eabi/lib/thumb2\libc.a(lib_a-isattyr.o)
 .debug_frame   0x00001c64       0x2c c:/program files (x86)/microsemi/softconsole v3.3/sourcery-g++/bin/../lib/gcc/arm-none-eabi/4.4.1/../../../../arm-none-eabi/lib/thumb2\libc.a(lib_a-lseekr.o)
 .debug_frame   0x00001c90       0x2c c:/program files (x86)/microsemi/softconsole v3.3/sourcery-g++/bin/../lib/gcc/arm-none-eabi/4.4.1/../../../../arm-none-eabi/lib/thumb2\libc.a(lib_a-readr.o)
 .debug_frame   0x00001cbc       0x64 c:/program files (x86)/microsemi/softconsole v3.3/sourcery-g++/bin/../lib/gcc/arm-none-eabi/4.4.1/../../../../arm-none-eabi/lib/thumb2\libc.a(lib_a-reent.o)
 .debug_frame   0x00001d20       0x20 c:/program files (x86)/microsemi/softconsole v3.3/sourcery-g++/bin/../lib/gcc/arm-none-eabi/4.4.1/thumb2\libgcc.a(_udivsi3.o)
 .debug_frame   0x00001d40       0x50 c:/program files (x86)/microsemi/softconsole v3.3/sourcery-g++/bin/../lib/gcc/arm-none-eabi/4.4.1/thumb2\libgcc.a(bpabi.o)
 .debug_frame   0x00001d90       0x3c c:/program files (x86)/microsemi/softconsole v3.3/sourcery-g++/bin/../lib/gcc/arm-none-eabi/4.4.1/thumb2\libgcc.a(_divdi3.o)
 .debug_frame   0x00001dcc       0x3c c:/program files (x86)/microsemi/softconsole v3.3/sourcery-g++/bin/../lib/gcc/arm-none-eabi/4.4.1/thumb2\libgcc.a(_udivdi3.o)

.debug_str      0x00000000     0x3246
 *(.debug_str)
 .debug_str     0x00000000      0x44c ./contact_switch.o
                                0x487 (size before relaxing)
 .debug_str     0x0000044c     0x1177 ./lora.o
                               0x1537 (size before relaxing)
 .debug_str     0x000015c3       0x3d ./lora_client_ex.o
                                0x165 (size before relaxing)
 .debug_str     0x00001600       0x54 ./main.o
                                0x302 (size before relaxing)
 .debug_str     0x00001654       0x72 ./neopixel.o
                                0x193 (size before relaxing)
 .debug_str     0x000016c6       0x1b ./neopixel_test.o
                                0x129 (size before relaxing)
 .debug_str     0x000016e1      0x635 ./nfc.o
                               0x1422 (size before relaxing)
 .debug_str     0x00001d16       0x3e ./servo.o
                                0x150 (size before relaxing)
 .debug_str     0x00001d54      0x48d N:/PortableGit/locknet373/smartfusion/lockNET_SF/SoftConsole/lockNET_SF_MSS_MSS_CM3_0/lockNET_SF_MSS_MSS_CM3_0_hw_platform/Debug/CMSIS/startup_gcc/newlib_stubs.o
                               0x10c1 (size before relaxing)
 .debug_str     0x000021e1      0x60b N:\PortableGit\locknet373\smartfusion\lockNET_SF\SoftConsole\lockNET_SF_MSS_MSS_CM3_0\lockNET_SF_MSS_MSS_CM3_0_hw_platform\Debug\liblockNET_SF_MSS_MSS_CM3_0_hw_platform.a(mss_uart.o)
                               0x14d2 (size before relaxing)
 .debug_str     0x000027ec      0x357 N:\PortableGit\locknet373\smartfusion\lockNET_SF\SoftConsole\lockNET_SF_MSS_MSS_CM3_0\lockNET_SF_MSS_MSS_CM3_0_hw_platform\Debug\liblockNET_SF_MSS_MSS_CM3_0_hw_platform.a(mss_spi.o)
                               0x16e3 (size before relaxing)
 .debug_str     0x00002b43      0x382 N:\PortableGit\locknet373\smartfusion\lockNET_SF\SoftConsole\lockNET_SF_MSS_MSS_CM3_0\lockNET_SF_MSS_MSS_CM3_0_hw_platform\Debug\liblockNET_SF_MSS_MSS_CM3_0_hw_platform.a(mss_i2c.o)
                               0x1772 (size before relaxing)
 .debug_str     0x00002ec5      0x14f N:\PortableGit\locknet373\smartfusion\lockNET_SF\SoftConsole\lockNET_SF_MSS_MSS_CM3_0\lockNET_SF_MSS_MSS_CM3_0_hw_platform\Debug\liblockNET_SF_MSS_MSS_CM3_0_hw_platform.a(mss_gpio.o)
                               0x12aa (size before relaxing)
 .debug_str     0x00003014      0x13b N:\PortableGit\locknet373\smartfusion\lockNET_SF\SoftConsole\lockNET_SF_MSS_MSS_CM3_0\lockNET_SF_MSS_MSS_CM3_0_hw_platform\Debug\liblockNET_SF_MSS_MSS_CM3_0_hw_platform.a(core_cm3.o)
                                0x288 (size before relaxing)
 .debug_str     0x0000314f       0xf7 N:\PortableGit\locknet373\smartfusion\lockNET_SF\SoftConsole\lockNET_SF_MSS_MSS_CM3_0\lockNET_SF_MSS_MSS_CM3_0_hw_platform\Debug\liblockNET_SF_MSS_MSS_CM3_0_hw_platform.a(system_a2fxxxm3.o)
                                0x475 (size before relaxing)

.debug_loc      0x00000000     0x2b1e
 *(.debug_loc)
 .debug_loc     0x00000000       0x8d ./contact_switch.o
 .debug_loc     0x0000008d      0x5a4 ./lora.o
 .debug_loc     0x00000631       0x64 ./lora_client_ex.o
 .debug_loc     0x00000695       0x8d ./main.o
 .debug_loc     0x00000722      0x11a ./neopixel.o
 .debug_loc     0x0000083c       0x37 ./neopixel_test.o
 .debug_loc     0x00000873      0x21b ./nfc.o
 .debug_loc     0x00000a8e       0xac ./servo.o
 .debug_loc     0x00000b3a      0x30d N:/PortableGit/locknet373/smartfusion/lockNET_SF/SoftConsole/lockNET_SF_MSS_MSS_CM3_0/lockNET_SF_MSS_MSS_CM3_0_hw_platform/Debug/CMSIS/startup_gcc/newlib_stubs.o
 .debug_loc     0x00000e47      0x894 N:\PortableGit\locknet373\smartfusion\lockNET_SF\SoftConsole\lockNET_SF_MSS_MSS_CM3_0\lockNET_SF_MSS_MSS_CM3_0_hw_platform\Debug\liblockNET_SF_MSS_MSS_CM3_0_hw_platform.a(mss_uart.o)
 .debug_loc     0x000016db      0x982 N:\PortableGit\locknet373\smartfusion\lockNET_SF\SoftConsole\lockNET_SF_MSS_MSS_CM3_0\lockNET_SF_MSS_MSS_CM3_0_hw_platform\Debug\liblockNET_SF_MSS_MSS_CM3_0_hw_platform.a(mss_spi.o)
 .debug_loc     0x0000205d      0x755 N:\PortableGit\locknet373\smartfusion\lockNET_SF\SoftConsole\lockNET_SF_MSS_MSS_CM3_0\lockNET_SF_MSS_MSS_CM3_0_hw_platform\Debug\liblockNET_SF_MSS_MSS_CM3_0_hw_platform.a(mss_i2c.o)
 .debug_loc     0x000027b2       0xf1 N:\PortableGit\locknet373\smartfusion\lockNET_SF\SoftConsole\lockNET_SF_MSS_MSS_CM3_0\lockNET_SF_MSS_MSS_CM3_0_hw_platform\Debug\liblockNET_SF_MSS_MSS_CM3_0_hw_platform.a(mss_gpio.o)
 .debug_loc     0x000028a3      0x1c8 N:\PortableGit\locknet373\smartfusion\lockNET_SF\SoftConsole\lockNET_SF_MSS_MSS_CM3_0\lockNET_SF_MSS_MSS_CM3_0_hw_platform\Debug\liblockNET_SF_MSS_MSS_CM3_0_hw_platform.a(core_cm3.o)
 .debug_loc     0x00002a6b       0xb3 N:\PortableGit\locknet373\smartfusion\lockNET_SF\SoftConsole\lockNET_SF_MSS_MSS_CM3_0\lockNET_SF_MSS_MSS_CM3_0_hw_platform\Debug\liblockNET_SF_MSS_MSS_CM3_0_hw_platform.a(system_a2fxxxm3.o)

.debug_macinfo  0x00000000    0x61527
 *(.debug_macinfo)
 .debug_macinfo
                0x00000000     0x5876 ./contact_switch.o
 .debug_macinfo
                0x00005876     0x9ee3 ./lora.o
 .debug_macinfo
                0x0000f759     0xa5e9 ./lora_client_ex.o
 .debug_macinfo
                0x00019d42     0xb320 ./main.o
 .debug_macinfo
                0x00025062     0x15e4 ./neopixel.o
 .debug_macinfo
                0x00026646     0x40bc ./neopixel_test.o
 .debug_macinfo
                0x0002a702     0xa434 ./nfc.o
 .debug_macinfo
                0x00034b36     0x157c ./servo.o
 .debug_macinfo
                0x000360b2     0x9964 N:/PortableGit/locknet373/smartfusion/lockNET_SF/SoftConsole/lockNET_SF_MSS_MSS_CM3_0/lockNET_SF_MSS_MSS_CM3_0_hw_platform/Debug/CMSIS/startup_gcc/newlib_stubs.o
 .debug_macinfo
                0x0003fa16     0x63e3 N:\PortableGit\locknet373\smartfusion\lockNET_SF\SoftConsole\lockNET_SF_MSS_MSS_CM3_0\lockNET_SF_MSS_MSS_CM3_0_hw_platform\Debug\liblockNET_SF_MSS_MSS_CM3_0_hw_platform.a(mss_uart.o)
 .debug_macinfo
                0x00045df9     0x7559 N:\PortableGit\locknet373\smartfusion\lockNET_SF\SoftConsole\lockNET_SF_MSS_MSS_CM3_0\lockNET_SF_MSS_MSS_CM3_0_hw_platform\Debug\liblockNET_SF_MSS_MSS_CM3_0_hw_platform.a(mss_spi.o)
 .debug_macinfo
                0x0004d352     0x7518 N:\PortableGit\locknet373\smartfusion\lockNET_SF\SoftConsole\lockNET_SF_MSS_MSS_CM3_0\lockNET_SF_MSS_MSS_CM3_0_hw_platform\Debug\liblockNET_SF_MSS_MSS_CM3_0_hw_platform.a(mss_i2c.o)
 .debug_macinfo
                0x0005486a     0x5cfa N:\PortableGit\locknet373\smartfusion\lockNET_SF\SoftConsole\lockNET_SF_MSS_MSS_CM3_0\lockNET_SF_MSS_MSS_CM3_0_hw_platform\Debug\liblockNET_SF_MSS_MSS_CM3_0_hw_platform.a(mss_gpio.o)
 .debug_macinfo
                0x0005a564     0x152b N:\PortableGit\locknet373\smartfusion\lockNET_SF\SoftConsole\lockNET_SF_MSS_MSS_CM3_0\lockNET_SF_MSS_MSS_CM3_0_hw_platform\Debug\liblockNET_SF_MSS_MSS_CM3_0_hw_platform.a(core_cm3.o)
 .debug_macinfo
                0x0005ba8f     0x5a98 N:\PortableGit\locknet373\smartfusion\lockNET_SF\SoftConsole\lockNET_SF_MSS_MSS_CM3_0\lockNET_SF_MSS_MSS_CM3_0_hw_platform\Debug\liblockNET_SF_MSS_MSS_CM3_0_hw_platform.a(system_a2fxxxm3.o)

.debug_weaknames
 *(.debug_weaknames)

.debug_funcnames
 *(.debug_funcnames)

.debug_typenames
 *(.debug_typenames)

.debug_varnames
 *(.debug_varnames)

.note.gnu.arm.ident
 *(.note.gnu.arm.ident)

.ARM.attributes
                0x00000000       0x25
 *(.ARM.attributes)
 .ARM.attributes
                0x00000000       0x19 c:/program files (x86)/microsemi/softconsole v3.3/sourcery-g++/bin/../lib/gcc/arm-none-eabi/4.4.1/thumb2/crti.o
 .ARM.attributes
                0x00000019       0x29 c:/program files (x86)/microsemi/softconsole v3.3/sourcery-g++/bin/../lib/gcc/arm-none-eabi/4.4.1/thumb2/crtbegin.o
 .ARM.attributes
                0x00000042       0x31 ./contact_switch.o
 .ARM.attributes
                0x00000073       0x31 ./lora.o
 .ARM.attributes
                0x000000a4       0x31 ./lora_client_ex.o
 .ARM.attributes
                0x000000d5       0x31 ./main.o
 .ARM.attributes
                0x00000106       0x31 ./neopixel.o
 .ARM.attributes
                0x00000137       0x31 ./neopixel_test.o
 .ARM.attributes
                0x00000168       0x31 ./nfc.o
 .ARM.attributes
                0x00000199       0x31 ./servo.o
 .ARM.attributes
                0x000001ca       0x21 N:/PortableGit/locknet373/smartfusion/lockNET_SF/SoftConsole/lockNET_SF_MSS_MSS_CM3_0/lockNET_SF_MSS_MSS_CM3_0_hw_platform/Debug/CMSIS/startup_gcc/startup_a2fxxxm3.o
 .ARM.attributes
                0x000001eb       0x31 N:/PortableGit/locknet373/smartfusion/lockNET_SF/SoftConsole/lockNET_SF_MSS_MSS_CM3_0/lockNET_SF_MSS_MSS_CM3_0_hw_platform/Debug/CMSIS/startup_gcc/newlib_stubs.o
 .ARM.attributes
                0x0000021c       0x31 N:\PortableGit\locknet373\smartfusion\lockNET_SF\SoftConsole\lockNET_SF_MSS_MSS_CM3_0\lockNET_SF_MSS_MSS_CM3_0_hw_platform\Debug\liblockNET_SF_MSS_MSS_CM3_0_hw_platform.a(mss_uart.o)
 .ARM.attributes
                0x0000024d       0x31 N:\PortableGit\locknet373\smartfusion\lockNET_SF\SoftConsole\lockNET_SF_MSS_MSS_CM3_0\lockNET_SF_MSS_MSS_CM3_0_hw_platform\Debug\liblockNET_SF_MSS_MSS_CM3_0_hw_platform.a(mss_spi.o)
 .ARM.attributes
                0x0000027e       0x31 N:\PortableGit\locknet373\smartfusion\lockNET_SF\SoftConsole\lockNET_SF_MSS_MSS_CM3_0\lockNET_SF_MSS_MSS_CM3_0_hw_platform\Debug\liblockNET_SF_MSS_MSS_CM3_0_hw_platform.a(mss_i2c.o)
 .ARM.attributes
                0x000002af       0x31 N:\PortableGit\locknet373\smartfusion\lockNET_SF\SoftConsole\lockNET_SF_MSS_MSS_CM3_0\lockNET_SF_MSS_MSS_CM3_0_hw_platform\Debug\liblockNET_SF_MSS_MSS_CM3_0_hw_platform.a(mss_gpio.o)
 .ARM.attributes
                0x000002e0       0x31 N:\PortableGit\locknet373\smartfusion\lockNET_SF\SoftConsole\lockNET_SF_MSS_MSS_CM3_0\lockNET_SF_MSS_MSS_CM3_0_hw_platform\Debug\liblockNET_SF_MSS_MSS_CM3_0_hw_platform.a(core_cm3.o)
 .ARM.attributes
                0x00000311       0x31 N:\PortableGit\locknet373\smartfusion\lockNET_SF\SoftConsole\lockNET_SF_MSS_MSS_CM3_0\lockNET_SF_MSS_MSS_CM3_0_hw_platform\Debug\liblockNET_SF_MSS_MSS_CM3_0_hw_platform.a(system_a2fxxxm3.o)
 .ARM.attributes
                0x00000342       0x1b c:/program files (x86)/microsemi/softconsole v3.3/sourcery-g++/bin/../lib/gcc/arm-none-eabi/4.4.1/thumb2\libgcc.a(_arm_muldivdf3.o)
 .ARM.attributes
                0x0000035d       0x1b c:/program files (x86)/microsemi/softconsole v3.3/sourcery-g++/bin/../lib/gcc/arm-none-eabi/4.4.1/thumb2\libgcc.a(_arm_fixunsdfsi.o)
 .ARM.attributes
                0x00000378       0x29 c:/program files (x86)/microsemi/softconsole v3.3/sourcery-g++/bin/../lib/gcc/arm-none-eabi/4.4.1/../../../../arm-none-eabi/lib/thumb2\libc.a(lib_a-errno.o)
 .ARM.attributes
                0x000003a1       0x29 c:/program files (x86)/microsemi/softconsole v3.3/sourcery-g++/bin/../lib/gcc/arm-none-eabi/4.4.1/../../../../arm-none-eabi/lib/thumb2\libc.a(lib_a-impure.o)
 .ARM.attributes
                0x000003ca       0x29 c:/program files (x86)/microsemi/softconsole v3.3/sourcery-g++/bin/../lib/gcc/arm-none-eabi/4.4.1/../../../../arm-none-eabi/lib/thumb2\libc.a(lib_a-init.o)
 .ARM.attributes
                0x000003f3       0x29 c:/program files (x86)/microsemi/softconsole v3.3/sourcery-g++/bin/../lib/gcc/arm-none-eabi/4.4.1/../../../../arm-none-eabi/lib/thumb2\libc.a(lib_a-memcpy.o)
 .ARM.attributes
                0x0000041c       0x29 c:/program files (x86)/microsemi/softconsole v3.3/sourcery-g++/bin/../lib/gcc/arm-none-eabi/4.4.1/../../../../arm-none-eabi/lib/thumb2\libc.a(lib_a-memset.o)
 .ARM.attributes
                0x00000445       0x29 c:/program files (x86)/microsemi/softconsole v3.3/sourcery-g++/bin/../lib/gcc/arm-none-eabi/4.4.1/../../../../arm-none-eabi/lib/thumb2\libc.a(lib_a-printf.o)
 .ARM.attributes
                0x0000046e       0x29 c:/program files (x86)/microsemi/softconsole v3.3/sourcery-g++/bin/../lib/gcc/arm-none-eabi/4.4.1/../../../../arm-none-eabi/lib/thumb2\libc.a(lib_a-puts.o)
 .ARM.attributes
                0x00000497       0x29 c:/program files (x86)/microsemi/softconsole v3.3/sourcery-g++/bin/../lib/gcc/arm-none-eabi/4.4.1/../../../../arm-none-eabi/lib/thumb2\libc.a(lib_a-strlen.o)
 .ARM.attributes
                0x000004c0       0x29 c:/program files (x86)/microsemi/softconsole v3.3/sourcery-g++/bin/../lib/gcc/arm-none-eabi/4.4.1/../../../../arm-none-eabi/lib/thumb2\libc.a(lib_a-vfprintf.o)
 .ARM.attributes
                0x000004e9       0x29 c:/program files (x86)/microsemi/softconsole v3.3/sourcery-g++/bin/../lib/gcc/arm-none-eabi/4.4.1/../../../../arm-none-eabi/lib/thumb2\libc.a(lib_a-wsetup.o)
 .ARM.attributes
                0x00000512       0x29 c:/program files (x86)/microsemi/softconsole v3.3/sourcery-g++/bin/../lib/gcc/arm-none-eabi/4.4.1/../../../../arm-none-eabi/lib/thumb2\libc.a(lib_a-dtoa.o)
 .ARM.attributes
                0x0000053b       0x29 c:/program files (x86)/microsemi/softconsole v3.3/sourcery-g++/bin/../lib/gcc/arm-none-eabi/4.4.1/../../../../arm-none-eabi/lib/thumb2\libc.a(lib_a-fflush.o)
 .ARM.attributes
                0x00000564       0x29 c:/program files (x86)/microsemi/softconsole v3.3/sourcery-g++/bin/../lib/gcc/arm-none-eabi/4.4.1/../../../../arm-none-eabi/lib/thumb2\libc.a(lib_a-findfp.o)
 .ARM.attributes
                0x0000058d       0x29 c:/program files (x86)/microsemi/softconsole v3.3/sourcery-g++/bin/../lib/gcc/arm-none-eabi/4.4.1/../../../../arm-none-eabi/lib/thumb2\libc.a(lib_a-freer.o)
 .ARM.attributes
                0x000005b6       0x29 c:/program files (x86)/microsemi/softconsole v3.3/sourcery-g++/bin/../lib/gcc/arm-none-eabi/4.4.1/../../../../arm-none-eabi/lib/thumb2\libc.a(lib_a-fvwrite.o)
 .ARM.attributes