Archive member included because of file (symbol)

N:\PortableGit\locknet373\smartfusion\lockNET_SF\SoftConsole\lockNET_SF_MSS_MSS_CM3_0\lockNET_SF_MSS_MSS_CM3_0_hw_platform\Debug\liblockNET_SF_MSS_MSS_CM3_0_hw_platform.a(mss_uart.o)
                              N:/PortableGit/locknet373/smartfusion/lockNET_SF/SoftConsole/lockNET_SF_MSS_MSS_CM3_0/lockNET_SF_MSS_MSS_CM3_0_hw_platform/Debug/CMSIS/startup_gcc/newlib_stubs.o (MSS_UART_polled_tx)
N:\PortableGit\locknet373\smartfusion\lockNET_SF\SoftConsole\lockNET_SF_MSS_MSS_CM3_0\lockNET_SF_MSS_MSS_CM3_0_hw_platform\Debug\liblockNET_SF_MSS_MSS_CM3_0_hw_platform.a(mss_spi.o)
                              ./lora.o (g_mss_spi1)
N:\PortableGit\locknet373\smartfusion\lockNET_SF\SoftConsole\lockNET_SF_MSS_MSS_CM3_0\lockNET_SF_MSS_MSS_CM3_0_hw_platform\Debug\liblockNET_SF_MSS_MSS_CM3_0_hw_platform.a(mss_i2c.o)
                              ./nfc.o (g_mss_i2c1)
N:\PortableGit\locknet373\smartfusion\lockNET_SF\SoftConsole\lockNET_SF_MSS_MSS_CM3_0\lockNET_SF_MSS_MSS_CM3_0_hw_platform\Debug\liblockNET_SF_MSS_MSS_CM3_0_hw_platform.a(mss_gpio.o)
                              ./contact_switch.o (MSS_GPIO_init)
N:\PortableGit\locknet373\smartfusion\lockNET_SF\SoftConsole\lockNET_SF_MSS_MSS_CM3_0\lockNET_SF_MSS_MSS_CM3_0_hw_platform\Debug\liblockNET_SF_MSS_MSS_CM3_0_hw_platform.a(core_cm3.o)
                              N:\PortableGit\locknet373\smartfusion\lockNET_SF\SoftConsole\lockNET_SF_MSS_MSS_CM3_0\lockNET_SF_MSS_MSS_CM3_0_hw_platform\Debug\liblockNET_SF_MSS_MSS_CM3_0_hw_platform.a(mss_i2c.o) (__get_PRIMASK)
N:\PortableGit\locknet373\smartfusion\lockNET_SF\SoftConsole\lockNET_SF_MSS_MSS_CM3_0\lockNET_SF_MSS_MSS_CM3_0_hw_platform\Debug\liblockNET_SF_MSS_MSS_CM3_0_hw_platform.a(system_a2fxxxm3.o)
                              N:/PortableGit/locknet373/smartfusion/lockNET_SF/SoftConsole/lockNET_SF_MSS_MSS_CM3_0/lockNET_SF_MSS_MSS_CM3_0_hw_platform/Debug/CMSIS/startup_gcc/startup_a2fxxxm3.o (SystemInit)
c:/program files (x86)/microsemi/softconsole v3.3/sourcery-g++/bin/../lib/gcc/arm-none-eabi/4.4.1/thumb2\libgcc.a(_arm_muldivdf3.o)
                              ./lora.o (__aeabi_dmul)
c:/program files (x86)/microsemi/softconsole v3.3/sourcery-g++/bin/../lib/gcc/arm-none-eabi/4.4.1/thumb2\libgcc.a(_arm_fixunsdfsi.o)
                              ./lora.o (__aeabi_d2uiz)
c:/program files (x86)/microsemi/softconsole v3.3/sourcery-g++/bin/../lib/gcc/arm-none-eabi/4.4.1/../../../../arm-none-eabi/lib/thumb2\libc.a(lib_a-errno.o)
                              N:/PortableGit/locknet373/smartfusion/lockNET_SF/SoftConsole/lockNET_SF_MSS_MSS_CM3_0/lockNET_SF_MSS_MSS_CM3_0_hw_platform/Debug/CMSIS/startup_gcc/newlib_stubs.o (__errno)
c:/program files (x86)/microsemi/softconsole v3.3/sourcery-g++/bin/../lib/gcc/arm-none-eabi/4.4.1/../../../../arm-none-eabi/lib/thumb2\libc.a(lib_a-impure.o)
                              c:/program files (x86)/microsemi/softconsole v3.3/sourcery-g++/bin/../lib/gcc/arm-none-eabi/4.4.1/../../../../arm-none-eabi/lib/thumb2\libc.a(lib_a-errno.o) (_impure_ptr)
c:/program files (x86)/microsemi/softconsole v3.3/sourcery-g++/bin/../lib/gcc/arm-none-eabi/4.4.1/../../../../arm-none-eabi/lib/thumb2\libc.a(lib_a-init.o)
                              N:/PortableGit/locknet373/smartfusion/lockNET_SF/SoftConsole/lockNET_SF_MSS_MSS_CM3_0/lockNET_SF_MSS_MSS_CM3_0_hw_platform/Debug/CMSIS/startup_gcc/startup_a2fxxxm3.o (__libc_init_array)
c:/program files (x86)/microsemi/softconsole v3.3/sourcery-g++/bin/../lib/gcc/arm-none-eabi/4.4.1/../../../../arm-none-eabi/lib/thumb2\libc.a(lib_a-memcpy.o)
                              ./lora.o (memcpy)
c:/program files (x86)/microsemi/softconsole v3.3/sourcery-g++/bin/../lib/gcc/arm-none-eabi/4.4.1/../../../../arm-none-eabi/lib/thumb2\libc.a(lib_a-memset.o)
                              N:\PortableGit\locknet373\smartfusion\lockNET_SF\SoftConsole\lockNET_SF_MSS_MSS_CM3_0\lockNET_SF_MSS_MSS_CM3_0_hw_platform\Debug\liblockNET_SF_MSS_MSS_CM3_0_hw_platform.a(mss_spi.o) (memset)
c:/program files (x86)/microsemi/softconsole v3.3/sourcery-g++/bin/../lib/gcc/arm-none-eabi/4.4.1/../../../../arm-none-eabi/lib/thumb2\libc.a(lib_a-printf.o)
                              ./lora_client_ex.o (printf)
c:/program files (x86)/microsemi/softconsole v3.3/sourcery-g++/bin/../lib/gcc/arm-none-eabi/4.4.1/../../../../arm-none-eabi/lib/thumb2\libc.a(lib_a-puts.o)
                              ./lora_client_ex.o (puts)
c:/program files (x86)/microsemi/softconsole v3.3/sourcery-g++/bin/../lib/gcc/arm-none-eabi/4.4.1/../../../../arm-none-eabi/lib/thumb2\libc.a(lib_a-strlen.o)
                              c:/program files (x86)/microsemi/softconsole v3.3/sourcery-g++/bin/../lib/gcc/arm-none-eabi/4.4.1/../../../../arm-none-eabi/lib/thumb2\libc.a(lib_a-puts.o) (strlen)
c:/program files (x86)/microsemi/softconsole v3.3/sourcery-g++/bin/../lib/gcc/arm-none-eabi/4.4.1/../../../../arm-none-eabi/lib/thumb2\libc.a(lib_a-vfprintf.o)
[...]
Memory Configuration

Name             Origin             Length             Attributes
ram              0x20000000         0x00010000         xrw
*default*        0x00000000         0xffffffff

Linker script and memory map

LOAD c:/program files (x86)/microsemi/softconsole v3.3/sourcery-g++/bin/../lib/gcc/arm-none-eabi/4.4.1/thumb2/crti.o
LOAD c:/program files (x86)/microsemi/softconsole v3.3/sourcery-g++/bin/../lib/gcc/arm-none-eabi/4.4.1/thumb2/crtbegin.o
LOAD ./contact_switch.o
LOAD ./lora.o
LOAD ./lora_client_ex.o
LOAD ./lora_server_ex.o
LOAD ./main.o
LOAD ./neopixel.o
LOAD ./neopixel_test.o
LOAD ./nfc.o
LOAD ./servo.o
LOAD N:/PortableGit/locknet373/smartfusion/lockNET_SF/SoftConsole/lockNET_SF_MSS_MSS_CM3_0/lockNET_SF_MSS_MSS_CM3_0_hw_platform/Debug/CMSIS/startup_gcc/startup_a2fxxxm3.o
LOAD N:/PortableGit/locknet373/smartfusion/lockNET_SF/SoftConsole/lockNET_SF_MSS_MSS_CM3_0/lockNET_SF_MSS_MSS_CM3_0_hw_platform/Debug/CMSIS/startup_gcc/newlib_stubs.o
LOAD N:\PortableGit\locknet373\smartfusion\lockNET_SF\SoftConsole\lockNET_SF_MSS_MSS_CM3_0\lockNET_SF_MSS_MSS_CM3_0_hw_platform\Debug\liblockNET_SF_MSS_MSS_CM3_0_hw_platform.a
START GROUP
LOAD c:/program files (x86)/microsemi/softconsole v3.3/sourcery-g++/bin/../lib/gcc/arm-none-eabi/4.4.1/thumb2\libgcc.a
LOAD c:/program files (x86)/microsemi/softconsole v3.3/sourcery-g++/bin/../lib/gcc/arm-none-eabi/4.4.1/../../../../arm-none-eabi/lib/thumb2\libc.a
END GROUP
LOAD c:/program files (x86)/microsemi/softconsole v3.3/sourcery-g++/bin/../lib/gcc/arm-none-eabi/4.4.1/thumb2/crtend.o
LOAD c:/program files (x86)/microsemi/softconsole v3.3/sourcery-g++/bin/../lib/gcc/arm-none-eabi/4.4.1/thumb2/crtn.o
START GROUP
LOAD c:/program files (x86)/microsemi/softconsole v3.3/sourcery-g++/bin/../lib/gcc/arm-none-eabi/4.4.1/../../../../arm-none-eabi/lib/thumb2\libc.a
LOAD c:/program files (x86)/microsemi/softconsole v3.3/sourcery-g++/bin/../lib/gcc/arm-none-eabi/4.4.1/thumb2\libgcc.a
LOAD c:/program files (x86)/microsemi/softconsole v3.3/sourcery-g++/bin/../lib/gcc/arm-none-eabi/4.4.1/../../../../arm-none-eabi/lib/thumb2\libm.a
END GROUP
                0x00000000                __DYNAMIC = 0x0
                0x20000000                RAM_START_ADDRESS = 0x20000000
                0x00010000                RAM_SIZE = 0x10000
                0x00002000                MAIN_STACK_SIZE = 0x2000
                0x00001000                PROCESS_STACK_SIZE = 0x1000
                0x20010000                PROVIDE (__main_stack_start, (RAM_START_ADDRESS + RAM_SIZE))
                0x2000e000                PROVIDE (__process_stack_start, (__main_stack_start - MAIN_STACK_SIZE))
                0x20010000                PROVIDE (_estack, __main_stack_start)
                0x00000000                PROVIDE (__mirrored_nvm, 0x0)

.text           0x20000000     0x8d98
 CREATE_OBJECT_SYMBOLS
                0x20000000                __text_load = LOADADDR (.text)
                0x20000000                __text_start = .
                0x20000000                __vector_table_vma_base_address = .
 *(.isr_vector)
 .isr_vector    0x20000000      0x470 N:/PortableGit/locknet373/smartfusion/lockNET_SF/SoftConsole/lockNET_SF_MSS_MSS_CM3_0/lockNET_SF_MSS_MSS_CM3_0_hw_platform/Debug/CMSIS/startup_gcc/startup_a2fxxxm3.o
                0x20000000                g_pfnVectors
                0x20000298                Reset_Handler
                0x20000308                NMI_Handler
                0x2000030a                HardFault_Handler
                0x2000030c                MemManage_Handler
                0x2000030e                BusFault_Handler
                0x20000310                UsageFault_Handler
                0x20000312                SVC_Handler
                0x20000314                DebugMon_Handler
                0x20000316                PendSV_Handler
                0x20000318                SysTick_Handler
                0x2000031a                WdogWakeup_IRQHandler
                0x2000031c                BrownOut_1_5V_IRQHandler
                0x2000031e                BrownOut_3_3V_IRQHandler
                0x20000320                RTC_Match_IRQHandler
                0x20000322                RTCIF_Pub_IRQHandler
                0x20000324                EthernetMAC_IRQHandler
                0x20000326                IAP_IRQHandler
                0x20000328                ENVM0_IRQHandler
                0x2000032a                ENVM1_IRQHandler
                0x2000032c                DMA_IRQHandler
                0x20000338                I2C0_SMBAlert_IRQHandler
                0x2000033a                I2C0_SMBus_IRQHandler
                0x2000033e                I2C1_SMBAlert_IRQHandler
                0x20000340                I2C1_SMBus_IRQHandler
                0x20000342                Timer1_IRQHandler
                0x20000344                Timer2_IRQHandler
                0x20000346                PLL_Lock_IRQHandler
                0x20000348                PLL_LockLost_IRQHandler
                0x2000034a                CommError_IRQHandler
                0x2000034c                Fabric_IRQHandler
                0x2000034e                GPIO0_IRQHandler
                0x20000352                GPIO2_IRQHandler
                0x20000354                GPIO3_IRQHandler
                0x20000356                GPIO4_IRQHandler
                0x20000358                GPIO5_IRQHandler
                0x2000035a                GPIO6_IRQHandler
                0x2000035c                GPIO7_IRQHandler
                0x2000035e                GPIO8_IRQHandler
                0x20000362                GPIO10_IRQHandler
                0x20000364                GPIO11_IRQHandler
                0x20000366                GPIO12_IRQHandler
                0x20000368                GPIO13_IRQHandler
                0x2000036a                GPIO14_IRQHandler
                0x2000036c                GPIO15_IRQHandler
                0x2000036e                GPIO16_IRQHandler
                0x20000370                GPIO17_IRQHandler
                0x20000372                GPIO18_IRQHandler
                0x20000374                GPIO19_IRQHandler
                0x20000376                GPIO20_IRQHandler
                0x20000378                GPIO21_IRQHandler
                0x2000037a                GPIO22_IRQHandler
                0x2000037c                GPIO23_IRQHandler
                0x2000037e                GPIO24_IRQHandler
                0x20000380                GPIO25_IRQHandler
                0x20000382                GPIO26_IRQHandler
                0x20000384                GPIO27_IRQHandler
                0x20000386                GPIO28_IRQHandler
                0x20000388                GPIO29_IRQHandler
                0x2000038a                GPIO30_IRQHandler
                0x2000038c                GPIO31_IRQHandler
                0x2000038e                ACE_PC0_Flag0_IRQHandler
                0x20000390                ACE_PC0_Flag1_IRQHandler
                0x20000392                ACE_PC0_Flag2_IRQHandler
                0x20000394                ACE_PC0_Flag3_IRQHandler
                0x20000396                ACE_PC1_Flag0_IRQHandler
                0x20000398                ACE_PC1_Flag1_IRQHandler
                0x2000039a                ACE_PC1_Flag2_IRQHandler
                0x2000039c                ACE_PC1_Flag3_IRQHandler
                0x2000039e                ACE_PC2_Flag0_IRQHandler
                0x200003a0                ACE_PC2_Flag1_IRQHandler
                0x200003a2                ACE_PC2_Flag2_IRQHandler
                0x200003a4                ACE_PC2_Flag3_IRQHandler
                0x200003a6                ACE_ADC0_DataValid_IRQHandler
                0x200003a8                ACE_ADC1_DataValid_IRQHandler
                0x200003aa                ACE_ADC2_DataValid_IRQHandler
                0x200003ac                ACE_ADC0_CalDone_IRQHandler
                0x200003ae                ACE_ADC1_CalDone_IRQHandler
                0x200003b0                ACE_ADC2_CalDone_IRQHandler
                0x200003b2                ACE_ADC0_CalStart_IRQHandler
                0x200003b4                ACE_ADC1_CalStart_IRQHandler
                0x200003b6                ACE_ADC2_CalStart_IRQHandler
                0x200003b8                ACE_Comp0_Fall_IRQHandler
                0x200003ba                ACE_Comp1_Fall_IRQHandler
                0x200003bc                ACE_Comp2_Fall_IRQHandler
                0x200003be                ACE_Comp3_Fall_IRQHandler
                0x200003c0                ACE_Comp4_Fall_IRQHandler
                0x200003c2                ACE_Comp5_Fall_IRQHandler
                0x200003c4                ACE_Comp6_Fall_IRQHandler
                0x200003c6                ACE_Comp7_Fall_IRQHandler
                0x200003c8                ACE_Comp8_Fall_IRQHandler
                0x200003ca                ACE_Comp9_Fall_IRQHandler
                0x200003cc                ACE_Comp10_Fall_IRQHandler
                0x200003ce                ACE_Comp11_Fall_IRQHandler
                0x200003d0                ACE_Comp0_Rise_IRQHandler
                0x200003d2                ACE_Comp1_Rise_IRQHandler
                0x200003d4                ACE_Comp2_Rise_IRQHandler
                0x200003d6                ACE_Comp3_Rise_IRQHandler
                0x200003d8                ACE_Comp4_Rise_IRQHandler
                0x200003da                ACE_Comp5_Rise_IRQHandler
                0x200003dc                ACE_Comp6_Rise_IRQHandler
                0x200003de                ACE_Comp7_Rise_IRQHandler
                0x200003e0                ACE_Comp8_Rise_IRQHandler
                0x200003e2                ACE_Comp9_Rise_IRQHandler
                0x200003e4                ACE_Comp10_Rise_IRQHandler
                0x200003e6                ACE_Comp11_Rise_IRQHandler
                0x200003e8                ACE_ADC0_FifoFull_IRQHandler
                0x200003ea                ACE_ADC0_FifoAFull_IRQHandler
                0x200003ec                ACE_ADC0_FifoEmpty_IRQHandler
                0x200003ee                ACE_ADC1_FifoFull_IRQHandler
                0x200003f0                ACE_ADC1_FifoAFull_IRQHandler
                0x200003f2                ACE_ADC1_FifoEmpty_IRQHandler
                0x200003f4                ACE_ADC2_FifoFull_IRQHandler
                0x200003f6                ACE_ADC2_FifoAFull_IRQHandler
                0x200003f8                ACE_ADC2_FifoEmpty_IRQHandler
                0x200003fa                ACE_PPE_Flag0_IRQHandler
                0x200003fc                ACE_PPE_Flag1_IRQHandler
                0x200003fe                ACE_PPE_Flag2_IRQHandler
                0x20000400                ACE_PPE_Flag3_IRQHandler
                0x20000402                ACE_PPE_Flag4_IRQHandler
                0x20000404                ACE_PPE_Flag5_IRQHandler
                0x20000406                ACE_PPE_Flag6_IRQHandler
                0x20000408                ACE_PPE_Flag7_IRQHandler
                0x2000040a                ACE_PPE_Flag8_IRQHandler
                0x2000040c                ACE_PPE_Flag9_IRQHandler
                0x2000040e                ACE_PPE_Flag10_IRQHandler
                0x20000410                ACE_PPE_Flag11_IRQHandler
                0x20000412                ACE_PPE_Flag12_IRQHandler
                0x20000414                ACE_PPE_Flag13_IRQHandler
                0x20000416                ACE_PPE_Flag14_IRQHandler
                0x20000418                ACE_PPE_Flag15_IRQHandler
                0x2000041a                ACE_PPE_Flag16_IRQHandler
                0x2000041c                ACE_PPE_Flag17_IRQHandler
                0x2000041e                ACE_PPE_Flag18_IRQHandler
                0x20000420                ACE_PPE_Flag19_IRQHandler
                0x20000422                ACE_PPE_Flag20_IRQHandler
                0x20000424                ACE_PPE_Flag21_IRQHandler
                0x20000426                ACE_PPE_Flag22_IRQHandler
                0x20000428                ACE_PPE_Flag23_IRQHandler
                0x2000042a                ACE_PPE_Flag24_IRQHandler
                0x2000042c                ACE_PPE_Flag25_IRQHandler
                0x2000042e                ACE_PPE_Flag26_IRQHandler
                0x20000430                ACE_PPE_Flag27_IRQHandler
                0x20000432                ACE_PPE_Flag28_IRQHandler
                0x20000434                ACE_PPE_Flag29_IRQHandler
                0x20000436                ACE_PPE_Flag30_IRQHandler
                0x20000438                ACE_PPE_Flag31_IRQHandler
 *(.text .text.* .gnu.linkonce.t.*)
 .text          0x20000470       0x30 c:/program files (x86)/microsemi/softconsole v3.3/sourcery-g++/bin/../lib/gcc/arm-none-eabi/4.4.1/thumb2/crtbegin.o
 .text.LORA_handle_interrupt
                0x200004a0      0x160 ./lora.o
                0x200004a0                LORA_handle_interrupt
 .text.LORA_wait_packet_sent
                0x20000600       0x54 ./lora.o
                0x20000600                LORA_wait_packet_sent
 *fill*         0x20000654        0x4 00
 .text.LORA_init
                0x20000658       0xe8 ./lora.o
                0x20000658                LORA_init
 .text.LORA_set_mode_idle
                0x20000740       0x30 ./lora.o
                0x20000740                LORA_set_mode_idle
 .text.LORA_set_mode_rx
                0x20000770       0x3c ./lora.o
                0x20000770                LORA_set_mode_rx
 .text.LORA_set_mode_tx
                0x200007ac       0x3c ./lora.o
                0x200007ac                LORA_set_mode_tx
 .text.LORA_set_modem_config
                0x200007e8       0x44 ./lora.o
                0x200007e8                LORA_set_modem_config
 .text.LORA_set_preamble_length
                0x2000082c       0x34 ./lora.o
                0x2000082c                LORA_set_preamble_length
 .text.LORA_set_frequency
                0x20000860       0x88 ./lora.o
                0x20000860                LORA_set_frequency
 .text.LORA_set_tx_power
                0x200008e8       0xbc ./lora.o
                0x200008e8                LORA_set_tx_power
 .text.LORA_validate_rx_buf
                0x200009a4       0xd0 ./lora.o
                0x200009a4                LORA_validate_rx_buf
 .text.LORA_available
                0x20000a74       0x2c ./lora.o
                0x20000a74                LORA_available
 .text.LORA_clear_rx_buf
                0x20000aa0       0x28 ./lora.o
                0x20000aa0                LORA_clear_rx_buf
 .text.LORA_send
                0x20000ac8       0xb0 ./lora.o
                0x20000ac8                LORA_send
 .text.LORA_recv
                0x20000b78       0x7c ./lora.o
                0x20000b78                LORA_recv
 .text.LORA_read
                0x20000bf4       0x48 ./lora.o
                0x20000bf4                LORA_read
 .text.LORA_write
                0x20000c3c       0x7c ./lora.o
                0x20000c3c                LORA_write
 .text.LORA_burst_read
                0x20000cb8       0xec ./lora.o
                0x20000cb8                LORA_burst_read
 .text.LORA_burst_write
                0x20000da4       0xf0 ./lora.o
                0x20000da4                LORA_burst_write
 .text.LORA_server_ex_setup
                0x20000e94       0x24 ./lora_server_ex.o
                0x20000e94                LORA_server_ex_setup
 .text.LORA_server_ex_loop
                0x20000eb8       0xd4 ./lora_server_ex.o
                0x20000eb8                LORA_server_ex_loop
 .text.GPIO9_IRQHandler
                0x20000f8c       0x24 ./main.o
                0x20000f8c                GPIO9_IRQHandler
 .text.GPIO1_IRQHandler
                0x20000fb0       0x54 ./main.o
                0x20000fb0                GPIO1_IRQHandler
 .text.main     0x20001004       0xb4 ./main.o
                0x20001004                main
 .text.set_interrupt_handled
                0x200010b8       0x20 ./nfc.o
                0x200010b8                set_interrupt_handled
 .text._close   0x200010d8        0x8 N:/PortableGit/locknet373/smartfusion/lockNET_SF/SoftConsole/lockNET_SF_MSS_MSS_CM3_0/lockNET_SF_MSS_MSS_CM3_0_hw_platform/Debug/CMSIS/startup_gcc/newlib_stubs.o
                0x200010d8                _close
 .text._exit    0x200010e0        0x4 N:/PortableGit/locknet373/smartfusion/lockNET_SF/SoftConsole/lockNET_SF_MSS_MSS_CM3_0/lockNET_SF_MSS_MSS_CM3_0_hw_platform/Debug/CMSIS/startup_gcc/newlib_stubs.o
                0x200010e0                _exit
 .text._fstat   0x200010e4        0xc N:/PortableGit/locknet373/smartfusion/lockNET_SF/SoftConsole/lockNET_SF_MSS_MSS_CM3_0/lockNET_SF_MSS_MSS_CM3_0_hw_platform/Debug/CMSIS/startup_gcc/newlib_stubs.o
                0x200010e4                _fstat
 .text._isatty  0x200010f0        0x8 N:/PortableGit/locknet373/smartfusion/lockNET_SF/SoftConsole/lockNET_SF_MSS_MSS_CM3_0/lockNET_SF_MSS_MSS_CM3_0_hw_platform/Debug/CMSIS/startup_gcc/newlib_stubs.o
                0x200010f0                _isatty
 .text._lseek   0x200010f8        0x8 N:/PortableGit/locknet373/smartfusion/lockNET_SF/SoftConsole/lockNET_SF_MSS_MSS_CM3_0/lockNET_SF_MSS_MSS_CM3_0_hw_platform/Debug/CMSIS/startup_gcc/newlib_stubs.o
                0x200010f8                _lseek
 .text._read    0x20001100        0x8 N:/PortableGit/locknet373/smartfusion/lockNET_SF/SoftConsole/lockNET_SF_MSS_MSS_CM3_0/lockNET_SF_MSS_MSS_CM3_0_hw_platform/Debug/CMSIS/startup_gcc/newlib_stubs.o
                0x20001100                _read
 .text._write_r
                0x20001108       0x48 N:/PortableGit/locknet373/smartfusion/lockNET_SF/SoftConsole/lockNET_SF_MSS_MSS_CM3_0/lockNET_SF_MSS_MSS_CM3_0_hw_platform/Debug/CMSIS/startup_gcc/newlib_stubs.o
                0x20001108                _write_r
 .text._sbrk    0x20001150       0x64 N:/PortableGit/locknet373/smartfusion/lockNET_SF/SoftConsole/lockNET_SF_MSS_MSS_CM3_0/lockNET_SF_MSS_MSS_CM3_0_hw_platform/Debug/CMSIS/startup_gcc/newlib_stubs.o
                0x20001150                _sbrk
 .text.MSS_UART_polled_tx
                0x200011b4       0xac N:\PortableGit\locknet373\smartfusion\lockNET_SF\SoftConsole\lockNET_SF_MSS_MSS_CM3_0\lockNET_SF_MSS_MSS_CM3_0_hw_platform\Debug\liblockNET_SF_MSS_MSS_CM3_0_hw_platform.a(mss_uart.o)
                0x200011b4                MSS_UART_polled_tx
 .text.MSS_UART_isr
                0x20001260       0x70 N:\PortableGit\locknet373\smartfusion\lockNET_SF\SoftConsole\lockNET_SF_MSS_MSS_CM3_0\lockNET_SF_MSS_MSS_CM3_0_hw_platform\Debug\liblockNET_SF_MSS_MSS_CM3_0_hw_platform.a(mss_uart.o)
 .text.default_tx_handler
                0x200012d0       0xa8 N:\PortableGit\locknet373\smartfusion\lockNET_SF\SoftConsole\lockNET_SF_MSS_MSS_CM3_0\lockNET_SF_MSS_MSS_CM3_0_hw_platform\Debug\liblockNET_SF_MSS_MSS_CM3_0_hw_platform.a(mss_uart.o)
 .text.UART0_IRQHandler
                0x20001378       0x30 N:\PortableGit\locknet373\smartfusion\lockNET_SF\SoftConsole\lockNET_SF_MSS_MSS_CM3_0\lockNET_SF_MSS_MSS_CM3_0_hw_platform\Debug\liblockNET_SF_MSS_MSS_CM3_0_hw_platform.a(mss_uart.o)
                0x20001378                UART0_IRQHandler
 .text.UART1_IRQHandler
                0x200013a8       0x30 N:\PortableGit\locknet373\smartfusion\lockNET_SF\SoftConsole\lockNET_SF_MSS_MSS_CM3_0\lockNET_SF_MSS_MSS_CM3_0_hw_platform\Debug\liblockNET_SF_MSS_MSS_CM3_0_hw_platform.a(mss_uart.o)
                0x200013a8                UART1_IRQHandler
 .text.MSS_UART_init
                0x200013d8      0x150 N:\PortableGit\locknet373\smartfusion\lockNET_SF\SoftConsole\lockNET_SF_MSS_MSS_CM3_0\lockNET_SF_MSS_MSS_CM3_0_hw_platform\Debug\liblockNET_SF_MSS_MSS_CM3_0_hw_platform.a(mss_uart.o)
                0x200013d8                MSS_UART_init
 .text.recover_from_rx_overflow
                0x20001528       0xe4 N:\PortableGit\locknet373\smartfusion\lockNET_SF\SoftConsole\lockNET_SF_MSS_MSS_CM3_0\lockNET_SF_MSS_MSS_CM3_0_hw_platform\Debug\liblockNET_SF_MSS_MSS_CM3_0_hw_platform.a(mss_spi.o)
 .text.MSS_SPI_configure_master_mode
                0x2000160c      0x100 N:\PortableGit\locknet373\smartfusion\lockNET_SF\SoftConsole\lockNET_SF_MSS_MSS_CM3_0\lockNET_SF_MSS_MSS_CM3_0_hw_platform\Debug\liblockNET_SF_MSS_MSS_CM3_0_hw_platform.a(mss_spi.o)
                0x2000160c                MSS_SPI_configure_master_mode
 .text.MSS_SPI_set_slave_select
                0x2000170c       0xcc N:\PortableGit\locknet373\smartfusion\lockNET_SF\SoftConsole\lockNET_SF_MSS_MSS_CM3_0\lockNET_SF_MSS_MSS_CM3_0_hw_platform\Debug\liblockNET_SF_MSS_MSS_CM3_0_hw_platform.a(mss_spi.o)
                0x2000170c                MSS_SPI_set_slave_select
 .text.MSS_SPI_clear_slave_select
                0x200017d8       0x90 N:\PortableGit\locknet373\smartfusion\lockNET_SF\SoftConsole\lockNET_SF_MSS_MSS_CM3_0\lockNET_SF_MSS_MSS_CM3_0_hw_platform\Debug\liblockNET_SF_MSS_MSS_CM3_0_hw_platform.a(mss_spi.o)
                0x200017d8                MSS_SPI_clear_slave_select
 .text.MSS_SPI_transfer_frame
                0x20001868       0x90 N:\PortableGit\locknet373\smartfusion\lockNET_SF\SoftConsole\lockNET_SF_MSS_MSS_CM3_0\lockNET_SF_MSS_MSS_CM3_0_hw_platform\Debug\liblockNET_SF_MSS_MSS_CM3_0_hw_platform.a(mss_spi.o)
                0x20001868                MSS_SPI_transfer_frame
 .text.fill_slave_tx_fifo
                0x200018f8       0xa8 N:\PortableGit\locknet373\smartfusion\lockNET_SF\SoftConsole\lockNET_SF_MSS_MSS_CM3_0\lockNET_SF_MSS_MSS_CM3_0_hw_platform\Debug\liblockNET_SF_MSS_MSS_CM3_0_hw_platform.a(mss_spi.o)
 .text.read_slave_rx_fifo
                0x200019a0       0x74 N:\PortableGit\locknet373\smartfusion\lockNET_SF\SoftConsole\lockNET_SF_MSS_MSS_CM3_0\lockNET_SF_MSS_MSS_CM3_0_hw_platform\Debug\liblockNET_SF_MSS_MSS_CM3_0_hw_platform.a(mss_spi.o)
 .text.mss_spi_isr
                0x20001a14      0x1c8 N:\PortableGit\locknet373\smartfusion\lockNET_SF\SoftConsole\lockNET_SF_MSS_MSS_CM3_0\lockNET_SF_MSS_MSS_CM3_0_hw_platform\Debug\liblockNET_SF_MSS_MSS_CM3_0_hw_platform.a(mss_spi.o)
 .text.SPI0_IRQHandler
                0x20001bdc       0x30 N:\PortableGit\locknet373\smartfusion\lockNET_SF\SoftConsole\lockNET_SF_MSS_MSS_CM3_0\lockNET_SF_MSS_MSS_CM3_0_hw_platform\Debug\liblockNET_SF_MSS_MSS_CM3_0_hw_platform.a(mss_spi.o)
                0x20001bdc                SPI0_IRQHandler
 .text.SPI1_IRQHandler
                0x20001c0c       0x30 N:\PortableGit\locknet373\smartfusion\lockNET_SF\SoftConsole\lockNET_SF_MSS_MSS_CM3_0\lockNET_SF_MSS_MSS_CM3_0_hw_platform\Debug\liblockNET_SF_MSS_MSS_CM3_0_hw_platform.a(mss_spi.o)
                0x20001c0c                SPI1_IRQHandler
 .text.MSS_SPI_init
                0x20001c3c       0xfc N:\PortableGit\locknet373\smartfusion\lockNET_SF\SoftConsole\lockNET_SF_MSS_MSS_CM3_0\lockNET_SF_MSS_MSS_CM3_0_hw_platform\Debug\liblockNET_SF_MSS_MSS_CM3_0_hw_platform.a(mss_spi.o)
                0x20001c3c                MSS_SPI_init
 .text.enable_slave_if_required
                0x20001d38       0x10 N:\PortableGit\locknet373\smartfusion\lockNET_SF\SoftConsole\lockNET_SF_MSS_MSS_CM3_0\lockNET_SF_MSS_MSS_CM3_0_hw_platform\Debug\liblockNET_SF_MSS_MSS_CM3_0_hw_platform.a(mss_i2c.o)
 .text.mss_i2c_isr
                0x20001d48      0x594 N:\PortableGit\locknet373\smartfusion\lockNET_SF\SoftConsole\lockNET_SF_MSS_MSS_CM3_0\lockNET_SF_MSS_MSS_CM3_0_hw_platform\Debug\liblockNET_SF_MSS_MSS_CM3_0_hw_platform.a(mss_i2c.o)
 .text.I2C0_IRQHandler
                0x200022dc       0x30 N:\PortableGit\locknet373\smartfusion\lockNET_SF\SoftConsole\lockNET_SF_MSS_MSS_CM3_0\lockNET_SF_MSS_MSS_CM3_0_hw_platform\Debug\liblockNET_SF_MSS_MSS_CM3_0_hw_platform.a(mss_i2c.o)
                0x200022dc                I2C0_IRQHandler
 .text.I2C1_IRQHandler
                0x2000230c       0x30 N:\PortableGit\locknet373\smartfusion\lockNET_SF\SoftConsole\lockNET_SF_MSS_MSS_CM3_0\lockNET_SF_MSS_MSS_CM3_0_hw_platform\Debug\liblockNET_SF_MSS_MSS_CM3_0_hw_platform.a(mss_i2c.o)
                0x2000230c                I2C1_IRQHandler
 .text.MSS_GPIO_init
                0x2000233c       0x60 N:\PortableGit\locknet373\smartfusion\lockNET_SF\SoftConsole\lockNET_SF_MSS_MSS_CM3_0\lockNET_SF_MSS_MSS_CM3_0_hw_platform\Debug\liblockNET_SF_MSS_MSS_CM3_0_hw_platform.a(mss_gpio.o)
                0x2000233c                MSS_GPIO_init
 .text.MSS_GPIO_config
                0x2000239c       0x18 N:\PortableGit\locknet373\smartfusion\lockNET_SF\SoftConsole\lockNET_SF_MSS_MSS_CM3_0\lockNET_SF_MSS_MSS_CM3_0_hw_platform\Debug\liblockNET_SF_MSS_MSS_CM3_0_hw_platform.a(mss_gpio.o)
                0x2000239c                MSS_GPIO_config
 .text.MSS_GPIO_set_output
                0x200023b4       0x1c N:\PortableGit\locknet373\smartfusion\lockNET_SF\SoftConsole\lockNET_SF_MSS_MSS_CM3_0\lockNET_SF_MSS_MSS_CM3_0_hw_platform\Debug\liblockNET_SF_MSS_MSS_CM3_0_hw_platform.a(mss_gpio.o)
                0x200023b4                MSS_GPIO_set_output
 .text.MSS_GPIO_enable_irq
                0x200023d0       0x48 N:\PortableGit\locknet373\smartfusion\lockNET_SF\SoftConsole\lockNET_SF_MSS_MSS_CM3_0\lockNET_SF_MSS_MSS_CM3_0_hw_platform\Debug\liblockNET_SF_MSS_MSS_CM3_0_hw_platform.a(mss_gpio.o)
                0x200023d0                MSS_GPIO_enable_irq
 .text.MSS_GPIO_clear_irq
                0x20002418       0x48 N:\PortableGit\locknet373\smartfusion\lockNET_SF\SoftConsole\lockNET_SF_MSS_MSS_CM3_0\lockNET_SF_MSS_MSS_CM3_0_hw_platform\Debug\liblockNET_SF_MSS_MSS_CM3_0_hw_platform.a(mss_gpio.o)
                0x20002418                MSS_GPIO_clear_irq
 .text.SystemInit
                0x20002460        0x4 N:\PortableGit\locknet373\smartfusion\lockNET_SF\SoftConsole\lockNET_SF_MSS_MSS_CM3_0\lockNET_SF_MSS_MSS_CM3_0_hw_platform\Debug\liblockNET_SF_MSS_MSS_CM3_0_hw_platform.a(system_a2fxxxm3.o)
                0x20002460                SystemInit
 .text.SystemCoreClockUpdate
                0x20002464      0x130 N:\PortableGit\locknet373\smartfusion\lockNET_SF\SoftConsole\lockNET_SF_MSS_MSS_CM3_0\lockNET_SF_MSS_MSS_CM3_0_hw_platform\Debug\liblockNET_SF_MSS_MSS_CM3_0_hw_platform.a(system_a2fxxxm3.o)
                0x20002464                SystemCoreClockUpdate
 .text          0x20002594      0x424 c:/program files (x86)/microsemi/softconsole v3.3/sourcery-g++/bin/../lib/gcc/arm-none-eabi/4.4.1/thumb2\libgcc.a(_arm_muldivdf3.o)
                0x20002594                __aeabi_dmul
                0x20002594                __muldf3
                0x200027e8                __divdf3
                0x200027e8                __aeabi_ddiv
 .text          0x200029b8       0x40 c:/program files (x86)/microsemi/softconsole v3.3/sourcery-g++/bin/../lib/gcc/arm-none-eabi/4.4.1/thumb2\libgcc.a(_arm_fixunsdfsi.o)
                0x200029b8                __aeabi_d2uiz
                0x200029b8                __fixunsdfsi
 .text          0x200029f8       0x50 c:/program files (x86)/microsemi/softconsole v3.3/sourcery-g++/bin/../lib/gcc/arm-none-eabi/4.4.1/../../../../arm-none-eabi/lib/thumb2\libc.a(lib_a-init.o)
                0x200029f8                __libc_init_array
 .text          0x20002a48      0x190 c:/program files (x86)/microsemi/softconsole v3.3/sourcery-g++/bin/../lib/gcc/arm-none-eabi/4.4.1/../../../../arm-none-eabi/lib/thumb2\libc.a(lib_a-memcpy.o)
                0x20002a48                memcpy
 .text          0x20002bd8       0xd4 c:/program files (x86)/microsemi/softconsole v3.3/sourcery-g++/bin/../lib/gcc/arm-none-eabi/4.4.1/../../../../arm-none-eabi/lib/thumb2\libc.a(lib_a-memset.o)
                0x20002bd8                memset
 .text          0x20002cac       0x64 c:/program files (x86)/microsemi/softconsole v3.3/sourcery-g++/bin/../lib/gcc/arm-none-eabi/4.4.1/../../../../arm-none-eabi/lib/thumb2\libc.a(lib_a-printf.o)
                0x20002cac                printf
                0x20002ce4                _printf_r
 .text          0x20002d10       0x88 c:/program files (x86)/microsemi/softconsole v3.3/sourcery-g++/bin/../lib/gcc/arm-none-eabi/4.4.1/../../../../arm-none-eabi/lib/thumb2\libc.a(lib_a-puts.o)
                0x20002d10                _puts_r
                0x20002d88                puts
 .text          0x20002d98       0x60 c:/program files (x86)/microsemi/softconsole v3.3/sourcery-g++/bin/../lib/gcc/arm-none-eabi/4.4.1/../../../../arm-none-eabi/lib/thumb2\libc.a(lib_a-strlen.o)
                0x20002d98                strlen
 .text          0x20002df8     0x1940 c:/program files (x86)/microsemi/softconsole v3.3/sourcery-g++/bin/../lib/gcc/arm-none-eabi/4.4.1/../../../../arm-none-eabi/lib/thumb2\libc.a(lib_a-vfprintf.o)
                0x20002e14                _vfprintf_r
                0x2000471c                vfprintf
 .text          0x20004738      0x104 c:/program files (x86)/microsemi/softconsole v3.3/sourcery-g++/bin/../lib/gcc/arm-none-eabi/4.4.1/../../../../arm-none-eabi/lib/thumb2\libc.a(lib_a-wsetup.o)
                0x20004738                __swsetup_r
 *fill*         0x2000483c        0x4 00
 .text          0x20004840      0xfb8 c:/program files (x86)/microsemi/softconsole v3.3/sourcery-g++/bin/../lib/gcc/arm-none-eabi/4.4.1/../../../../arm-none-eabi/lib/thumb2\libc.a(lib_a-dtoa.o)
                0x20004960                _dtoa_r
 .text          0x200057f8      0x178 c:/program files (x86)/microsemi/softconsole v3.3/sourcery-g++/bin/../lib/gcc/arm-none-eabi/4.4.1/../../../../arm-none-eabi/lib/thumb2\libc.a(lib_a-fflush.o)
                0x200057f8                _fflush_r
                0x20005948                fflush
 .text          0x20005970      0x1c8 c:/program files (x86)/microsemi/softconsole v3.3/sourcery-g++/bin/../lib/gcc/arm-none-eabi/4.4.1/../../../../arm-none-eabi/lib/thumb2\libc.a(lib_a-findfp.o)
                0x20005970                __sfp_lock_acquire
                0x20005974                __sfp_lock_release
                0x20005978                __sinit_lock_acquire
                0x2000597c                __sinit_lock_release
                0x20005988                __fp_unlock_all
                0x200059a0                __fp_lock_all
                0x200059b8                _cleanup_r
                0x200059c4                _cleanup
                0x20005a20                __sfmoreglue
                0x20005a50                __sfp
                0x20005ad8                __sinit
 .text          0x20005b38      0x268 c:/program files (x86)/microsemi/softconsole v3.3/sourcery-g++/bin/../lib/gcc/arm-none-eabi/4.4.1/../../../../arm-none-eabi/lib/thumb2\libc.a(lib_a-freer.o)
                0x20005b38                _malloc_trim_r
                0x20005be0                _free_r
 .text          0x20005da0      0x334 c:/program files (x86)/microsemi/softconsole v3.3/sourcery-g++/bin/../lib/gcc/arm-none-eabi/4.4.1/../../../../arm-none-eabi/lib/thumb2\libc.a(lib_a-fvwrite.o)
                0x20005da0                __sfvwrite_r
 .text          0x200060d4       0xa0 c:/program files (x86)/microsemi/softconsole v3.3/sourcery-g++/bin/../lib/gcc/arm-none-eabi/4.4.1/../../../../arm-none-eabi/lib/thumb2\libc.a(lib_a-fwalk.o)
                0x200060d4                _fwalk_reent
                0x20006128                _fwalk
 .text          0x20006174       0x74 c:/program files (x86)/microsemi/softconsole v3.3/sourcery-g++/bin/../lib/gcc/arm-none-eabi/4.4.1/../../../../arm-none-eabi/lib/thumb2\libc.a(lib_a-locale.o)
                0x20006174                __locale_charset
                0x20006180                _localeconv_r
                0x20006188                localeconv
                0x20006190                _setlocale_r
                0x200061d8                setlocale
 .text          0x200061e8       0xdc c:/program files (x86)/microsemi/softconsole v3.3/sourcery-g++/bin/../lib/gcc/arm-none-eabi/4.4.1/../../../../arm-none-eabi/lib/thumb2\libc.a(lib_a-makebuf.o)
                0x200061e8                __smakebuf_r
 .text          0x200062c4       0x20 c:/program files (x86)/microsemi/softconsole v3.3/sourcery-g++/bin/../lib/gcc/arm-none-eabi/4.4.1/../../../../arm-none-eabi/lib/thumb2\libc.a(lib_a-malloc.o)
                0x200062c4                free
                0x200062d4                malloc
 .text          0x200062e4      0x5a4 c:/program files (x86)/microsemi/softconsole v3.3/sourcery-g++/bin/../lib/gcc/arm-none-eabi/4.4.1/../../../../arm-none-eabi/lib/thumb2\libc.a(lib_a-mallocr.o)
                0x200062e4                _malloc_r
 .text          0x20006888       0x74 c:/program files (x86)/microsemi/softconsole v3.3/sourcery-g++/bin/../lib/gcc/arm-none-eabi/4.4.1/../../../../arm-none-eabi/lib/thumb2\libc.a(lib_a-memchr.o)
                0x20006888                memchr
 .text          0x200068fc       0xb8 c:/program files (x86)/microsemi/softconsole v3.3/sourcery-g++/bin/../lib/gcc/arm-none-eabi/4.4.1/../../../../arm-none-eabi/lib/thumb2\libc.a(lib_a-memmove.o)
                0x200068fc                memmove
 .text          0x200069b4        0x8 c:/program files (x86)/microsemi/softconsole v3.3/sourcery-g++/bin/../lib/gcc/arm-none-eabi/4.4.1/../../../../arm-none-eabi/lib/thumb2\libc.a(lib_a-mlock.o)
                0x200069b4                __malloc_lock
                0x200069b8                __malloc_unlock
 .text          0x200069bc      0x958 c:/program files (x86)/microsemi/softconsole v3.3/sourcery-g++/bin/../lib/gcc/arm-none-eabi/4.4.1/../../../../arm-none-eabi/lib/thumb2\libc.a(lib_a-mprec.o)
                0x200069bc                __hi0bits
                0x200069fc                __lo0bits
                0x20006a60                __mcmp
                0x20006aa0                __ulp
                0x20006aec                __b2d
                0x20006b94                __ratio
                0x20006bf4                _mprec_log10
                0x20006c2c                __copybits
                0x20006c7c                __any_on
                0x20006cd4                _Bfree
                0x20006d0c                _Balloc
                0x20006d78                __d2b
                0x20006e48                __mdiff
                0x20006f40                __lshift
                0x20006ffc                __multiply
                0x20007130                __i2b
                0x20007144                __multadd
                0x200071cc                __pow5mult
                0x20007278                __s2b
 .text          0x20007314      0x3b4 c:/program files (x86)/microsemi/softconsole v3.3/sourcery-g++/bin/../lib/gcc/arm-none-eabi/4.4.1/../../../../arm-none-eabi/lib/thumb2\libc.a(lib_a-reallocr.o)
                0x20007314                _realloc_r
 .text          0x200076c8       0x24 c:/program files (x86)/microsemi/softconsole v3.3/sourcery-g++/bin/../lib/gcc/arm-none-eabi/4.4.1/../../../../arm-none-eabi/lib/thumb2\libc.a(lib_a-s_isinfd.o)
                0x200076c8                __isinfd
 .text          0x200076ec       0x1c c:/program files (x86)/microsemi/softconsole v3.3/sourcery-g++/bin/../lib/gcc/arm-none-eabi/4.4.1/../../../../arm-none-eabi/lib/thumb2\libc.a(lib_a-s_isnand.o)
                0x200076ec                __isnand
 .text          0x20007708       0x28 c:/program files (x86)/microsemi/softconsole v3.3/sourcery-g++/bin/../lib/gcc/arm-none-eabi/4.4.1/../../../../arm-none-eabi/lib/thumb2\libc.a(lib_a-sbrkr.o)
                0x20007708                _sbrk_r
 .text          0x20007730       0x90 c:/program files (x86)/microsemi/softconsole v3.3/sourcery-g++/bin/../lib/gcc/arm-none-eabi/4.4.1/../../../../arm-none-eabi/lib/thumb2\libc.a(lib_a-stdio.o)
                0x20007730                __sclose
                0x20007738                __sseek
                0x20007760                __swrite
                0x2000779c                __sread
 .text          0x200077c0      0x1dc c:/program files (x86)/microsemi/softconsole v3.3/sourcery-g++/bin/../lib/gcc/arm-none-eabi/4.4.1/../../../../arm-none-eabi/lib/thumb2\libc.a(lib_a-strcmp.o)
                0x200077c0                strcmp
 .text          0x2000799c       0x5c c:/program files (x86)/microsemi/softconsole v3.3/sourcery-g++/bin/../lib/gcc/arm-none-eabi/4.4.1/../../../../arm-none-eabi/lib/thumb2\libc.a(lib_a-callocr.o)
                0x2000799c                _calloc_r
 .text          0x200079f8       0x28 c:/program files (x86)/microsemi/softconsole v3.3/sourcery-g++/bin/../lib/gcc/arm-none-eabi/4.4.1/../../../../arm-none-eabi/lib/thumb2\libc.a(lib_a-closer.o)
                0x200079f8                _close_r
 .text          0x20007a20       0xcc c:/program files (x86)/microsemi/softconsole v3.3/sourcery-g++/bin/../lib/gcc/arm-none-eabi/4.4.1/../../../../arm-none-eabi/lib/thumb2\libc.a(lib_a-fclose.o)
                0x20007a20                _fclose_r
                0x20007adc                fclose
 .text          0x20007aec       0x2c c:/program files (x86)/microsemi/softconsole v3.3/sourcery-g++/bin/../lib/gcc/arm-none-eabi/4.4.1/../../../../arm-none-eabi/lib/thumb2\libc.a(lib_a-fstatr.o)
                0x20007aec                _fstat_r
 .text          0x20007b18       0x28 c:/program files (x86)/microsemi/softconsole v3.3/sourcery-g++/bin/../lib/gcc/arm-none-eabi/4.4.1/../../../../arm-none-eabi/lib/thumb2\libc.a(lib_a-isattyr.o)
                0x20007b18                _isatty_r
 .text          0x20007b40       0x2c c:/program files (x86)/microsemi/softconsole v3.3/sourcery-g++/bin/../lib/gcc/arm-none-eabi/4.4.1/../../../../arm-none-eabi/lib/thumb2\libc.a(lib_a-lseekr.o)
                0x20007b40                _lseek_r
 .text          0x20007b6c       0x2c c:/program files (x86)/microsemi/softconsole v3.3/sourcery-g++/bin/../lib/gcc/arm-none-eabi/4.4.1/../../../../arm-none-eabi/lib/thumb2\libc.a(lib_a-readr.o)
                0x20007b6c                _read_r
 .text          0x20007b98      0x278 c:/program files (x86)/microsemi/softconsole v3.3/sourcery-g++/bin/../lib/gcc/arm-none-eabi/4.4.1/thumb2\libgcc.a(_udivsi3.o)
                0x20007b98                __aeabi_uidiv
                0x20007b98                __udivsi3
                0x20007df4                __aeabi_uidivmod
 .text          0x20007e10        0x4 c:/program files (x86)/microsemi/softconsole v3.3/sourcery-g++/bin/../lib/gcc/arm-none-eabi/4.4.1/thumb2\libgcc.a(_dvmd_tls.o)
                0x20007e10                __aeabi_idiv0
                0x20007e10                __aeabi_ldiv0
 .text          0x20007e14      0x370 c:/program files (x86)/microsemi/softconsole v3.3/sourcery-g++/bin/../lib/gcc/arm-none-eabi/4.4.1/thumb2\libgcc.a(_arm_addsubdf3.o)
                0x20007e14                __aeabi_drsub
                0x20007e1c                __aeabi_dsub
                0x20007e1c                __subdf3
                0x20007e20                __aeabi_dadd
                0x20007e20                __adddf3
                0x20008098                __floatunsidf
                0x20008098                __aeabi_ui2d
                0x200080b8                __floatsidf
                0x200080b8                __aeabi_i2d
                0x200080dc                __aeabi_f2d
                0x200080dc                __extendsfdf2
                0x20008118                __floatundidf
                0x20008118                __aeabi_ul2d
                0x20008128                __floatdidf
                0x20008128                __aeabi_l2d
 .text          0x20008184      0x110 c:/program files (x86)/microsemi/softconsole v3.3/sourcery-g++/bin/../lib/gcc/arm-none-eabi/4.4.1/thumb2\libgcc.a(_arm_cmpdf2.o)
                0x20008184                __gtdf2
                0x20008184                __gedf2
                0x2000818c                __ltdf2
                0x2000818c                __ledf2
                0x20008194                __nedf2
                0x20008194                __eqdf2
                0x20008194                __cmpdf2
                0x20008210                __aeabi_cdrcmple
                0x20008220                __aeabi_cdcmpeq
                0x20008220                __aeabi_cdcmple
                0x20008230                __aeabi_dcmpeq
                0x20008244                __aeabi_dcmplt
                0x20008258                __aeabi_dcmple
                0x2000826c                __aeabi_dcmpge
                0x20008280                __aeabi_dcmpgt
 .text          0x20008294       0x50 c:/program files (x86)/microsemi/softconsole v3.3/sourcery-g++/bin/../lib/gcc/arm-none-eabi/4.4.1/thumb2\libgcc.a(_arm_fixdfsi.o)
                0x20008294                __aeabi_d2iz
                0x20008294                __fixdfsi
 .text          0x200082e4       0x2c c:/program files (x86)/microsemi/softconsole v3.3/sourcery-g++/bin/../lib/gcc/arm-none-eabi/4.4.1/thumb2\libgcc.a(_aeabi_uldivmod.o)
                0x200082e4                __aeabi_uldivmod
 .text          0x20008310       0x58 c:/program files (x86)/microsemi/softconsole v3.3/sourcery-g++/bin/../lib/gcc/arm-none-eabi/4.4.1/thumb2\libgcc.a(bpabi.o)
                0x20008310                __gnu_uldivmod_helper
                0x2000833c                __gnu_ldivmod_helper
 .text          0x20008368      0x364 c:/program files (x86)/microsemi/softconsole v3.3/sourcery-g++/bin/../lib/gcc/arm-none-eabi/4.4.1/thumb2\libgcc.a(_divdi3.o)
                0x20008368                __divdi3
 .text          0x200086cc      0x300 c:/program files (x86)/microsemi/softconsole v3.3/sourcery-g++/bin/../lib/gcc/arm-none-eabi/4.4.1/thumb2\libgcc.a(_udivdi3.o)
                0x200086cc                __udivdi3
 *(.plt)
 *(.gnu.warning)
 *(.glue_7t)
 .glue_7t       0x00000000        0x0 linker stubs
 *(.glue_7)
 .glue_7        0x00000000        0x0 linker stubs
 *(.vfp11_veneer)
 .vfp11_veneer  0x00000000        0x0 linker stubs
                0x200089cc                . = ALIGN (0x4)
 *crtbegin.o(.ctors)
 *(EXCLUDE_FILE(*crtend.o) .ctors)
 *(SORT(.ctors.*))
 *crtend.o(.ctors)
 *crtbegin.o(.dtors)
 *(EXCLUDE_FILE(*crtend.o) .dtors)
 *(SORT(.dtors.*))
 *crtend.o(.dtors)
 *(.rodata .rodata.* .gnu.linkonce.r.*)
 .rodata.frame_size
                0x200089cc        0x1 ./lora.o
                0x200089cc                frame_size
 .rodata.burst_frame_size
                0x200089cd        0x1 ./lora.o
                0x200089cd                burst_frame_size
 *fill*         0x200089ce        0x2 00
 .rodata.modem_default
                0x200089d0        0x4 ./lora.o
                0x200089d0                modem_default
 .rodata        0x200089d4       0x6c ./lora_server_ex.o
 .rodata.C.19.4133
                0x20008a40        0x4 ./main.o
 .rodata.str1.4
                0x20008a44       0x1a N:/PortableGit/locknet373/smartfusion/lockNET_SF/SoftConsole/lockNET_SF_MSS_MSS_CM3_0/lockNET_SF_MSS_MSS_CM3_0_hw_platform/Debug/CMSIS/startup_gcc/newlib_stubs.o
                                 0x1c (size before relaxing)
 *fill*         0x20008a5e        0x2 00
 .rodata.g_gpio_irqn_lut
                0x20008a60       0x40 N:\PortableGit\locknet373\smartfusion\lockNET_SF\SoftConsole\lockNET_SF_MSS_MSS_CM3_0\lockNET_SF_MSS_MSS_CM3_0_hw_platform\Debug\liblockNET_SF_MSS_MSS_CM3_0_hw_platform.a(mss_gpio.o)
 .rodata.g_config_reg_lut
                0x20008aa0       0x80 N:\PortableGit\locknet373\smartfusion\lockNET_SF\SoftConsole\lockNET_SF_MSS_MSS_CM3_0\lockNET_SF_MSS_MSS_CM3_0_hw_platform\Debug\liblockNET_SF_MSS_MSS_CM3_0_hw_platform.a(mss_gpio.o)
 .rodata.C.16.2565
                0x20008b20       0x10 N:\PortableGit\locknet373\smartfusion\lockNET_SF\SoftConsole\lockNET_SF_MSS_MSS_CM3_0\lockNET_SF_MSS_MSS_CM3_0_hw_platform\Debug\liblockNET_SF_MSS_MSS_CM3_0_hw_platform.a(system_a2fxxxm3.o)
 .rodata        0x20008b30        0x4 c:/program files (x86)/microsemi/softconsole v3.3/sourcery-g++/bin/../lib/gcc/arm-none-eabi/4.4.1/../../../../arm-none-eabi/lib/thumb2\libc.a(lib_a-impure.o)
                0x20008b30                _global_impure_ptr
 .rodata.str1.4
                0x20008b34        0x2 c:/program files (x86)/microsemi/softconsole v3.3/sourcery-g++/bin/../lib/gcc/arm-none-eabi/4.4.1/../../../../arm-none-eabi/lib/thumb2\libc.a(lib_a-impure.o)
                                  0x4 (size before relaxing)
 .rodata.str1.4
                0x00000000        0x2 c:/program files (x86)/microsemi/softconsole v3.3/sourcery-g++/bin/../lib/gcc/arm-none-eabi/4.4.1/../../../../arm-none-eabi/lib/thumb2\libc.a(lib_a-puts.o)
                                  0x4 (size before relaxing)
 *fill*         0x20008b36        0x2 00
 .rodata        0x20008b38       0x20 c:/program files (x86)/microsemi/softconsole v3.3/sourcery-g++/bin/../lib/gcc/arm-none-eabi/4.4.1/../../../../arm-none-eabi/lib/thumb2\libc.a(lib_a-vfprintf.o)
 .rodata.str1.4
                0x20008b58       0x42 c:/program files (x86)/microsemi/softconsole v3.3/sourcery-g++/bin/../lib/gcc/arm-none-eabi/4.4.1/../../../../arm-none-eabi/lib/thumb2\libc.a(lib_a-vfprintf.o)
                                 0x44 (size before relaxing)
 *fill*         0x20008b9a        0x2 00
 .rodata.str1.4
                0x20008b9c       0x10 c:/program files (x86)/microsemi/softconsole v3.3/sourcery-g++/bin/../lib/gcc/arm-none-eabi/4.4.1/../../../../arm-none-eabi/lib/thumb2\libc.a(lib_a-dtoa.o)
                                 0x14 (size before relaxing)
 .rodata        0x20008bac       0x60 c:/program files (x86)/microsemi/softconsole v3.3/sourcery-g++/bin/../lib/gcc/arm-none-eabi/4.4.1/../../../../arm-none-eabi/lib/thumb2\libc.a(lib_a-findfp.o)
                0x20008bac                __sf_fake_stdin
                0x20008bcc                __sf_fake_stdout
                0x20008bec                __sf_fake_stderr
 .rodata        0x20008c0c       0x34 c:/program files (x86)/microsemi/softconsole v3.3/sourcery-g++/bin/../lib/gcc/arm-none-eabi/4.4.1/../../../../arm-none-eabi/lib/thumb2\libc.a(lib_a-locale.o)
 .rodata.str1.4
                0x20008c40       0x10 c:/program files (x86)/microsemi/softconsole v3.3/sourcery-g++/bin/../lib/gcc/arm-none-eabi/4.4.1/../../../../arm-none-eabi/lib/thumb2\libc.a(lib_a-locale.o)
                                 0x18 (size before relaxing)
 .rodata        0x20008c50      0x128 c:/program files (x86)/microsemi/softconsole v3.3/sourcery-g++/bin/../lib/gcc/arm-none-eabi/4.4.1/../../../../arm-none-eabi/lib/thumb2\libc.a(lib_a-mprec.o)
                0x20008c50                __mprec_tens
                0x20008d28                __mprec_bigtens
                0x20008d50                __mprec_tinytens
 *(.ARM.extab* .gnu.linkonce.armextab.*)
 *(.gcc_except_table)
 *(.eh_frame_hdr)
 *(.eh_frame)
 *(.init)
 .init          0x20008d78        0x4 c:/program files (x86)/microsemi/softconsole v3.3/sourcery-g++/bin/../lib/gcc/arm-none-eabi/4.4.1/thumb2/crti.o
                0x20008d78                _init
 .init          0x20008d7c        0x8 c:/program files (x86)/microsemi/softconsole v3.3/sourcery-g++/bin/../lib/gcc/arm-none-eabi/4.4.1/thumb2/crtn.o
 *(.fini)
 .fini          0x20008d84        0x4 c:/program files (x86)/microsemi/softconsole v3.3/sourcery-g++/bin/../lib/gcc/arm-none-eabi/4.4.1/thumb2/crti.o
                0x20008d84                _fini
 .fini          0x20008d88        0x8 c:/program files (x86)/microsemi/softconsole v3.3/sourcery-g++/bin/../lib/gcc/arm-none-eabi/4.4.1/thumb2/crtn.o
                0x20008d90                PROVIDE (__preinit_array_start, .)
 *(.preinit_array)
                0x20008d90                PROVIDE (__preinit_array_end, .)
                0x20008d90                PROVIDE (__init_array_start, .)
 *(SORT(.init_array.*))
 *(.init_array)
 .init_array    0x20008d90        0x4 c:/program files (x86)/microsemi/softconsole v3.3/sourcery-g++/bin/../lib/gcc/arm-none-eabi/4.4.1/thumb2/crtbegin.o
                0x20008d94                PROVIDE (__init_array_end, .)
                0x20008d94                PROVIDE (__fini_array_start, .)
 *(.fini_array)
 .fini_array    0x20008d94        0x4 c:/program files (x86)/microsemi/softconsole v3.3/sourcery-g++/bin/../lib/gcc/arm-none-eabi/4.4.1/thumb2/crtbegin.o
 *(SORT(.fini_array.*))
                0x20008d98                PROVIDE (__fini_array_end, .)
                0x20008d98                __exidx_start = .

.v4_bx          0x20008d98        0x0
 .v4_bx         0x00000000        0x0 linker stubs

.ARM.exidx      0x20008d98        0x8
 *(.ARM.exidx* .gnu.linkonce.armexidx.*)
 .ARM.exidx     0x20008d98        0x8 c:/program files (x86)/microsemi/softconsole v3.3/sourcery-g++/bin/../lib/gcc/arm-none-eabi/4.4.1/thumb2\libgcc.a(_divdi3.o)
 .ARM.exidx     0x20008da0        0x0 c:/program files (x86)/microsemi/softconsole v3.3/sourcery-g++/bin/../lib/gcc/arm-none-eabi/4.4.1/thumb2\libgcc.a(_udivdi3.o)
                                  0x8 (size before relaxing)
                0x20008da0                __exidx_end = .
                0x20008da0                _etext = .
                0x20008da0                PROVIDE (__text_end, .)

.data           0x20008da0      0x524
                0x20008da0                __data_load = LOADADDR (.data)
                0x20008da0                _sidata = LOADADDR (.data)
                0x20008da0                __data_start = .
                0x20008da0                _sdata = .
 *(.jcr)
 .jcr           0x20008da0        0x0 c:/program files (x86)/microsemi/softconsole v3.3/sourcery-g++/bin/../lib/gcc/arm-none-eabi/4.4.1/thumb2/crtbegin.o
 .jcr           0x20008da0        0x4 c:/program files (x86)/microsemi/softconsole v3.3/sourcery-g++/bin/../lib/gcc/arm-none-eabi/4.4.1/thumb2/crtend.o
 *(.got.plt)
 *(.got)
 *(.shdata)
 *(.data .data.* .gnu.linkonce.d.*)
 .data.interrupt_handled
                0x20008da4        0x1 ./nfc.o
                0x20008da4                interrupt_handled
 *fill*         0x20008da5        0x3 00
 .data.g_FrequencyACE
                0x20008da8        0x4 N:\PortableGit\locknet373\smartfusion\lockNET_SF\SoftConsole\lockNET_SF_MSS_MSS_CM3_0\lockNET_SF_MSS_MSS_CM3_0_hw_platform\Debug\liblockNET_SF_MSS_MSS_CM3_0_hw_platform.a(system_a2fxxxm3.o)
                0x20008da8                g_FrequencyACE
 .data.g_FrequencyFPGA
                0x20008dac        0x4 N:\PortableGit\locknet373\smartfusion\lockNET_SF\SoftConsole\lockNET_SF_MSS_MSS_CM3_0\lockNET_SF_MSS_MSS_CM3_0_hw_platform\Debug\liblockNET_SF_MSS_MSS_CM3_0_hw_platform.a(system_a2fxxxm3.o)
                0x20008dac                g_FrequencyFPGA
 .data.g_FrequencyPCLK0
                0x20008db0        0x4 N:\PortableGit\locknet373\smartfusion\lockNET_SF\SoftConsole\lockNET_SF_MSS_MSS_CM3_0\lockNET_SF_MSS_MSS_CM3_0_hw_platform\Debug\liblockNET_SF_MSS_MSS_CM3_0_hw_platform.a(system_a2fxxxm3.o)
                0x20008db0                g_FrequencyPCLK0
 .data.g_FrequencyPCLK1
                0x20008db4        0x4 N:\PortableGit\locknet373\smartfusion\lockNET_SF\SoftConsole\lockNET_SF_MSS_MSS_CM3_0\lockNET_SF_MSS_MSS_CM3_0_hw_platform\Debug\liblockNET_SF_MSS_MSS_CM3_0_hw_platform.a(system_a2fxxxm3.o)
                0x20008db4                g_FrequencyPCLK1
 .data.SystemCoreClock
                0x20008db8        0x4 N:\PortableGit\locknet373\smartfusion\lockNET_SF\SoftConsole\lockNET_SF_MSS_MSS_CM3_0\lockNET_SF_MSS_MSS_CM3_0_hw_platform\Debug\liblockNET_SF_MSS_MSS_CM3_0_hw_platform.a(system_a2fxxxm3.o)
                0x20008db8                SystemCoreClock
 .data.SystemFrequency
                0x20008dbc        0x4 N:\PortableGit\locknet373\smartfusion\lockNET_SF\SoftConsole\lockNET_SF_MSS_MSS_CM3_0\lockNET_SF_MSS_MSS_CM3_0_hw_platform\Debug\liblockNET_SF_MSS_MSS_CM3_0_hw_platform.a(system_a2fxxxm3.o)
                0x20008dbc                SystemFrequency
 .data          0x20008dc0       0xf4 c:/program files (x86)/microsemi/softconsole v3.3/sourcery-g++/bin/../lib/gcc/arm-none-eabi/4.4.1/../../../../arm-none-eabi/lib/thumb2\libc.a(lib_a-impure.o)
                0x20008dc0                _impure_ptr
 .data          0x20008eb4      0x410 c:/program files (x86)/microsemi/softconsole v3.3/sourcery-g++/bin/../lib/gcc/arm-none-eabi/4.4.1/../../../../arm-none-eabi/lib/thumb2\libc.a(lib_a-mallocr.o)
                0x20008eb4                __malloc_av_
                0x200092bc                __malloc_sbrk_base
                0x200092c0                __malloc_trim_threshold
                0x200092c4                . = ALIGN (0x4)
                0x200092c4                _edata = .

.bss            0x200092c4      0x3a4
                0x200092c4                __bss_start__ = .
                0x200092c4                _sbss = .
 *(.shbss)
 *(.bss .bss.* .gnu.linkonce.b.*)
 .bss           0x200092c4        0x1 c:/program files (x86)/microsemi/softconsole v3.3/sourcery-g++/bin/../lib/gcc/arm-none-eabi/4.4.1/thumb2/crtbegin.o
 .bss.last_was_ack
                0x200092c5        0x1 ./main.o
                0x200092c5                last_was_ack
 *fill*         0x200092c6        0x2 00
 .bss.g_stdio_uart_init_done
                0x200092c8        0x4 N:/PortableGit/locknet373/smartfusion/lockNET_SF/SoftConsole/lockNET_SF_MSS_MSS_CM3_0/lockNET_SF_MSS_MSS_CM3_0_hw_platform/Debug/CMSIS/startup_gcc/newlib_stubs.o
 .bss.heap_end.3583
                0x200092cc        0x4 N:/PortableGit/locknet373/smartfusion/lockNET_SF/SoftConsole/lockNET_SF_MSS_MSS_CM3_0/lockNET_SF_MSS_MSS_CM3_0_hw_platform/Debug/CMSIS/startup_gcc/newlib_stubs.o
 .bss           0x200092d0       0x34 c:/program files (x86)/microsemi/softconsole v3.3/sourcery-g++/bin/../lib/gcc/arm-none-eabi/4.4.1/../../../../arm-none-eabi/lib/thumb2\libc.a(lib_a-mallocr.o)
                0x200092d0                __malloc_top_pad
                0x200092d4                __malloc_current_mallinfo
                0x200092fc                __malloc_max_sbrked_mem
                0x20009300                __malloc_max_total_mem
 *(COMMON)
 COMMON         0x20009304      0x11b ./lora.o
                0x20009304                this_address
                0x20009305                tx_header_id
                0x20009306                last_rssi
                0x20009308                rx_good
                0x2000930a                tx_header_to
                0x2000930b                mode
                0x2000930c                promiscuous
                0x2000930d                rx_header_from
                0x2000930e                rx_header_flags
                0x2000930f                cad
                0x20009310                rx_buf_valid
                0x20009311                buf_len
                0x20009312                tx_good
                0x20009314                buf
                0x20009414                rx_bad
                0x20009416                tx_header_from
                0x20009418                cad_timeout
                0x2000941c                rx_header_id
                0x2000941d                rx_header_to
                0x2000941e                tx_header_flags
 *fill*         0x2000941f        0x1 00
 COMMON         0x20009420       0x50 N:\PortableGit\locknet373\smartfusion\lockNET_SF\SoftConsole\lockNET_SF_MSS_MSS_CM3_0\lockNET_SF_MSS_MSS_CM3_0_hw_platform\Debug\liblockNET_SF_MSS_MSS_CM3_0_hw_platform.a(mss_uart.o)
                0x20009420                g_mss_uart1
                0x20009448                g_mss_uart0
 COMMON         0x20009470      0x108 N:\PortableGit\locknet373\smartfusion\lockNET_SF\SoftConsole\lockNET_SF_MSS_MSS_CM3_0\lockNET_SF_MSS_MSS_CM3_0_hw_platform\Debug\liblockNET_SF_MSS_MSS_CM3_0_hw_platform.a(mss_spi.o)
                0x20009470                g_mss_spi1
                0x200094f4                g_mss_spi0
 COMMON         0x20009578       0xe8 N:\PortableGit\locknet373\smartfusion\lockNET_SF\SoftConsole\lockNET_SF_MSS_MSS_CM3_0\lockNET_SF_MSS_MSS_CM3_0_hw_platform\Debug\liblockNET_SF_MSS_MSS_CM3_0_hw_platform.a(mss_i2c.o)
                0x20009578                g_mss_i2c0
                0x200095ec                g_mss_i2c1
 COMMON         0x20009660        0x4 c:/program files (x86)/microsemi/softconsole v3.3/sourcery-g++/bin/../lib/gcc/arm-none-eabi/4.4.1/../../../../arm-none-eabi/lib/thumb2\libc.a(lib_a-reent.o)
                0x20009660                errno
                0x20009668                . = ALIGN (0x8)
 *fill*         0x20009664        0x4 00
                0x20009668                __bss_end__ = .
                0x20009668                _end = .
                0x20009668                __end = _end
                0x20009668                _ebss = .
                0x20009668                PROVIDE (end, .)

.stack          0x20009668     0x3000
                0x20009668                . = ALIGN (0x4)
                0x2000a668                . = (. + PROCESS_STACK_SIZE)
 *fill*         0x20009668     0x1000 00
                0x2000a668                . = ALIGN (0x4)
                0x2000c668                . = (. + MAIN_STACK_SIZE)
 *fill*         0x2000a668     0x2000 00
                0x2000c668                . = ALIGN (0x4)

.stab
 *(.stab)

.stabstr
 *(.stabstr)

.debug
 *(.debug)

.line
 *(.line)

.debug_srcinfo
 *(.debug_srcinfo)

.debug_sfnames
 *(.debug_sfnames)

.comment        0x00000000      0x2b0
 .comment       0x00000000       0x2b ./contact_switch.o
 .comment       0x0000002b       0x2b ./lora.o
 .comment       0x00000056       0x2b ./lora_client_ex.o
 .comment       0x00000081       0x2b ./lora_server_ex.o
 .comment       0x000000ac       0x2b ./main.o
 .comment       0x000000d7       0x2b ./neopixel.o
 .comment       0x00000102       0x2b ./neopixel_test.o
 .comment       0x0000012d       0x2b ./nfc.o
 .comment       0x00000158       0x2b ./servo.o
 .comment       0x00000183       0x2b N:/PortableGit/locknet373/smartfusion/lockNET_SF/SoftConsole/lockNET_SF_MSS_MSS_CM3_0/lockNET_SF_MSS_MSS_CM3_0_hw_platform/Debug/CMSIS/startup_gcc/newlib_stubs.o
 .comment       0x000001ae       0x2b N:\PortableGit\locknet373\smartfusion\lockNET_SF\SoftConsole\lockNET_SF_MSS_MSS_CM3_0\lockNET_SF_MSS_MSS_CM3_0_hw_platform\Debug\liblockNET_SF_MSS_MSS_CM3_0_hw_platform.a(mss_uart.o)
 .comment       0x000001d9       0x2b N:\PortableGit\locknet373\smartfusion\lockNET_SF\SoftConsole\lockNET_SF_MSS_MSS_CM3_0\lockNET_SF_MSS_MSS_CM3_0_hw_platform\Debug\liblockNET_SF_MSS_MSS_CM3_0_hw_platform.a(mss_spi.o)
 .comment       0x00000204       0x2b N:\PortableGit\locknet373\smartfusion\lockNET_SF\SoftConsole\lockNET_SF_MSS_MSS_CM3_0\lockNET_SF_MSS_MSS_CM3_0_hw_platform\Debug\liblockNET_SF_MSS_MSS_CM3_0_hw_platform.a(mss_i2c.o)
 .comment       0x0000022f       0x2b N:\PortableGit\locknet373\smartfusion\lockNET_SF\SoftConsole\lockNET_SF_MSS_MSS_CM3_0\lockNET_SF_MSS_MSS_CM3_0_hw_platform\Debug\liblockNET_SF_MSS_MSS_CM3_0_hw_platform.a(mss_gpio.o)
 .comment       0x0000025a       0x2b N:\PortableGit\locknet373\smartfusion\lockNET_SF\SoftConsole\lockNET_SF_MSS_MSS_CM3_0\lockNET_SF_MSS_MSS_CM3_0_hw_platform\Debug\liblockNET_SF_MSS_MSS_CM3_0_hw_platform.a(core_cm3.o)
 .comment       0x00000285       0x2b N:\PortableGit\locknet373\smartfusion\lockNET_SF\SoftConsole\lockNET_SF_MSS_MSS_CM3_0\lockNET_SF_MSS_MSS_CM3_0_hw_platform\Debug\liblockNET_SF_MSS_MSS_CM3_0_hw_platform.a(system_a2fxxxm3.o)

.debug_aranges  0x00000000      0x730
 *(.debug_aranges)
 .debug_aranges
                0x00000000       0x30 ./contact_switch.o
 .debug_aranges
                0x00000030       0xf8 ./lora.o
 .debug_aranges
                0x00000128       0x28 ./lora_client_ex.o
 .debug_aranges
                0x00000150       0x28 ./lora_server_ex.o
 .debug_aranges
                0x00000178       0x30 ./main.o
 .debug_aranges
                0x000001a8       0x48 ./neopixel.o
 .debug_aranges
                0x000001f0       0x20 ./neopixel_test.o
 .debug_aranges
                0x00000210       0x68 ./nfc.o
 .debug_aranges
                0x00000278       0x38 ./servo.o
 .debug_aranges
                0x000002b0       0xa8 N:/PortableGit/locknet373/smartfusion/lockNET_SF/SoftConsole/lockNET_SF_MSS_MSS_CM3_0/lockNET_SF_MSS_MSS_CM3_0_hw_platform/Debug/CMSIS/startup_gcc/newlib_stubs.o
 .debug_aranges
                0x00000358       0xc0 N:\PortableGit\locknet373\smartfusion\lockNET_SF\SoftConsole\lockNET_SF_MSS_MSS_CM3_0\lockNET_SF_MSS_MSS_CM3_0_hw_platform\Debug\liblockNET_SF_MSS_MSS_CM3_0_hw_platform.a(mss_uart.o)
 .debug_aranges
                0x00000418       0xc8 N:\PortableGit\locknet373\smartfusion\lockNET_SF\SoftConsole\lockNET_SF_MSS_MSS_CM3_0\lockNET_SF_MSS_MSS_CM3_0_hw_platform\Debug\liblockNET_SF_MSS_MSS_CM3_0_hw_platform.a(mss_spi.o)
 .debug_aranges
                0x000004e0      0x110 N:\PortableGit\locknet373\smartfusion\lockNET_SF\SoftConsole\lockNET_SF_MSS_MSS_CM3_0\lockNET_SF_MSS_MSS_CM3_0_hw_platform\Debug\liblockNET_SF_MSS_MSS_CM3_0_hw_platform.a(mss_i2c.o)
 .debug_aranges
                0x000005f0       0x50 N:\PortableGit\locknet373\smartfusion\lockNET_SF\SoftConsole\lockNET_SF_MSS_MSS_CM3_0\lockNET_SF_MSS_MSS_CM3_0_hw_platform\Debug\liblockNET_SF_MSS_MSS_CM3_0_hw_platform.a(mss_gpio.o)
 .debug_aranges
                0x00000640       0xc8 N:\PortableGit\locknet373\smartfusion\lockNET_SF\SoftConsole\lockNET_SF_MSS_MSS_CM3_0\lockNET_SF_MSS_MSS_CM3_0_hw_platform\Debug\liblockNET_SF_MSS_MSS_CM3_0_hw_platform.a(core_cm3.o)
 .debug_aranges
                0x00000708       0x28 N:\PortableGit\locknet373\smartfusion\lockNET_SF\SoftConsole\lockNET_SF_MSS_MSS_CM3_0\lockNET_SF_MSS_MSS_CM3_0_hw_platform\Debug\liblockNET_SF_MSS_MSS_CM3_0_hw_platform.a(system_a2fxxxm3.o)

.debug_pubnames
                0x00000000     0x1228
 *(.debug_pubnames)
 .debug_pubnames
                0x00000000       0x35 ./contact_switch.o
 .debug_pubnames
                0x00000035      0x3d8 ./lora.o
 .debug_pubnames
                0x0000040d       0x43 ./lora_client_ex.o
 .debug_pubnames
                0x00000450       0x43 ./lora_server_ex.o
 .debug_pubnames
                0x00000493       0x56 ./main.o
 .debug_pubnames
                0x000004e9       0x7c ./neopixel.o
 .debug_pubnames
                0x00000565       0x1e ./neopixel_test.o
 .debug_pubnames
                0x00000583      0x186 ./nfc.o
 .debug_pubnames
                0x00000709       0x55 ./servo.o
 .debug_pubnames
                0x0000075e       0xeb N:/PortableGit/locknet373/smartfusion/lockNET_SF/SoftConsole/lockNET_SF_MSS_MSS_CM3_0/lockNET_SF_MSS_MSS_CM3_0_hw_platform/Debug/CMSIS/startup_gcc/newlib_stubs.o
 .debug_pubnames
                0x00000849      0x21c N:\PortableGit\locknet373\smartfusion\lockNET_SF\SoftConsole\lockNET_SF_MSS_MSS_CM3_0\lockNET_SF_MSS_MSS_CM3_0_hw_platform\Debug\liblockNET_SF_MSS_MSS_CM3_0_hw_platform.a(mss_uart.o)
 .debug_pubnames
                0x00000a65      0x21a N:\PortableGit\locknet373\smartfusion\lockNET_SF\SoftConsole\lockNET_SF_MSS_MSS_CM3_0\lockNET_SF_MSS_MSS_CM3_0_hw_platform\Debug\liblockNET_SF_MSS_MSS_CM3_0_hw_platform.a(mss_spi.o)
 .debug_pubnames
                0x00000c7f      0x2eb N:\PortableGit\locknet373\smartfusion\lockNET_SF\SoftConsole\lockNET_SF_MSS_MSS_CM3_0\lockNET_SF_MSS_MSS_CM3_0_hw_platform\Debug\liblockNET_SF_MSS_MSS_CM3_0_hw_platform.a(mss_i2c.o)
 .debug_pubnames
                0x00000f6a       0xb1 N:\PortableGit\locknet373\smartfusion\lockNET_SF\SoftConsole\lockNET_SF_MSS_MSS_CM3_0\lockNET_SF_MSS_MSS_CM3_0_hw_platform\Debug\liblockNET_SF_MSS_MSS_CM3_0_hw_platform.a(mss_gpio.o)
 .debug_pubnames
                0x0000101b      0x159 N:\PortableGit\locknet373\smartfusion\lockNET_SF\SoftConsole\lockNET_SF_MSS_MSS_CM3_0\lockNET_SF_MSS_MSS_CM3_0_hw_platform\Debug\liblockNET_SF_MSS_MSS_CM3_0_hw_platform.a(core_cm3.o)
 .debug_pubnames
                0x00001174       0xb4 N:\PortableGit\locknet373\smartfusion\lockNET_SF\SoftConsole\lockNET_SF_MSS_MSS_CM3_0\lockNET_SF_MSS_MSS_CM3_0_hw_platform\Debug\liblockNET_SF_MSS_MSS_CM3_0_hw_platform.a(system_a2fxxxm3.o)

.debug_info     0x00000000     0x9f63
 *(.debug_info .gnu.linkonce.wi.*)
 .debug_info    0x00000000      0x3eb ./contact_switch.o
 .debug_info    0x000003eb     0x10da ./lora.o
 .debug_info    0x000014c5      0x123 ./lora_client_ex.o
 .debug_info    0x000015e8      0x138 ./lora_server_ex.o
 .debug_info    0x00001720      0x208 ./main.o
 .debug_info    0x00001928      0x179 ./neopixel.o
 .debug_info    0x00001aa1       0xa3 ./neopixel_test.o
 .debug_info    0x00001b44      0xf46 ./nfc.o
 .debug_info    0x00002a8a       0xd7 ./servo.o
 .debug_info    0x00002b61     0x10eb N:/PortableGit/locknet373/smartfusion/lockNET_SF/SoftConsole/lockNET_SF_MSS_MSS_CM3_0/lockNET_SF_MSS_MSS_CM3_0_hw_platform/Debug/CMSIS/startup_gcc/newlib_stubs.o
 .debug_info    0x00003c4c     0x1740 N:\PortableGit\locknet373\smartfusion\lockNET_SF\SoftConsole\lockNET_SF_MSS_MSS_CM3_0\lockNET_SF_MSS_MSS_CM3_0_hw_platform\Debug\liblockNET_SF_MSS_MSS_CM3_0_hw_platform.a(mss_uart.o)
 .debug_info    0x0000538c     0x16fe N:\PortableGit\locknet373\smartfusion\lockNET_SF\SoftConsole\lockNET_SF_MSS_MSS_CM3_0\lockNET_SF_MSS_MSS_CM3_0_hw_platform\Debug\liblockNET_SF_MSS_MSS_CM3_0_hw_platform.a(mss_spi.o)
 .debug_info    0x00006a8a     0x190b N:\PortableGit\locknet373\smartfusion\lockNET_SF\SoftConsole\lockNET_SF_MSS_MSS_CM3_0\lockNET_SF_MSS_MSS_CM3_0_hw_platform\Debug\liblockNET_SF_MSS_MSS_CM3_0_hw_platform.a(mss_i2c.o)
 .debug_info    0x00008395     0x1124 N:\PortableGit\locknet373\smartfusion\lockNET_SF\SoftConsole\lockNET_SF_MSS_MSS_CM3_0\lockNET_SF_MSS_MSS_CM3_0_hw_platform\Debug\liblockNET_SF_MSS_MSS_CM3_0_hw_platform.a(mss_gpio.o)
 .debug_info    0x000094b9      0x535 N:\PortableGit\locknet373\smartfusion\lockNET_SF\SoftConsole\lockNET_SF_MSS_MSS_CM3_0\lockNET_SF_MSS_MSS_CM3_0_hw_platform\Debug\liblockNET_SF_MSS_MSS_CM3_0_hw_platform.a(core_cm3.o)
 .debug_info    0x000099ee      0x575 N:\PortableGit\locknet373\smartfusion\lockNET_SF\SoftConsole\lockNET_SF_MSS_MSS_CM3_0\lockNET_SF_MSS_MSS_CM3_0_hw_platform\Debug\liblockNET_SF_MSS_MSS_CM3_0_hw_platform.a(system_a2fxxxm3.o)

.debug_abbrev   0x00000000     0x17f5
 *(.debug_abbrev)
 .debug_abbrev  0x00000000       0xe9 ./contact_switch.o
 .debug_abbrev  0x000000e9      0x240 ./lora.o
 .debug_abbrev  0x00000329       0xb8 ./lora_client_ex.o
 .debug_abbrev  0x000003e1       0xc1 ./lora_server_ex.o
 .debug_abbrev  0x000004a2       0xe1 ./main.o
 .debug_abbrev  0x00000583       0xcc ./neopixel.o
 .debug_abbrev  0x0000064f       0x5b ./neopixel_test.o
 .debug_abbrev  0x000006aa      0x1c6 ./nfc.o
 .debug_abbrev  0x00000870       0x67 ./servo.o
 .debug_abbrev  0x000008d7      0x251 N:/PortableGit/locknet373/smartfusion/lockNET_SF/SoftConsole/lockNET_SF_MSS_MSS_CM3_0/lockNET_SF_MSS_MSS_CM3_0_hw_platform/Debug/CMSIS/startup_gcc/newlib_stubs.o
 .debug_abbrev  0x00000b28      0x306 N:\PortableGit\locknet373\smartfusion\lockNET_SF\SoftConsole\lockNET_SF_MSS_MSS_CM3_0\lockNET_SF_MSS_MSS_CM3_0_hw_platform\Debug\liblockNET_SF_MSS_MSS_CM3_0_hw_platform.a(mss_uart.o)
 .debug_abbrev  0x00000e2e      0x2e3 N:\PortableGit\locknet373\smartfusion\lockNET_SF\SoftConsole\lockNET_SF_MSS_MSS_CM3_0\lockNET_SF_MSS_MSS_CM3_0_hw_platform\Debug\liblockNET_SF_MSS_MSS_CM3_0_hw_platform.a(mss_spi.o)
 .debug_abbrev  0x00001111      0x2da N:\PortableGit\locknet373\smartfusion\lockNET_SF\SoftConsole\lockNET_SF_MSS_MSS_CM3_0\lockNET_SF_MSS_MSS_CM3_0_hw_platform\Debug\liblockNET_SF_MSS_MSS_CM3_0_hw_platform.a(mss_i2c.o)
 .debug_abbrev  0x000013eb      0x1f1 N:\PortableGit\locknet373\smartfusion\lockNET_SF\SoftConsole\lockNET_SF_MSS_MSS_CM3_0\lockNET_SF_MSS_MSS_CM3_0_hw_platform\Debug\liblockNET_SF_MSS_MSS_CM3_0_hw_platform.a(mss_gpio.o)
 .debug_abbrev  0x000015dc       0xc5 N:\PortableGit\locknet373\smartfusion\lockNET_SF\SoftConsole\lockNET_SF_MSS_MSS_CM3_0\lockNET_SF_MSS_MSS_CM3_0_hw_platform\Debug\liblockNET_SF_MSS_MSS_CM3_0_hw_platform.a(core_cm3.o)
 .debug_abbrev  0x000016a1      0x154 N:\PortableGit\locknet373\smartfusion\lockNET_SF\SoftConsole\lockNET_SF_MSS_MSS_CM3_0\lockNET_SF_MSS_MSS_CM3_0_hw_platform\Debug\liblockNET_SF_MSS_MSS_CM3_0_hw_platform.a(system_a2fxxxm3.o)

.debug_line     0x00000000     0x52aa
 *(.debug_line)
 .debug_line    0x00000000      0x274 ./contact_switch.o
 .debug_line    0x00000274      0x85b ./lora.o
 .debug_line    0x00000acf      0x750 ./lora_client_ex.o
 .debug_line    0x0000121f      0x752 ./lora_server_ex.o
 .debug_line    0x00001971      0x914 ./main.o
 .debug_line    0x00002285      0x139 ./neopixel.o
 .debug_line    0x000023be      0x343 ./neopixel_test.o
 .debug_line    0x00002701      0x6d0 ./nfc.o
 .debug_line    0x00002dd1      0x10a ./servo.o
 .debug_line    0x00002edb      0x547 N:/PortableGit/locknet373/smartfusion/lockNET_SF/SoftConsole/lockNET_SF_MSS_MSS_CM3_0/lockNET_SF_MSS_MSS_CM3_0_hw_platform/Debug/CMSIS/startup_gcc/newlib_stubs.o
 .debug_line    0x00003422      0x619 N:\PortableGit\locknet373\smartfusion\lockNET_SF\SoftConsole\lockNET_SF_MSS_MSS_CM3_0\lockNET_SF_MSS_MSS_CM3_0_hw_platform\Debug\liblockNET_SF_MSS_MSS_CM3_0_hw_platform.a(mss_uart.o)
 .debug_line    0x00003a3b      0x866 N:\PortableGit\locknet373\smartfusion\lockNET_SF\SoftConsole\lockNET_SF_MSS_MSS_CM3_0\lockNET_SF_MSS_MSS_CM3_0_hw_platform\Debug\liblockNET_SF_MSS_MSS_CM3_0_hw_platform.a(mss_spi.o)
 .debug_line    0x000042a1      0x7c9 N:\PortableGit\locknet373\smartfusion\lockNET_SF\SoftConsole\lockNET_SF_MSS_MSS_CM3_0\lockNET_SF_MSS_MSS_CM3_0_hw_platform\Debug\liblockNET_SF_MSS_MSS_CM3_0_hw_platform.a(mss_i2c.o)
 .debug_line    0x00004a6a      0x348 N:\PortableGit\locknet373\smartfusion\lockNET_SF\SoftConsole\lockNET_SF_MSS_MSS_CM3_0\lockNET_SF_MSS_MSS_CM3_0_hw_platform\Debug\liblockNET_SF_MSS_MSS_CM3_0_hw_platform.a(mss_gpio.o)
 .debug_line    0x00004db2      0x258 N:\PortableGit\locknet373\smartfusion\lockNET_SF\SoftConsole\lockNET_SF_MSS_MSS_CM3_0\lockNET_SF_MSS_MSS_CM3_0_hw_platform\Debug\liblockNET_SF_MSS_MSS_CM3_0_hw_platform.a(core_cm3.o)
 .debug_line    0x0000500a      0x2a0 N:\PortableGit\locknet373\smartfusion\lockNET_SF\SoftConsole\lockNET_SF_MSS_MSS_CM3_0\lockNET_SF_MSS_MSS_CM3_0_hw_platform\Debug\liblockNET_SF_MSS_MSS_CM3_0_hw_platform.a(system_a2fxxxm3.o)

.debug_frame    0x00000000     0x1e54
 *(.debug_frame)
 .debug_frame   0x00000000       0x64 ./contact_switch.o
 .debug_frame   0x00000064      0x348 ./lora.o
 .debug_frame   0x000003ac       0x4c ./lora_client_ex.o
 .debug_frame   0x000003f8       0x4c ./lora_server_ex.o
 .debug_frame   0x00000444       0x78 ./main.o
 .debug_frame   0x000004bc       0xa8 ./neopixel.o
 .debug_frame   0x00000564       0x30 ./neopixel_test.o
 .debug_frame   0x00000594      0x144 ./nfc.o
 .debug_frame   0x000006d8       0x70 ./servo.o
 .debug_frame   0x00000748      0x174 N:/PortableGit/locknet373/smartfusion/lockNET_SF/SoftConsole/lockNET_SF_MSS_MSS_CM3_0/lockNET_SF_MSS_MSS_CM3_0_hw_platform/Debug/CMSIS/startup_gcc/newlib_stubs.o
 .debug_frame   0x000008bc      0x1f0 N:\PortableGit\locknet373\smartfusion\lockNET_SF\SoftConsole\lockNET_SF_MSS_MSS_CM3_0\lockNET_SF_MSS_MSS_CM3_0_hw_platform\Debug\liblockNET_SF_MSS_MSS_CM3_0_hw_platform.a(mss_uart.o)
 .debug_frame   0x00000aac      0x270 N:\PortableGit\locknet373\smartfusion\lockNET_SF\SoftConsole\lockNET_SF_MSS_MSS_CM3_0\lockNET_SF_MSS_MSS_CM3_0_hw_platform\Debug\liblockNET_SF_MSS_MSS_CM3_0_hw_platform.a(mss_spi.o)
 .debug_frame   0x00000d1c      0x2bc N:\PortableGit\locknet373\smartfusion\lockNET_SF\SoftConsole\lockNET_SF_MSS_MSS_CM3_0\lockNET_SF_MSS_MSS_CM3_0_hw_platform\Debug\liblockNET_SF_MSS_MSS_CM3_0_hw_platform.a(mss_i2c.o)
 .debug_frame   0x00000fd8       0x88 N:\PortableGit\locknet373\smartfusion\lockNET_SF\SoftConsole\lockNET_SF_MSS_MSS_CM3_0\lockNET_SF_MSS_MSS_CM3_0_hw_platform\Debug\liblockNET_SF_MSS_MSS_CM3_0_hw_platform.a(mss_gpio.o)
 .debug_frame   0x00001060      0x170 N:\PortableGit\locknet373\smartfusion\lockNET_SF\SoftConsole\lockNET_SF_MSS_MSS_CM3_0\lockNET_SF_MSS_MSS_CM3_0_hw_platform\Debug\liblockNET_SF_MSS_MSS_CM3_0_hw_platform.a(core_cm3.o)
 .debug_frame   0x000011d0       0x3c N:\PortableGit\locknet373\smartfusion\lockNET_SF\SoftConsole\lockNET_SF_MSS_MSS_CM3_0\lockNET_SF_MSS_MSS_CM3_0_hw_platform\Debug\liblockNET_SF_MSS_MSS_CM3_0_hw_platform.a(system_a2fxxxm3.o)
 .debug_frame   0x0000120c       0x20 c:/program files (x86)/microsemi/softconsole v3.3/sourcery-g++/bin/../lib/gcc/arm-none-eabi/4.4.1/../../../../arm-none-eabi/lib/thumb2\libc.a(lib_a-errno.o)
 .debug_frame   0x0000122c       0x2c c:/program files (x86)/microsemi/softconsole v3.3/sourcery-g++/bin/../lib/gcc/arm-none-eabi/4.4.1/../../../../arm-none-eabi/lib/thumb2\libc.a(lib_a-init.o)
 .debug_frame   0x00001258       0x34 c:/program files (x86)/microsemi/softconsole v3.3/sourcery-g++/bin/../lib/gcc/arm-none-eabi/4.4.1/../../../../arm-none-eabi/lib/thumb2\libc.a(lib_a-memcpy.o)
 .debug_frame   0x0000128c       0x28 c:/program files (x86)/microsemi/softconsole v3.3/sourcery-g++/bin/../lib/gcc/arm-none-eabi/4.4.1/../../../../arm-none-eabi/lib/thumb2\libc.a(lib_a-memset.o)
 .debug_frame   0x000012b4       0x5c c:/program files (x86)/microsemi/softconsole v3.3/sourcery-g++/bin/../lib/gcc/arm-none-eabi/4.4.1/../../../../arm-none-eabi/lib/thumb2\libc.a(lib_a-printf.o)
 .debug_frame   0x00001310       0x40 c:/program files (x86)/microsemi/softconsole v3.3/sourcery-g++/bin/../lib/gcc/arm-none-eabi/4.4.1/../../../../arm-none-eabi/lib/thumb2\libc.a(lib_a-puts.o)
 .debug_frame   0x00001350       0x20 c:/program files (x86)/microsemi/softconsole v3.3/sourcery-g++/bin/../lib/gcc/arm-none-eabi/4.4.1/../../../../arm-none-eabi/lib/thumb2\libc.a(lib_a-strlen.o)
 .debug_frame   0x00001370       0x70 c:/program files (x86)/microsemi/softconsole v3.3/sourcery-g++/bin/../lib/gcc/arm-none-eabi/4.4.1/../../../../arm-none-eabi/lib/thumb2\libc.a(lib_a-vfprintf.o)
 .debug_frame   0x000013e0       0x2c c:/program files (x86)/microsemi/softconsole v3.3/sourcery-g++/bin/../lib/gcc/arm-none-eabi/4.4.1/../../../../arm-none-eabi/lib/thumb2\libc.a(lib_a-wsetup.o)
 .debug_frame   0x0000140c       0x64 c:/program files (x86)/microsemi/softconsole v3.3/sourcery-g++/bin/../lib/gcc/arm-none-eabi/4.4.1/../../../../arm-none-eabi/lib/thumb2\libc.a(lib_a-dtoa.o)
 .debug_frame   0x00001470       0x40 c:/program files (x86)/microsemi/softconsole v3.3/sourcery-g++/bin/../lib/gcc/arm-none-eabi/4.4.1/../../../../arm-none-eabi/lib/thumb2\libc.a(lib_a-fflush.o)
 .debug_frame   0x000014b0      0x11c c:/program files (x86)/microsemi/softconsole v3.3/sourcery-g++/bin/../lib/gcc/arm-none-eabi/4.4.1/../../../../arm-none-eabi/lib/thumb2\libc.a(lib_a-findfp.o)
 .debug_frame   0x000015cc       0x50 c:/program files (x86)/microsemi/softconsole v3.3/sourcery-g++/bin/../lib/gcc/arm-none-eabi/4.4.1/../../../../arm-none-eabi/lib/thumb2\libc.a(lib_a-freer.o)
 .debug_frame   0x0000161c       0x3c c:/program files (x86)/microsemi/softconsole v3.3/sourcery-g++/bin/../lib/gcc/arm-none-eabi/4.4.1/../../../../arm-none-eabi/lib/thumb2\libc.a(lib_a-fvwrite.o)
 .debug_frame   0x00001658       0x54 c:/program files (x86)/microsemi/softconsole v3.3/sourcery-g++/bin/../lib/gcc/arm-none-eabi/4.4.1/../../../../arm-none-eabi/lib/thumb2\libc.a(lib_a-fwalk.o)
 .debug_frame   0x000016ac       0x6c c:/program files (x86)/microsemi/softconsole v3.3/sourcery-g++/bin/../lib/gcc/arm-none-eabi/4.4.1/../../../../arm-none-eabi/lib/thumb2\libc.a(lib_a-locale.o)
 .debug_frame   0x00001718       0x34 c:/program files (x86)/microsemi/softconsole v3.3/sourcery-g++/bin/../lib/gcc/arm-none-eabi/4.4.1/../../../../arm-none-eabi/lib/thumb2\libc.a(lib_a-makebuf.o)
 .debug_frame   0x0000174c       0x30 c:/program files (x86)/microsemi/softconsole v3.3/sourcery-g++/bin/../lib/gcc/arm-none-eabi/4.4.1/../../../../arm-none-eabi/lib/thumb2\libc.a(lib_a-malloc.o)
 .debug_frame   0x0000177c       0x3c c:/program files (x86)/microsemi/softconsole v3.3/sourcery-g++/bin/../lib/gcc/arm-none-eabi/4.4.1/../../../../arm-none-eabi/lib/thumb2\libc.a(lib_a-mallocr.o)
 .debug_frame   0x000017b8       0x28 c:/program files (x86)/microsemi/softconsole v3.3/sourcery-g++/bin/../lib/gcc/arm-none-eabi/4.4.1/../../../../arm-none-eabi/lib/thumb2\libc.a(lib_a-memchr.o)
 .debug_frame   0x000017e0       0x2c c:/program files (x86)/microsemi/softconsole v3.3/sourcery-g++/bin/../lib/gcc/arm-none-eabi/4.4.1/../../../../arm-none-eabi/lib/thumb2\libc.a(lib_a-memmove.o)
 .debug_frame   0x0000180c       0x30 c:/program files (x86)/microsemi/softconsole v3.3/sourcery-g++/bin/../lib/gcc/arm-none-eabi/4.4.1/../../../../arm-none-eabi/lib/thumb2\libc.a(lib_a-mlock.o)
 .debug_frame   0x0000183c      0x240 c:/program files (x86)/microsemi/softconsole v3.3/sourcery-g++/bin/../lib/gcc/arm-none-eabi/4.4.1/../../../../arm-none-eabi/lib/thumb2\libc.a(lib_a-mprec.o)
 .debug_frame   0x00001a7c       0x3c c:/program files (x86)/microsemi/softconsole v3.3/sourcery-g++/bin/../lib/gcc/arm-none-eabi/4.4.1/../../../../arm-none-eabi/lib/thumb2\libc.a(lib_a-reallocr.o)
 .debug_frame   0x00001ab8       0x20 c:/program files (x86)/microsemi/softconsole v3.3/sourcery-g++/bin/../lib/gcc/arm-none-eabi/4.4.1/../../../../arm-none-eabi/lib/thumb2\libc.a(lib_a-s_isinfd.o)
 .debug_frame   0x00001ad8       0x20 c:/program files (x86)/microsemi/softconsole v3.3/sourcery-g++/bin/../lib/gcc/arm-none-eabi/4.4.1/../../../../arm-none-eabi/lib/thumb2\libc.a(lib_a-s_isnand.o)
 .debug_frame   0x00001af8       0x2c c:/program files (x86)/microsemi/softconsole v3.3/sourcery-g++/bin/../lib/gcc/arm-none-eabi/4.4.1/../../../../arm-none-eabi/lib/thumb2\libc.a(lib_a-sbrkr.o)
 .debug_frame   0x00001b24       0x70 c:/program files (x86)/microsemi/softconsole v3.3/sourcery-g++/bin/../lib/gcc/arm-none-eabi/4.4.1/../../../../arm-none-eabi/lib/thumb2\libc.a(lib_a-stdio.o)
 .debug_frame   0x00001b94       0x30 c:/program files (x86)/microsemi/softconsole v3.3/sourcery-g++/bin/../lib/gcc/arm-none-eabi/4.4.1/../../../../arm-none-eabi/lib/thumb2\libc.a(lib_a-strcmp.o)
 .debug_frame   0x00001bc4       0x2c c:/program files (x86)/microsemi/softconsole v3.3/sourcery-g++/bin/../lib/gcc/arm-none-eabi/4.4.1/../../../../arm-none-eabi/lib/thumb2\libc.a(lib_a-callocr.o)
 .debug_frame   0x00001bf0       0x2c c:/program files (x86)/microsemi/softconsole v3.3/sourcery-g++/bin/../lib/gcc/arm-none-eabi/4.4.1/../../../../arm-none-eabi/lib/thumb2\libc.a(lib_a-closer.o)
 .debug_frame   0x00001c1c       0x3c c:/program files (x86)/microsemi/softconsole v3.3/sourcery-g++/bin/../lib/gcc/arm-none-eabi/4.4.1/../../../../arm-none-eabi/lib/thumb2\libc.a(lib_a-fclose.o)
 .debug_frame   0x00001c58       0x2c c:/program files (x86)/microsemi/softconsole v3.3/sourcery-g++/bin/../lib/gcc/arm-none-eabi/4.4.1/../../../../arm-none-eabi/lib/thumb2\libc.a(lib_a-fstatr.o)
 .debug_frame   0x00001c84       0x2c c:/program files (x86)/microsemi/softconsole v3.3/sourcery-g++/bin/../lib/gcc/arm-none-eabi/4.4.1/../../../../arm-none-eabi/lib/thumb2\libc.a(lib_a-isattyr.o)
 .debug_frame   0x00001cb0       0x2c c:/program files (x86)/microsemi/softconsole v3.3/sourcery-g++/bin/../lib/gcc/arm-none-eabi/4.4.1/../../../../arm-none-eabi/lib/thumb2\libc.a(lib_a-lseekr.o)
 .debug_frame   0x00001cdc       0x2c c:/program files (x86)/microsemi/softconsole v3.3/sourcery-g++/bin/../lib/gcc/arm-none-eabi/4.4.1/../../../../arm-none-eabi/lib/thumb2\libc.a(lib_a-readr.o)
 .debug_frame   0x00001d08       0x64 c:/program files (x86)/microsemi/softconsole v3.3/sourcery-g++/bin/../lib/gcc/arm-none-eabi/4.4.1/../../../../arm-none-eabi/lib/thumb2\libc.a(lib_a-reent.o)
 .debug_frame   0x00001d6c       0x20 c:/program files (x86)/microsemi/softconsole v3.3/sourcery-g++/bin/../lib/gcc/arm-none-eabi/4.4.1/thumb2\libgcc.a(_udivsi3.o)
 .debug_frame   0x00001d8c       0x50 c:/program files (x86)/microsemi/softconsole v3.3/sourcery-g++/bin/../lib/gcc/arm-none-eabi/4.4.1/thumb2\libgcc.a(bpabi.o)
 .debug_frame   0x00001ddc       0x3c c:/program files (x86)/microsemi/softconsole v3.3/sourcery-g++/bin/../lib/gcc/arm-none-eabi/4.4.1/thumb2\libgcc.a(_divdi3.o)
 .debug_frame   0x00001e18       0x3c c:/program files (x86)/microsemi/softconsole v3.3/sourcery-g++/bin/../lib/gcc/arm-none-eabi/4.4.1/thumb2\libgcc.a(_udivdi3.o)

.debug_str      0x00000000     0x3289
 *(.debug_str)
 .debug_str     0x00000000      0x44c ./contact_switch.o
                                0x487 (size before relaxing)
 .debug_str     0x0000044c     0x1177 ./lora.o
                               0x1537 (size before relaxing)
 .debug_str     0x000015c3       0x3d ./lora_client_ex.o
                                0x165 (size before relaxing)
 .debug_str     0x00001600       0x43 ./lora_server_ex.o
                                0x16b (size before relaxing)
 .debug_str     0x00001643       0x54 ./main.o
                                0x302 (size before relaxing)
 .debug_str     0x00001697       0x72 ./neopixel.o
                                0x193 (size before relaxing)
 .debug_str     0x00001709       0x1b ./neopixel_test.o
                                0x129 (size before relaxing)
 .debug_str     0x00001724      0x635 ./nfc.o
                               0x1422 (size before relaxing)
 .debug_str     0x00001d59       0x3e ./servo.o
                                0x150 (size before relaxing)
 .debug_str     0x00001d97      0x48d N:/PortableGit/locknet373/smartfusion/lockNET_SF/SoftConsole/lockNET_SF_MSS_MSS_CM3_0/lockNET_SF_MSS_MSS_CM3_0_hw_platform/Debug/CMSIS/startup_gcc/newlib_stubs.o
                               0x10c1 (size before relaxing)
 .debug_str     0x00002224      0x60b N:\PortableGit\locknet373\smartfusion\lockNET_SF\SoftConsole\lockNET_SF_MSS_MSS_CM3_0\lockNET_SF_MSS_MSS_CM3_0_hw_platform\Debug\liblockNET_SF_MSS_MSS_CM3_0_hw_platform.a(mss_uart.o)
                               0x14d2 (size before relaxing)
 .debug_str     0x0000282f      0x357 N:\PortableGit\locknet373\smartfusion\lockNET_SF\SoftConsole\lockNET_SF_MSS_MSS_CM3_0\lockNET_SF_MSS_MSS_CM3_0_hw_platform\Debug\liblockNET_SF_MSS_MSS_CM3_0_hw_platform.a(mss_spi.o)
                               0x16e3 (size before relaxing)
 .debug_str     0x00002b86      0x382 N:\PortableGit\locknet373\smartfusion\lockNET_SF\SoftConsole\lockNET_SF_MSS_MSS_CM3_0\lockNET_SF_MSS_MSS_CM3_0_hw_platform\Debug\liblockNET_SF_MSS_MSS_CM3_0_hw_platform.a(mss_i2c.o)
                               0x1772 (size before relaxing)
 .debug_str     0x00002f08      0x14f N:\PortableGit\locknet373\smartfusion\lockNET_SF\SoftConsole\lockNET_SF_MSS_MSS_CM3_0\lockNET_SF_MSS_MSS_CM3_0_hw_platform\Debug\liblockNET_SF_MSS_MSS_CM3_0_hw_platform.a(mss_gpio.o)
                               0x12aa (size before relaxing)
 .debug_str     0x00003057      0x13b N:\PortableGit\locknet373\smartfusion\lockNET_SF\SoftConsole\lockNET_SF_MSS_MSS_CM3_0\lockNET_SF_MSS_MSS_CM3_0_hw_platform\Debug\liblockNET_SF_MSS_MSS_CM3_0_hw_platform.a(core_cm3.o)
                                0x288 (size before relaxing)
 .debug_str     0x00003192       0xf7 N:\PortableGit\locknet373\smartfusion\lockNET_SF\SoftConsole\lockNET_SF_MSS_MSS_CM3_0\lockNET_SF_MSS_MSS_CM3_0_hw_platform\Debug\liblockNET_SF_MSS_MSS_CM3_0_hw_platform.a(system_a2fxxxm3.o)
                                0x475 (size before relaxing)

.debug_loc      0x00000000     0x2b82
 *(.debug_loc)
 .debug_loc     0x00000000       0x8d ./contact_switch.o
 .debug_loc     0x0000008d      0x5a4 ./lora.o
 .debug_loc     0x00000631       0x64 ./lora_client_ex.o
 .debug_loc     0x00000695       0x64 ./lora_server_ex.o
 .debug_loc     0x000006f9       0x8d ./main.o
 .debug_loc     0x00000786      0x11a ./neopixel.o
 .debug_loc     0x000008a0       0x37 ./neopixel_test.o
 .debug_loc     0x000008d7      0x21b ./nfc.o
 .debug_loc     0x00000af2       0xac ./servo.o
 .debug_loc     0x00000b9e      0x30d N:/PortableGit/locknet373/smartfusion/lockNET_SF/SoftConsole/lockNET_SF_MSS_MSS_CM3_0/lockNET_SF_MSS_MSS_CM3_0_hw_platform/Debug/CMSIS/startup_gcc/newlib_stubs.o
 .debug_loc     0x00000eab      0x894 N:\PortableGit\locknet373\smartfusion\lockNET_SF\SoftConsole\lockNET_SF_MSS_MSS_CM3_0\lockNET_SF_MSS_MSS_CM3_0_hw_platform\Debug\liblockNET_SF_MSS_MSS_CM3_0_hw_platform.a(mss_uart.o)
 .debug_loc     0x0000173f      0x982 N:\PortableGit\locknet373\smartfusion\lockNET_SF\SoftConsole\lockNET_SF_MSS_MSS_CM3_0\lockNET_SF_MSS_MSS_CM3_0_hw_platform\Debug\liblockNET_SF_MSS_MSS_CM3_0_hw_platform.a(mss_spi.o)
 .debug_loc     0x000020c1      0x755 N:\PortableGit\locknet373\smartfusion\lockNET_SF\SoftConsole\lockNET_SF_MSS_MSS_CM3_0\lockNET_SF_MSS_MSS_CM3_0_hw_platform\Debug\liblockNET_SF_MSS_MSS_CM3_0_hw_platform.a(mss_i2c.o)
 .debug_loc     0x00002816       0xf1 N:\PortableGit\locknet373\smartfusion\lockNET_SF\SoftConsole\lockNET_SF_MSS_MSS_CM3_0\lockNET_SF_MSS_MSS_CM3_0_hw_platform\Debug\liblockNET_SF_MSS_MSS_CM3_0_hw_platform.a(mss_gpio.o)
 .debug_loc     0x00002907      0x1c8 N:\PortableGit\locknet373\smartfusion\lockNET_SF\SoftConsole\lockNET_SF_MSS_MSS_CM3_0\lockNET_SF_MSS_MSS_CM3_0_hw_platform\Debug\liblockNET_SF_MSS_MSS_CM3_0_hw_platform.a(core_cm3.o)
 .debug_loc     0x00002acf       0xb3 N:\PortableGit\locknet373\smartfusion\lockNET_SF\SoftConsole\lockNET_SF_MSS_MSS_CM3_0\lockNET_SF_MSS_MSS_CM3_0_hw_platform\Debug\liblockNET_SF_MSS_MSS_CM3_0_hw_platform.a(system_a2fxxxm3.o)

.debug_macinfo  0x00000000    0x6bb29
 *(.debug_macinfo)
 .debug_macinfo
                0x00000000     0x5876 ./contact_switch.o
 .debug_macinfo
                0x00005876     0x9ee3 ./lora.o
 .debug_macinfo
                0x0000f759     0xa5e9 ./lora_client_ex.o
 .debug_macinfo
                0x00019d42     0xa5e9 ./lora_server_ex.o
 .debug_macinfo
                0x0002432b     0xb339 ./main.o
 .debug_macinfo
                0x0002f664     0x15e4 ./neopixel.o
 .debug_macinfo
                0x00030c48     0x40bc ./neopixel_test.o
 .debug_macinfo
                0x00034d04     0xa434 ./nfc.o
 .debug_macinfo
                0x0003f138     0x157c ./servo.o
 .debug_macinfo
                0x000406b4     0x9964 N:/PortableGit/locknet373/smartfusion/lockNET_SF/SoftConsole/lockNET_SF_MSS_MSS_CM3_0/lockNET_SF_MSS_MSS_CM3_0_hw_platform/Debug/CMSIS/startup_gcc/newlib_stubs.o
 .debug_macinfo
                0x0004a018     0x63e3 N:\PortableGit\locknet373\smartfusion\lockNET_SF\SoftConsole\lockNET_SF_MSS_MSS_CM3_0\lockNET_SF_MSS_MSS_CM3_0_hw_platform\Debug\liblockNET_SF_MSS_MSS_CM3_0_hw_platform.a(mss_uart.o)
 .debug_macinfo
                0x000503fb     0x7559 N:\PortableGit\locknet373\smartfusion\lockNET_SF\SoftConsole\lockNET_SF_MSS_MSS_CM3_0\lockNET_SF_MSS_MSS_CM3_0_hw_platform\Debug\liblockNET_SF_MSS_MSS_CM3_0_hw_platform.a(mss_spi.o)
 .debug_macinfo
                0x00057954     0x7518 N:\PortableGit\locknet373\smartfusion\lockNET_SF\SoftConsole\lockNET_SF_MSS_MSS_CM3_0\lockNET_SF_MSS_MSS_CM3_0_hw_platform\Debug\liblockNET_SF_MSS_MSS_CM3_0_hw_platform.a(mss_i2c.o)
 .debug_macinfo
                0x0005ee6c     0x5cfa N:\PortableGit\locknet373\smartfusion\lockNET_SF\SoftConsole\lockNET_SF_MSS_MSS_CM3_0\lockNET_SF_MSS_MSS_CM3_0_hw_platform\Debug\liblockNET_SF_MSS_MSS_CM3_0_hw_platform.a(mss_gpio.o)
 .debug_macinfo
                0x00064b66     0x152b N:\PortableGit\locknet373\smartfusion\lockNET_SF\SoftConsole\lockNET_SF_MSS_MSS_CM3_0\lockNET_SF_MSS_MSS_CM3_0_hw_platform\Debug\liblockNET_SF_MSS_MSS_CM3_0_hw_platform.a(core_cm3.o)
 .debug_macinfo
                0x00066091     0x5a98 N:\PortableGit\locknet373\smartfusion\lockNET_SF\SoftConsole\lockNET_SF_MSS_MSS_CM3_0\lockNET_SF_MSS_MSS_CM3_0_hw_platform\Debug\liblockNET_SF_MSS_MSS_CM3_0_hw_platform.a(system_a2fxxxm3.o)

.debug_weaknames
 *(.debug_weaknames)

.debug_funcnames
 *(.debug_funcnames)

.debug_typenames
 *(.debug_typenames)

.debug_varnames
 *(.debug_varnames)

.note.gnu.arm.ident
 *(.note.gnu.arm.ident)

.ARM.attributes
                0x00000000       0x25
 *(.ARM.attributes)
 .ARM.attributes
                0x00000000       0x19 c:/program files (x86)/microsemi/softconsole v3.3/sourcery-g++/bin/../lib/gcc/arm-none-eabi/4.4.1/thumb2/crti.o
 .ARM.attributes
                0x00000019       0x29 c:/program files (x86)/microsemi/softconsole v3.3/sourcery-g++/bin/../lib/gcc/arm-none-eabi/4.4.1/thumb2/crtbegin.o
 .ARM.attributes
                0x00000042       0x31 ./contact_switch.o
 .ARM.attributes
                0x00000073       0x31 ./lora.o
 .ARM.attributes
                0x000000a4       0x31 ./lora_client_ex.o
 .ARM.attributes
                0x000000d5       0x31 ./lora_server_ex.o
 .ARM.attributes
                0x00000106       0x31 ./main.o
 .ARM.attributes
                0x00000137       0x31 ./neopixel.o
 .ARM.attributes
                0x00000168       0x31 ./neopixel_test.o
 .ARM.attributes
                0x00000199       0x31 ./nfc.o
 .ARM.attributes
                0x000001ca       0x31 ./servo.o
 .ARM.attributes
                0x000001fb       0x21 N:/PortableGit/locknet373/smartfusion/lockNET_SF/SoftConsole/lockNET_SF_MSS_MSS_CM3_0/lockNET_SF_MSS_MSS_CM3_0_hw_platform/Debug/CMSIS/startup_gcc/startup_a2fxxxm3.o
 .ARM.attributes
                0x0000021c       0x31 N:/PortableGit/locknet373/smartfusion/lockNET_SF/SoftConsole/lockNET_SF_MSS_MSS_CM3_0/lockNET_SF_MSS_MSS_CM3_0_hw_platform/Debug/CMSIS/startup_gcc/newlib_stubs.o
 .ARM.attributes
                0x0000024d       0x31 N:\PortableGit\locknet373\smartfusion\lockNET_SF\SoftConsole\lockNET_SF_MSS_MSS_CM3_0\lockNET_SF_MSS_MSS_CM3_0_hw_platform\Debug\liblockNET_SF_MSS_MSS_CM3_0_hw_platform.a(mss_uart.o)
 .ARM.attributes
                0x0000027e       0x31 N:\PortableGit\locknet373\smartfusion\lockNET_SF\SoftConsole\lockNET_SF_MSS_MSS_CM3_0\lockNET_SF_MSS_MSS_CM3_0_hw_platform\Debug\liblockNET_SF_MSS_MSS_CM3_0_hw_platform.a(mss_spi.o)
 .ARM.attributes
                0x000002af       0x31 N:\PortableGit\locknet373\smartfusion\lockNET_SF\SoftConsole\lockNET_SF_MSS_MSS_CM3_0\lockNET_SF_MSS_MSS_CM3_0_hw_platform\Debug\liblockNET_SF_MSS_MSS_CM3_0_hw_platform.a(mss_i2c.o)
 .ARM.attributes
                0x000002e0       0x31 N:\PortableGit\locknet373\smartfusion\lockNET_SF\SoftConsole\lockNET_SF_MSS_MSS_CM3_0\lockNET_SF_MSS_MSS_CM3_0_hw_platform\Debug\liblockNET_SF_MSS_MSS_CM3_0_hw_platform.a(mss_gpio.o)
 .ARM.attributes
                0x00000311       0x31 N:\PortableGit\locknet373\smartfusion\lockNET_SF\SoftConsole\lockNET_SF_MSS_MSS_CM3_0\lockNET_SF_MSS_MSS_CM3_0_hw_platform\Debug\liblockNET_SF_MSS_MSS_CM3_0_hw_platform.a(core_cm3.o)
 .ARM.attributes
                0x00000342       0x31 N:\PortableGit\locknet373\smartfusion\lockNET_SF\SoftConsole\lockNET_SF_MSS_MSS_CM3_0\lockNET_SF_MSS_MSS_CM3_0_hw_platform\Debug\liblockNET_SF_MSS_MSS_CM3_0_hw_platform.a(system_a2fxxxm3.o)
 .ARM.attributes
                0x00000373       0x1b c:/program files (x86)/microsemi/softconsole v3.3/sourcery-g++/bin/../lib/gcc/arm-none-eabi/4.4.1/thumb2\libgcc.a(_arm_muldivdf3.o)
 .ARM.attributes
                0x0000038e       0x1b c:/program files (x86)/microsemi/softconsole v3.3/sourcery-g++/bin/../lib/gcc/arm-none-eabi/4.4.1/thumb2\libgcc.a(_arm_fixunsdfsi.o)
 .ARM.attributes
                0x000003a9       0x29 c:/program files (x86)/microsemi/softconsole v3.3/sourcery-g++/bin/../lib/gcc/arm-none-eabi/4.4.1/../../../../arm-none-eabi/lib/thumb2\libc.a(lib_a-errno.o)
 .ARM.attributes
                0x000003d2       0x29 c:/program files (x86)/microsemi/softconsole v3.3/sourcery-g++/bin/../lib/gcc/arm-none-eabi/4.4.1/../../../../arm-none-eabi/lib/thumb2\libc.a(lib_a-impure.o)
 .ARM.attributes
                0x000003fb       0x29 c:/program files (x86)/microsemi/softconsole v3.3/sourcery-g++/bin/../lib/gcc/arm-none-eabi/4.4.1/../../../../arm-none-eabi/lib/thumb2\libc.a(lib_a-init.o)
 .ARM.attributes
                0x00000424       0x29 c:/program files (x86)/microsemi/softconsole v3.3/sourcery-g++/bin/../lib/gcc/arm-none-eabi/4.4.1/../../../../arm-none-eabi/lib/thumb2\libc.a(lib_a-memcpy.o)
 .ARM.attributes
                0x0000044d       0x29 c:/program files (x86)/microsemi/softconsole v3.3/sourcery-g++/bin/../lib/gcc/arm-none-eabi/4.4.1/../../../../arm-none-eabi/lib/thumb2\libc.a(lib_a-memset.o)
 .ARM.attributes
                0x00000476       0x29 c:/program files (x86)/microsemi/softconsole v3.3/sourcery-g++/bin/../lib/gcc/arm-none-eabi/4.4.1/../../../../arm-none-eabi/lib/thumb2\libc.a(lib_a-printf.o)
 .ARM.attributes
                0x0000049f       0x29 c:/program files (x86)/microsemi/softconsole v3.3/sourcery-g++/bin/../lib/gcc/arm-none-eabi/4.4.1/../../../../arm-none-eabi/lib/thumb2\libc.a(lib_a-puts.o)
 .ARM.attributes
                0x000004c8       0x29 c:/program files (x86)/microsemi/softconsole v3.3/sourcery-g++/bin/../lib/gcc/arm-none-eabi/4.4.1/../../../../arm-none-eabi/lib/thumb2\libc.a(lib_a-strlen.o)
 .ARM.attributes
                0x000004f1       0x29 c:/program files (x86)/microsemi/softconsole v3.3/sourcery-g++/bin/../lib/gcc/arm-none-eabi/4.4.1/../../../../arm-none-eabi/lib/thumb2\libc.a(lib_a-vfprintf.o)
 .ARM.attributes
                0x0000051a       0x29 c:/program files (x86)/microsemi/softconsole v3.3/sourcery-g++/bin/../lib/gcc/arm-none-eabi/4.4.1/../../../../arm-none-eabi/lib/thumb2\libc.a(lib_a-wsetup.o)
 .ARM.attributes
                0x00000543       0x29 c:/program files (x86)/microsemi/softconsole v3.3/sourcery-g++/bin/../lib/gcc/arm-none-eabi/4.4.1/../../../../arm-none-eabi/lib/thumb2\libc.a(lib_a-dtoa.o)
 .ARM.attributes
                0x0000056c       0x29 c:/program files (x86)/microsemi/softconsole v3.3/sourcery-g++/bin/../lib/gcc/arm-none-eabi/4.4.1/../../../../arm-none-eabi/lib/thumb2\libc.a(lib_a-fflush.o)
 .ARM.attributes