Archive member included because of file (symbol)

N:\locknet373-master\smartfusion\lockNET_SF\SoftConsole\lockNET_SF_MSS_MSS_CM3_0\lockNET_SF_MSS_MSS_CM3_0_hw_platform\Debug\liblockNET_SF_MSS_MSS_CM3_0_hw_platform.a(system_a2fxxxm3.o)
                              N:/locknet373-master/smartfusion/lockNET_SF/SoftConsole/lockNET_SF_MSS_MSS_CM3_0/lockNET_SF_MSS_MSS_CM3_0_hw_platform/Debug/CMSIS/startup_gcc/startup_a2fxxxm3.o (SystemInit)
c:/program files (x86)/microsemi/softconsole v3.3/sourcery-g++/bin/../lib/gcc/arm-none-eabi/4.4.1/../../../../arm-none-eabi/lib/thumb2\libc.a(lib_a-errno.o)
                              N:/locknet373-master/smartfusion/lockNET_SF/SoftConsole/lockNET_SF_MSS_MSS_CM3_0/lockNET_SF_MSS_MSS_CM3_0_hw_platform/Debug/CMSIS/startup_gcc/newlib_stubs.o (__errno)
c:/program files (x86)/microsemi/softconsole v3.3/sourcery-g++/bin/../lib/gcc/arm-none-eabi/4.4.1/../../../../arm-none-eabi/lib/thumb2\libc.a(lib_a-impure.o)
                              c:/program files (x86)/microsemi/softconsole v3.3/sourcery-g++/bin/../lib/gcc/arm-none-eabi/4.4.1/../../../../arm-none-eabi/lib/thumb2\libc.a(lib_a-errno.o) (_impure_ptr)
c:/program files (x86)/microsemi/softconsole v3.3/sourcery-g++/bin/../lib/gcc/arm-none-eabi/4.4.1/../../../../arm-none-eabi/lib/thumb2\libc.a(lib_a-init.o)
                              N:/locknet373-master/smartfusion/lockNET_SF/SoftConsole/lockNET_SF_MSS_MSS_CM3_0/lockNET_SF_MSS_MSS_CM3_0_hw_platform/Debug/CMSIS/startup_gcc/startup_a2fxxxm3.o (__libc_init_array)

Discarded input sections

 .text          0x00000000        0x0 c:/program files (x86)/microsemi/softconsole v3.3/sourcery-g++/bin/../lib/gcc/arm-none-eabi/4.4.1/thumb2/crti.o
 .data          0x00000000        0x0 c:/program files (x86)/microsemi/softconsole v3.3/sourcery-g++/bin/../lib/gcc/arm-none-eabi/4.4.1/thumb2/crti.o
 .bss           0x00000000        0x0 c:/program files (x86)/microsemi/softconsole v3.3/sourcery-g++/bin/../lib/gcc/arm-none-eabi/4.4.1/thumb2/crti.o
 .data          0x00000000        0x4 c:/program files (x86)/microsemi/softconsole v3.3/sourcery-g++/bin/../lib/gcc/arm-none-eabi/4.4.1/thumb2/crtbegin.o
 .text          0x00000000        0x0 ./main.o
 .data          0x00000000        0x0 ./main.o
 .bss           0x00000000        0x0 ./main.o
 .text          0x00000000        0x0 ./neopixel.o
 .data          0x00000000        0x0 ./neopixel.o
 .bss           0x00000000        0x0 ./neopixel.o
 .text.NP_clear
                0x00000000       0x1c ./neopixel.o
 .text.NP_get_pixel
                0x00000000       0x18 ./neopixel.o
 .text          0x00000000        0x0 ./servo.o
 .data          0x00000000        0x0 ./servo.o
 .bss           0x00000000        0x0 ./servo.o
 .text.SERVO_init
                0x00000000        0xc ./servo.o
 .text.SERVO_close
                0x00000000       0x1c ./servo.o
 .text.SERVO_open
                0x00000000       0x1c ./servo.o
 .text.SERVO_read_state
                0x00000000       0x18 ./servo.o
 .text          0x00000000        0x0 N:/locknet373-master/smartfusion/lockNET_SF/SoftConsole/lockNET_SF_MSS_MSS_CM3_0/lockNET_SF_MSS_MSS_CM3_0_hw_platform/Debug/CMSIS/startup_gcc/startup_a2fxxxm3.o
 .data          0x00000000        0x0 N:/locknet373-master/smartfusion/lockNET_SF/SoftConsole/lockNET_SF_MSS_MSS_CM3_0/lockNET_SF_MSS_MSS_CM3_0_hw_platform/Debug/CMSIS/startup_gcc/startup_a2fxxxm3.o
 .bss           0x00000000        0x0 N:/locknet373-master/smartfusion/lockNET_SF/SoftConsole/lockNET_SF_MSS_MSS_CM3_0/lockNET_SF_MSS_MSS_CM3_0_hw_platform/Debug/CMSIS/startup_gcc/startup_a2fxxxm3.o
 .text          0x00000000        0x0 N:/locknet373-master/smartfusion/lockNET_SF/SoftConsole/lockNET_SF_MSS_MSS_CM3_0/lockNET_SF_MSS_MSS_CM3_0_hw_platform/Debug/CMSIS/startup_gcc/newlib_stubs.o
 .data          0x00000000        0x0 N:/locknet373-master/smartfusion/lockNET_SF/SoftConsole/lockNET_SF_MSS_MSS_CM3_0/lockNET_SF_MSS_MSS_CM3_0_hw_platform/Debug/CMSIS/startup_gcc/newlib_stubs.o
 .bss           0x00000000        0x0 N:/locknet373-master/smartfusion/lockNET_SF/SoftConsole/lockNET_SF_MSS_MSS_CM3_0/lockNET_SF_MSS_MSS_CM3_0_hw_platform/Debug/CMSIS/startup_gcc/newlib_stubs.o
 .bss.__env     0x00000000        0x4 N:/locknet373-master/smartfusion/lockNET_SF/SoftConsole/lockNET_SF_MSS_MSS_CM3_0/lockNET_SF_MSS_MSS_CM3_0_hw_platform/Debug/CMSIS/startup_gcc/newlib_stubs.o
 .data.environ  0x00000000        0x4 N:/locknet373-master/smartfusion/lockNET_SF/SoftConsole/lockNET_SF_MSS_MSS_CM3_0/lockNET_SF_MSS_MSS_CM3_0_hw_platform/Debug/CMSIS/startup_gcc/newlib_stubs.o
 .text._close   0x00000000       0x18 N:/locknet373-master/smartfusion/lockNET_SF/SoftConsole/lockNET_SF_MSS_MSS_CM3_0/lockNET_SF_MSS_MSS_CM3_0_hw_platform/Debug/CMSIS/startup_gcc/newlib_stubs.o
 .text._execve  0x00000000       0x28 N:/locknet373-master/smartfusion/lockNET_SF/SoftConsole/lockNET_SF_MSS_MSS_CM3_0/lockNET_SF_MSS_MSS_CM3_0_hw_platform/Debug/CMSIS/startup_gcc/newlib_stubs.o
 .text._exit    0x00000000        0xc N:/locknet373-master/smartfusion/lockNET_SF/SoftConsole/lockNET_SF_MSS_MSS_CM3_0/lockNET_SF_MSS_MSS_CM3_0_hw_platform/Debug/CMSIS/startup_gcc/newlib_stubs.o
 .text._fork    0x00000000       0x18 N:/locknet373-master/smartfusion/lockNET_SF/SoftConsole/lockNET_SF_MSS_MSS_CM3_0/lockNET_SF_MSS_MSS_CM3_0_hw_platform/Debug/CMSIS/startup_gcc/newlib_stubs.o
 .text._fstat   0x00000000       0x24 N:/locknet373-master/smartfusion/lockNET_SF/SoftConsole/lockNET_SF_MSS_MSS_CM3_0/lockNET_SF_MSS_MSS_CM3_0_hw_platform/Debug/CMSIS/startup_gcc/newlib_stubs.o
 .text._getpid  0x00000000       0x10 N:/locknet373-master/smartfusion/lockNET_SF/SoftConsole/lockNET_SF_MSS_MSS_CM3_0/lockNET_SF_MSS_MSS_CM3_0_hw_platform/Debug/CMSIS/startup_gcc/newlib_stubs.o
 .text._isatty  0x00000000       0x18 N:/locknet373-master/smartfusion/lockNET_SF/SoftConsole/lockNET_SF_MSS_MSS_CM3_0/lockNET_SF_MSS_MSS_CM3_0_hw_platform/Debug/CMSIS/startup_gcc/newlib_stubs.o
 .text._kill    0x00000000       0x24 N:/locknet373-master/smartfusion/lockNET_SF/SoftConsole/lockNET_SF_MSS_MSS_CM3_0/lockNET_SF_MSS_MSS_CM3_0_hw_platform/Debug/CMSIS/startup_gcc/newlib_stubs.o
 .text._link    0x00000000       0x24 N:/locknet373-master/smartfusion/lockNET_SF/SoftConsole/lockNET_SF_MSS_MSS_CM3_0/lockNET_SF_MSS_MSS_CM3_0_hw_platform/Debug/CMSIS/startup_gcc/newlib_stubs.o
 .text._lseek   0x00000000       0x1c N:/locknet373-master/smartfusion/lockNET_SF/SoftConsole/lockNET_SF_MSS_MSS_CM3_0/lockNET_SF_MSS_MSS_CM3_0_hw_platform/Debug/CMSIS/startup_gcc/newlib_stubs.o
 .text._open    0x00000000       0x1c N:/locknet373-master/smartfusion/lockNET_SF/SoftConsole/lockNET_SF_MSS_MSS_CM3_0/lockNET_SF_MSS_MSS_CM3_0_hw_platform/Debug/CMSIS/startup_gcc/newlib_stubs.o
 .text._read    0x00000000       0x1c N:/locknet373-master/smartfusion/lockNET_SF/SoftConsole/lockNET_SF_MSS_MSS_CM3_0/lockNET_SF_MSS_MSS_CM3_0_hw_platform/Debug/CMSIS/startup_gcc/newlib_stubs.o
 .text._write_r
                0x00000000       0x20 N:/locknet373-master/smartfusion/lockNET_SF/SoftConsole/lockNET_SF_MSS_MSS_CM3_0/lockNET_SF_MSS_MSS_CM3_0_hw_platform/Debug/CMSIS/startup_gcc/newlib_stubs.o
 .rodata        0x00000000       0x1c N:/locknet373-master/smartfusion/lockNET_SF/SoftConsole/lockNET_SF_MSS_MSS_CM3_0/lockNET_SF_MSS_MSS_CM3_0_hw_platform/Debug/CMSIS/startup_gcc/newlib_stubs.o
 .text._sbrk    0x00000000       0x94 N:/locknet373-master/smartfusion/lockNET_SF/SoftConsole/lockNET_SF_MSS_MSS_CM3_0/lockNET_SF_MSS_MSS_CM3_0_hw_platform/Debug/CMSIS/startup_gcc/newlib_stubs.o
 .text._stat    0x00000000       0x24 N:/locknet373-master/smartfusion/lockNET_SF/SoftConsole/lockNET_SF_MSS_MSS_CM3_0/lockNET_SF_MSS_MSS_CM3_0_hw_platform/Debug/CMSIS/startup_gcc/newlib_stubs.o
 .text._times   0x00000000       0x18 N:/locknet373-master/smartfusion/lockNET_SF/SoftConsole/lockNET_SF_MSS_MSS_CM3_0/lockNET_SF_MSS_MSS_CM3_0_hw_platform/Debug/CMSIS/startup_gcc/newlib_stubs.o
 .text._unlink  0x00000000       0x24 N:/locknet373-master/smartfusion/lockNET_SF/SoftConsole/lockNET_SF_MSS_MSS_CM3_0/lockNET_SF_MSS_MSS_CM3_0_hw_platform/Debug/CMSIS/startup_gcc/newlib_stubs.o
 .text._wait    0x00000000       0x24 N:/locknet373-master/smartfusion/lockNET_SF/SoftConsole/lockNET_SF_MSS_MSS_CM3_0/lockNET_SF_MSS_MSS_CM3_0_hw_platform/Debug/CMSIS/startup_gcc/newlib_stubs.o
 .bss.heap_end.2220
                0x00000000        0x4 N:/locknet373-master/smartfusion/lockNET_SF/SoftConsole/lockNET_SF_MSS_MSS_CM3_0/lockNET_SF_MSS_MSS_CM3_0_hw_platform/Debug/CMSIS/startup_gcc/newlib_stubs.o
 .text          0x00000000        0x0 N:\locknet373-master\smartfusion\lockNET_SF\SoftConsole\lockNET_SF_MSS_MSS_CM3_0\lockNET_SF_MSS_MSS_CM3_0_hw_platform\Debug\liblockNET_SF_MSS_MSS_CM3_0_hw_platform.a(system_a2fxxxm3.o)
 .data          0x00000000        0x0 N:\locknet373-master\smartfusion\lockNET_SF\SoftConsole\lockNET_SF_MSS_MSS_CM3_0\lockNET_SF_MSS_MSS_CM3_0_hw_platform\Debug\liblockNET_SF_MSS_MSS_CM3_0_hw_platform.a(system_a2fxxxm3.o)
 .bss           0x00000000        0x0 N:\locknet373-master\smartfusion\lockNET_SF\SoftConsole\lockNET_SF_MSS_MSS_CM3_0\lockNET_SF_MSS_MSS_CM3_0_hw_platform\Debug\liblockNET_SF_MSS_MSS_CM3_0_hw_platform.a(system_a2fxxxm3.o)
 .data.SystemFrequency
                0x00000000        0x4 N:\locknet373-master\smartfusion\lockNET_SF\SoftConsole\lockNET_SF_MSS_MSS_CM3_0\lockNET_SF_MSS_MSS_CM3_0_hw_platform\Debug\liblockNET_SF_MSS_MSS_CM3_0_hw_platform.a(system_a2fxxxm3.o)
 .data.SystemCoreClock
                0x00000000        0x4 N:\locknet373-master\smartfusion\lockNET_SF\SoftConsole\lockNET_SF_MSS_MSS_CM3_0\lockNET_SF_MSS_MSS_CM3_0_hw_platform\Debug\liblockNET_SF_MSS_MSS_CM3_0_hw_platform.a(system_a2fxxxm3.o)
 .data.g_FrequencyPCLK0
                0x00000000        0x4 N:\locknet373-master\smartfusion\lockNET_SF\SoftConsole\lockNET_SF_MSS_MSS_CM3_0\lockNET_SF_MSS_MSS_CM3_0_hw_platform\Debug\liblockNET_SF_MSS_MSS_CM3_0_hw_platform.a(system_a2fxxxm3.o)
 .data.g_FrequencyPCLK1
                0x00000000        0x4 N:\locknet373-master\smartfusion\lockNET_SF\SoftConsole\lockNET_SF_MSS_MSS_CM3_0\lockNET_SF_MSS_MSS_CM3_0_hw_platform\Debug\liblockNET_SF_MSS_MSS_CM3_0_hw_platform.a(system_a2fxxxm3.o)
 .data.g_FrequencyACE
                0x00000000        0x4 N:\locknet373-master\smartfusion\lockNET_SF\SoftConsole\lockNET_SF_MSS_MSS_CM3_0\lockNET_SF_MSS_MSS_CM3_0_hw_platform\Debug\liblockNET_SF_MSS_MSS_CM3_0_hw_platform.a(system_a2fxxxm3.o)
 .data.g_FrequencyFPGA
                0x00000000        0x4 N:\locknet373-master\smartfusion\lockNET_SF\SoftConsole\lockNET_SF_MSS_MSS_CM3_0\lockNET_SF_MSS_MSS_CM3_0_hw_platform\Debug\liblockNET_SF_MSS_MSS_CM3_0_hw_platform.a(system_a2fxxxm3.o)
 .text.SystemCoreClockUpdate
                0x00000000      0x150 N:\locknet373-master\smartfusion\lockNET_SF\SoftConsole\lockNET_SF_MSS_MSS_CM3_0\lockNET_SF_MSS_MSS_CM3_0_hw_platform\Debug\liblockNET_SF_MSS_MSS_CM3_0_hw_platform.a(system_a2fxxxm3.o)
 .text.GetSystemClock
                0x00000000       0xe8 N:\locknet373-master\smartfusion\lockNET_SF\SoftConsole\lockNET_SF_MSS_MSS_CM3_0\lockNET_SF_MSS_MSS_CM3_0_hw_platform\Debug\liblockNET_SF_MSS_MSS_CM3_0_hw_platform.a(system_a2fxxxm3.o)
 .rodata.C.18.2576
                0x00000000       0x10 N:\locknet373-master\smartfusion\lockNET_SF\SoftConsole\lockNET_SF_MSS_MSS_CM3_0\lockNET_SF_MSS_MSS_CM3_0_hw_platform\Debug\liblockNET_SF_MSS_MSS_CM3_0_hw_platform.a(system_a2fxxxm3.o)
 .text          0x00000000        0xc c:/program files (x86)/microsemi/softconsole v3.3/sourcery-g++/bin/../lib/gcc/arm-none-eabi/4.4.1/../../../../arm-none-eabi/lib/thumb2\libc.a(lib_a-errno.o)
 .data          0x00000000        0x0 c:/program files (x86)/microsemi/softconsole v3.3/sourcery-g++/bin/../lib/gcc/arm-none-eabi/4.4.1/../../../../arm-none-eabi/lib/thumb2\libc.a(lib_a-errno.o)
 .bss           0x00000000        0x0 c:/program files (x86)/microsemi/softconsole v3.3/sourcery-g++/bin/../lib/gcc/arm-none-eabi/4.4.1/../../../../arm-none-eabi/lib/thumb2\libc.a(lib_a-errno.o)
 .text          0x00000000        0x0 c:/program files (x86)/microsemi/softconsole v3.3/sourcery-g++/bin/../lib/gcc/arm-none-eabi/4.4.1/../../../../arm-none-eabi/lib/thumb2\libc.a(lib_a-impure.o)
 .data          0x00000000       0xf4 c:/program files (x86)/microsemi/softconsole v3.3/sourcery-g++/bin/../lib/gcc/arm-none-eabi/4.4.1/../../../../arm-none-eabi/lib/thumb2\libc.a(lib_a-impure.o)
 .bss           0x00000000        0x0 c:/program files (x86)/microsemi/softconsole v3.3/sourcery-g++/bin/../lib/gcc/arm-none-eabi/4.4.1/../../../../arm-none-eabi/lib/thumb2\libc.a(lib_a-impure.o)
 .rodata        0x00000000        0x4 c:/program files (x86)/microsemi/softconsole v3.3/sourcery-g++/bin/../lib/gcc/arm-none-eabi/4.4.1/../../../../arm-none-eabi/lib/thumb2\libc.a(lib_a-impure.o)
 .rodata.str1.4
                0x00000000        0x4 c:/program files (x86)/microsemi/softconsole v3.3/sourcery-g++/bin/../lib/gcc/arm-none-eabi/4.4.1/../../../../arm-none-eabi/lib/thumb2\libc.a(lib_a-impure.o)
 .data          0x00000000        0x0 c:/program files (x86)/microsemi/softconsole v3.3/sourcery-g++/bin/../lib/gcc/arm-none-eabi/4.4.1/../../../../arm-none-eabi/lib/thumb2\libc.a(lib_a-init.o)
 .bss           0x00000000        0x0 c:/program files (x86)/microsemi/softconsole v3.3/sourcery-g++/bin/../lib/gcc/arm-none-eabi/4.4.1/../../../../arm-none-eabi/lib/thumb2\libc.a(lib_a-init.o)
 .text          0x00000000        0x0 c:/program files (x86)/microsemi/softconsole v3.3/sourcery-g++/bin/../lib/gcc/arm-none-eabi/4.4.1/thumb2/crtend.o
 .data          0x00000000        0x0 c:/program files (x86)/microsemi/softconsole v3.3/sourcery-g++/bin/../lib/gcc/arm-none-eabi/4.4.1/thumb2/crtend.o
 .bss           0x00000000        0x0 c:/program files (x86)/microsemi/softconsole v3.3/sourcery-g++/bin/../lib/gcc/arm-none-eabi/4.4.1/thumb2/crtend.o
 .text          0x00000000        0x0 c:/program files (x86)/microsemi/softconsole v3.3/sourcery-g++/bin/../lib/gcc/arm-none-eabi/4.4.1/thumb2/crtn.o
 .data          0x00000000        0x0 c:/program files (x86)/microsemi/softconsole v3.3/sourcery-g++/bin/../lib/gcc/arm-none-eabi/4.4.1/thumb2/crtn.o
 .bss           0x00000000        0x0 c:/program files (x86)/microsemi/softconsole v3.3/sourcery-g++/bin/../lib/gcc/arm-none-eabi/4.4.1/thumb2/crtn.o

Memory Configuration

Name             Origin             Length             Attributes
ram              0x20000000         0x00010000         xrw
*default*        0x00000000         0xffffffff

Linker script and memory map

LOAD c:/program files (x86)/microsemi/softconsole v3.3/sourcery-g++/bin/../lib/gcc/arm-none-eabi/4.4.1/thumb2/crti.o
LOAD c:/program files (x86)/microsemi/softconsole v3.3/sourcery-g++/bin/../lib/gcc/arm-none-eabi/4.4.1/thumb2/crtbegin.o
LOAD ./main.o
LOAD ./neopixel.o
LOAD ./servo.o
LOAD N:/locknet373-master/smartfusion/lockNET_SF/SoftConsole/lockNET_SF_MSS_MSS_CM3_0/lockNET_SF_MSS_MSS_CM3_0_hw_platform/Debug/CMSIS/startup_gcc/startup_a2fxxxm3.o
LOAD N:/locknet373-master/smartfusion/lockNET_SF/SoftConsole/lockNET_SF_MSS_MSS_CM3_0/lockNET_SF_MSS_MSS_CM3_0_hw_platform/Debug/CMSIS/startup_gcc/newlib_stubs.o
LOAD N:\locknet373-master\smartfusion\lockNET_SF\SoftConsole\lockNET_SF_MSS_MSS_CM3_0\lockNET_SF_MSS_MSS_CM3_0_hw_platform\Debug\liblockNET_SF_MSS_MSS_CM3_0_hw_platform.a
START GROUP
LOAD c:/program files (x86)/microsemi/softconsole v3.3/sourcery-g++/bin/../lib/gcc/arm-none-eabi/4.4.1/thumb2\libgcc.a
LOAD c:/program files (x86)/microsemi/softconsole v3.3/sourcery-g++/bin/../lib/gcc/arm-none-eabi/4.4.1/../../../../arm-none-eabi/lib/thumb2\libc.a
END GROUP
LOAD c:/program files (x86)/microsemi/softconsole v3.3/sourcery-g++/bin/../lib/gcc/arm-none-eabi/4.4.1/thumb2/crtend.o
LOAD c:/program files (x86)/microsemi/softconsole v3.3/sourcery-g++/bin/../lib/gcc/arm-none-eabi/4.4.1/thumb2/crtn.o
START GROUP
LOAD c:/program files (x86)/microsemi/softconsole v3.3/sourcery-g++/bin/../lib/gcc/arm-none-eabi/4.4.1/../../../../arm-none-eabi/lib/thumb2\libc.a
LOAD c:/program files (x86)/microsemi/softconsole v3.3/sourcery-g++/bin/../lib/gcc/arm-none-eabi/4.4.1/thumb2\libgcc.a
LOAD c:/program files (x86)/microsemi/softconsole v3.3/sourcery-g++/bin/../lib/gcc/arm-none-eabi/4.4.1/../../../../arm-none-eabi/lib/thumb2\libm.a
END GROUP
                0x00000000                __DYNAMIC = 0x0
                0x20000000                RAM_START_ADDRESS = 0x20000000
                0x00010000                RAM_SIZE = 0x10000
                0x00002000                MAIN_STACK_SIZE = 0x2000
                0x00001000                PROCESS_STACK_SIZE = 0x1000
                0x20010000                PROVIDE (__main_stack_start, (RAM_START_ADDRESS + RAM_SIZE))
                0x2000e000                PROVIDE (__process_stack_start, (__main_stack_start - MAIN_STACK_SIZE))
                0x20010000                PROVIDE (_estack, __main_stack_start)
                0x00000000                PROVIDE (__mirrored_nvm, 0x0)

.text           0x20000000      0x6d8
 CREATE_OBJECT_SYMBOLS
                0x20000000                __text_load = LOADADDR (.text)
                0x20000000                __text_start = .
                0x20000000                __vector_table_vma_base_address = .
 *(.isr_vector)
 .isr_vector    0x20000000      0x470 N:/locknet373-master/smartfusion/lockNET_SF/SoftConsole/lockNET_SF_MSS_MSS_CM3_0/lockNET_SF_MSS_MSS_CM3_0_hw_platform/Debug/CMSIS/startup_gcc/startup_a2fxxxm3.o
                0x20000000                g_pfnVectors
                0x20000298                Reset_Handler
                0x20000308                NMI_Handler
                0x2000030a                HardFault_Handler
                0x2000030c                MemManage_Handler
                0x2000030e                BusFault_Handler
                0x20000310                UsageFault_Handler
                0x20000312                SVC_Handler
                0x20000314                DebugMon_Handler
                0x20000316                PendSV_Handler
                0x20000318                SysTick_Handler
                0x2000031a                WdogWakeup_IRQHandler
                0x2000031c                BrownOut_1_5V_IRQHandler
                0x2000031e                BrownOut_3_3V_IRQHandler
                0x20000320                RTC_Match_IRQHandler
                0x20000322                RTCIF_Pub_IRQHandler
                0x20000324                EthernetMAC_IRQHandler
                0x20000326                IAP_IRQHandler
                0x20000328                ENVM0_IRQHandler
                0x2000032a                ENVM1_IRQHandler
                0x2000032c                DMA_IRQHandler
                0x2000032e                UART0_IRQHandler
                0x20000330                UART1_IRQHandler
                0x20000332                SPI0_IRQHandler
                0x20000334                SPI1_IRQHandler
                0x20000336                I2C0_IRQHandler
                0x20000338                I2C0_SMBAlert_IRQHandler
                0x2000033a                I2C0_SMBus_IRQHandler
                0x2000033c                I2C1_IRQHandler
                0x2000033e                I2C1_SMBAlert_IRQHandler
                0x20000340                I2C1_SMBus_IRQHandler
                0x20000342                Timer1_IRQHandler
                0x20000344                Timer2_IRQHandler
                0x20000346                PLL_Lock_IRQHandler
                0x20000348                PLL_LockLost_IRQHandler
                0x2000034a                CommError_IRQHandler
                0x2000034c                Fabric_IRQHandler
                0x2000034e                GPIO0_IRQHandler
                0x20000350                GPIO1_IRQHandler
                0x20000352                GPIO2_IRQHandler
                0x20000354                GPIO3_IRQHandler
                0x20000356                GPIO4_IRQHandler
                0x20000358                GPIO5_IRQHandler
                0x2000035a                GPIO6_IRQHandler
                0x2000035c                GPIO7_IRQHandler
                0x2000035e                GPIO8_IRQHandler
                0x20000360                GPIO9_IRQHandler
                0x20000362                GPIO10_IRQHandler
                0x20000364                GPIO11_IRQHandler
                0x20000366                GPIO12_IRQHandler
                0x20000368                GPIO13_IRQHandler
                0x2000036a                GPIO14_IRQHandler
                0x2000036c                GPIO15_IRQHandler
                0x2000036e                GPIO16_IRQHandler
                0x20000370                GPIO17_IRQHandler
                0x20000372                GPIO18_IRQHandler
                0x20000374                GPIO19_IRQHandler
                0x20000376                GPIO20_IRQHandler
                0x20000378                GPIO21_IRQHandler
                0x2000037a                GPIO22_IRQHandler
                0x2000037c                GPIO23_IRQHandler
                0x2000037e                GPIO24_IRQHandler
                0x20000380                GPIO25_IRQHandler
                0x20000382                GPIO26_IRQHandler
                0x20000384                GPIO27_IRQHandler
                0x20000386                GPIO28_IRQHandler
                0x20000388                GPIO29_IRQHandler
                0x2000038a                GPIO30_IRQHandler
                0x2000038c                GPIO31_IRQHandler
                0x2000038e                ACE_PC0_Flag0_IRQHandler
                0x20000390                ACE_PC0_Flag1_IRQHandler
                0x20000392                ACE_PC0_Flag2_IRQHandler
                0x20000394                ACE_PC0_Flag3_IRQHandler
                0x20000396                ACE_PC1_Flag0_IRQHandler
                0x20000398                ACE_PC1_Flag1_IRQHandler
                0x2000039a                ACE_PC1_Flag2_IRQHandler
                0x2000039c                ACE_PC1_Flag3_IRQHandler
                0x2000039e                ACE_PC2_Flag0_IRQHandler
                0x200003a0                ACE_PC2_Flag1_IRQHandler
                0x200003a2                ACE_PC2_Flag2_IRQHandler
                0x200003a4                ACE_PC2_Flag3_IRQHandler
                0x200003a6                ACE_ADC0_DataValid_IRQHandler
                0x200003a8                ACE_ADC1_DataValid_IRQHandler
                0x200003aa                ACE_ADC2_DataValid_IRQHandler
                0x200003ac                ACE_ADC0_CalDone_IRQHandler
                0x200003ae                ACE_ADC1_CalDone_IRQHandler
                0x200003b0                ACE_ADC2_CalDone_IRQHandler
                0x200003b2                ACE_ADC0_CalStart_IRQHandler
                0x200003b4                ACE_ADC1_CalStart_IRQHandler
                0x200003b6                ACE_ADC2_CalStart_IRQHandler
                0x200003b8                ACE_Comp0_Fall_IRQHandler
                0x200003ba                ACE_Comp1_Fall_IRQHandler
                0x200003bc                ACE_Comp2_Fall_IRQHandler
                0x200003be                ACE_Comp3_Fall_IRQHandler
                0x200003c0                ACE_Comp4_Fall_IRQHandler
                0x200003c2                ACE_Comp5_Fall_IRQHandler
                0x200003c4                ACE_Comp6_Fall_IRQHandler
                0x200003c6                ACE_Comp7_Fall_IRQHandler
                0x200003c8                ACE_Comp8_Fall_IRQHandler
                0x200003ca                ACE_Comp9_Fall_IRQHandler
                0x200003cc                ACE_Comp10_Fall_IRQHandler
                0x200003ce                ACE_Comp11_Fall_IRQHandler
                0x200003d0                ACE_Comp0_Rise_IRQHandler
                0x200003d2                ACE_Comp1_Rise_IRQHandler
                0x200003d4                ACE_Comp2_Rise_IRQHandler
                0x200003d6                ACE_Comp3_Rise_IRQHandler
                0x200003d8                ACE_Comp4_Rise_IRQHandler
                0x200003da                ACE_Comp5_Rise_IRQHandler
                0x200003dc                ACE_Comp6_Rise_IRQHandler
                0x200003de                ACE_Comp7_Rise_IRQHandler
                0x200003e0                ACE_Comp8_Rise_IRQHandler
                0x200003e2                ACE_Comp9_Rise_IRQHandler
                0x200003e4                ACE_Comp10_Rise_IRQHandler
                0x200003e6                ACE_Comp11_Rise_IRQHandler
                0x200003e8                ACE_ADC0_FifoFull_IRQHandler
                0x200003ea                ACE_ADC0_FifoAFull_IRQHandler
                0x200003ec                ACE_ADC0_FifoEmpty_IRQHandler
                0x200003ee                ACE_ADC1_FifoFull_IRQHandler
                0x200003f0                ACE_ADC1_FifoAFull_IRQHandler
                0x200003f2                ACE_ADC1_FifoEmpty_IRQHandler
                0x200003f4                ACE_ADC2_FifoFull_IRQHandler
                0x200003f6                ACE_ADC2_FifoAFull_IRQHandler
                0x200003f8                ACE_ADC2_FifoEmpty_IRQHandler
                0x200003fa                ACE_PPE_Flag0_IRQHandler
                0x200003fc                ACE_PPE_Flag1_IRQHandler
                0x200003fe                ACE_PPE_Flag2_IRQHandler
                0x20000400                ACE_PPE_Flag3_IRQHandler
                0x20000402                ACE_PPE_Flag4_IRQHandler
                0x20000404                ACE_PPE_Flag5_IRQHandler
                0x20000406                ACE_PPE_Flag6_IRQHandler
                0x20000408                ACE_PPE_Flag7_IRQHandler
                0x2000040a                ACE_PPE_Flag8_IRQHandler
                0x2000040c                ACE_PPE_Flag9_IRQHandler
                0x2000040e                ACE_PPE_Flag10_IRQHandler
                0x20000410                ACE_PPE_Flag11_IRQHandler
                0x20000412                ACE_PPE_Flag12_IRQHandler
                0x20000414                ACE_PPE_Flag13_IRQHandler
                0x20000416                ACE_PPE_Flag14_IRQHandler
                0x20000418                ACE_PPE_Flag15_IRQHandler
                0x2000041a                ACE_PPE_Flag16_IRQHandler
                0x2000041c                ACE_PPE_Flag17_IRQHandler
                0x2000041e                ACE_PPE_Flag18_IRQHandler
                0x20000420                ACE_PPE_Flag19_IRQHandler
                0x20000422                ACE_PPE_Flag20_IRQHandler
                0x20000424                ACE_PPE_Flag21_IRQHandler
                0x20000426                ACE_PPE_Flag22_IRQHandler
                0x20000428                ACE_PPE_Flag23_IRQHandler
                0x2000042a                ACE_PPE_Flag24_IRQHandler
                0x2000042c                ACE_PPE_Flag25_IRQHandler
                0x2000042e                ACE_PPE_Flag26_IRQHandler
                0x20000430                ACE_PPE_Flag27_IRQHandler
                0x20000432                ACE_PPE_Flag28_IRQHandler
                0x20000434                ACE_PPE_Flag29_IRQHandler
                0x20000436                ACE_PPE_Flag30_IRQHandler
                0x20000438                ACE_PPE_Flag31_IRQHandler
 *(.text .text.* .gnu.linkonce.t.*)
 .text          0x20000470       0x30 c:/program files (x86)/microsemi/softconsole v3.3/sourcery-g++/bin/../lib/gcc/arm-none-eabi/4.4.1/thumb2/crtbegin.o
 .text.main     0x200004a0      0x110 ./main.o
                0x200004a0                main
 .text.NP_init  0x200005b0        0xc ./neopixel.o
                0x200005b0                NP_init
 .text.NP_set_pixel
                0x200005bc       0x24 ./neopixel.o
                0x200005bc                NP_set_pixel
 .text.NP_set_pixel_c
                0x200005e0       0x60 ./neopixel.o
                0x200005e0                NP_set_pixel_c
 .text.NP_apply
                0x20000640       0x1c ./neopixel.o
                0x20000640                NP_apply
 .text.SystemInit
                0x2000065c        0xc N:\locknet373-master\smartfusion\lockNET_SF\SoftConsole\lockNET_SF_MSS_MSS_CM3_0\lockNET_SF_MSS_MSS_CM3_0_hw_platform\Debug\liblockNET_SF_MSS_MSS_CM3_0_hw_platform.a(system_a2fxxxm3.o)
                0x2000065c                SystemInit
 .text          0x20000668       0x50 c:/program files (x86)/microsemi/softconsole v3.3/sourcery-g++/bin/../lib/gcc/arm-none-eabi/4.4.1/../../../../arm-none-eabi/lib/thumb2\libc.a(lib_a-init.o)
                0x20000668                __libc_init_array
 *(.plt)
 *(.gnu.warning)
 *(.glue_7t)
 .glue_7t       0x00000000        0x0 linker stubs
 *(.glue_7)
 .glue_7        0x00000000        0x0 linker stubs
 *(.vfp11_veneer)
 .vfp11_veneer  0x00000000        0x0 linker stubs
                0x200006b8                . = ALIGN (0x4)
 *crtbegin.o(.ctors)
 *(EXCLUDE_FILE(*crtend.o) .ctors)
 *(SORT(.ctors.*))
 *crtend.o(.ctors)
 *crtbegin.o(.dtors)
 *(EXCLUDE_FILE(*crtend.o) .dtors)
 *(SORT(.dtors.*))
 *crtend.o(.dtors)
 *(.rodata .rodata.* .gnu.linkonce.r.*)
 *(.ARM.extab* .gnu.linkonce.armextab.*)
 *(.gcc_except_table)
 *(.eh_frame_hdr)
 *(.eh_frame)
 *(.init)
 .init          0x200006b8        0x4 c:/program files (x86)/microsemi/softconsole v3.3/sourcery-g++/bin/../lib/gcc/arm-none-eabi/4.4.1/thumb2/crti.o
                0x200006b8                _init
 .init          0x200006bc        0x8 c:/program files (x86)/microsemi/softconsole v3.3/sourcery-g++/bin/../lib/gcc/arm-none-eabi/4.4.1/thumb2/crtn.o
 *(.fini)
 .fini          0x200006c4        0x4 c:/program files (x86)/microsemi/softconsole v3.3/sourcery-g++/bin/../lib/gcc/arm-none-eabi/4.4.1/thumb2/crti.o
                0x200006c4                _fini
 .fini          0x200006c8        0x8 c:/program files (x86)/microsemi/softconsole v3.3/sourcery-g++/bin/../lib/gcc/arm-none-eabi/4.4.1/thumb2/crtn.o
                0x200006d0                PROVIDE (__preinit_array_start, .)
 *(.preinit_array)
                0x200006d0                PROVIDE (__preinit_array_end, .)
                0x200006d0                PROVIDE (__init_array_start, .)
 *(SORT(.init_array.*))
 *(.init_array)
 .init_array    0x200006d0        0x4 c:/program files (x86)/microsemi/softconsole v3.3/sourcery-g++/bin/../lib/gcc/arm-none-eabi/4.4.1/thumb2/crtbegin.o
                0x200006d4                PROVIDE (__init_array_end, .)
                0x200006d4                PROVIDE (__fini_array_start, .)
 *(.fini_array)
 .fini_array    0x200006d4        0x4 c:/program files (x86)/microsemi/softconsole v3.3/sourcery-g++/bin/../lib/gcc/arm-none-eabi/4.4.1/thumb2/crtbegin.o
 *(SORT(.fini_array.*))
                0x200006d8                PROVIDE (__fini_array_end, .)
                0x200006d8                __exidx_start = .

.v4_bx          0x200006d8        0x0
 .v4_bx         0x00000000        0x0 linker stubs

.ARM.exidx
 *(.ARM.exidx* .gnu.linkonce.armexidx.*)
                0x200006d8                __exidx_end = .
                0x200006d8                _etext = .
                0x200006d8                PROVIDE (__text_end, .)

.data           0x200006d8        0x8
                0x200006d8                __data_load = LOADADDR (.data)
                0x200006d8                _sidata = LOADADDR (.data)
                0x200006d8                __data_start = .
                0x200006d8                _sdata = .
 *(.jcr)
 .jcr           0x200006d8        0x0 c:/program files (x86)/microsemi/softconsole v3.3/sourcery-g++/bin/../lib/gcc/arm-none-eabi/4.4.1/thumb2/crtbegin.o
 .jcr           0x200006d8        0x4 c:/program files (x86)/microsemi/softconsole v3.3/sourcery-g++/bin/../lib/gcc/arm-none-eabi/4.4.1/thumb2/crtend.o
 *(.got.plt)
 *(.got)
 *(.shdata)
 *(.data .data.* .gnu.linkonce.d.*)
 .data.NP_ADDRESS
                0x200006dc        0x4 ./neopixel.o
                0x200006dc                NP_ADDRESS
                0x200006e0                . = ALIGN (0x4)
                0x200006e0                _edata = .

.bss            0x200006e0        0x8
                0x200006e0                __bss_start__ = .
                0x200006e0                _sbss = .
 *(.shbss)
 *(.bss .bss.* .gnu.linkonce.b.*)
 .bss           0x200006e0        0x1 c:/program files (x86)/microsemi/softconsole v3.3/sourcery-g++/bin/../lib/gcc/arm-none-eabi/4.4.1/thumb2/crtbegin.o
 *(COMMON)
                0x200006e8                . = ALIGN (0x8)
 *fill*         0x200006e1        0x7 00
                0x200006e8                __bss_end__ = .
                0x200006e8                _end = .
                0x200006e8                __end = _end
                0x200006e8                _ebss = .
                0x200006e8                PROVIDE (end, .)

.stack          0x200006e8     0x3000
                0x200006e8                . = ALIGN (0x4)
                0x200016e8                . = (. + PROCESS_STACK_SIZE)
 *fill*         0x200006e8     0x1000 00
                0x200016e8                . = ALIGN (0x4)
                0x200036e8                . = (. + MAIN_STACK_SIZE)
 *fill*         0x200016e8     0x2000 00
                0x200036e8                . = ALIGN (0x4)

.stab
 *(.stab)

.stabstr
 *(.stabstr)

.debug
 *(.debug)

.line
 *(.line)

.debug_srcinfo
 *(.debug_srcinfo)

.debug_sfnames
 *(.debug_sfnames)

.comment        0x00000000       0xd7
 .comment       0x00000000       0x2b ./main.o
 .comment       0x0000002b       0x2b ./neopixel.o
 .comment       0x00000056       0x2b ./servo.o
 .comment       0x00000081       0x2b N:/locknet373-master/smartfusion/lockNET_SF/SoftConsole/lockNET_SF_MSS_MSS_CM3_0/lockNET_SF_MSS_MSS_CM3_0_hw_platform/Debug/CMSIS/startup_gcc/newlib_stubs.o
 .comment       0x000000ac       0x2b N:\locknet373-master\smartfusion\lockNET_SF\SoftConsole\lockNET_SF_MSS_MSS_CM3_0\lockNET_SF_MSS_MSS_CM3_0_hw_platform\Debug\liblockNET_SF_MSS_MSS_CM3_0_hw_platform.a(system_a2fxxxm3.o)

.debug_aranges  0x00000000      0x178
 *(.debug_aranges)
 .debug_aranges
                0x00000000       0x20 ./main.o
 .debug_aranges
                0x00000020       0x48 ./neopixel.o
 .debug_aranges
                0x00000068       0x38 ./servo.o
 .debug_aranges
                0x000000a0       0xa8 N:/locknet373-master/smartfusion/lockNET_SF/SoftConsole/lockNET_SF_MSS_MSS_CM3_0/lockNET_SF_MSS_MSS_CM3_0_hw_platform/Debug/CMSIS/startup_gcc/newlib_stubs.o
 .debug_aranges
                0x00000148       0x30 N:\locknet373-master\smartfusion\lockNET_SF\SoftConsole\lockNET_SF_MSS_MSS_CM3_0\lockNET_SF_MSS_MSS_CM3_0_hw_platform\Debug\liblockNET_SF_MSS_MSS_CM3_0_hw_platform.a(system_a2fxxxm3.o)

.debug_pubnames
                0x00000000      0x28b
 *(.debug_pubnames)
 .debug_pubnames
                0x00000000       0x1b ./main.o
 .debug_pubnames
                0x0000001b       0x7c ./neopixel.o
 .debug_pubnames
                0x00000097       0x55 ./servo.o
 .debug_pubnames
                0x000000ec       0xeb N:/locknet373-master/smartfusion/lockNET_SF/SoftConsole/lockNET_SF_MSS_MSS_CM3_0/lockNET_SF_MSS_MSS_CM3_0_hw_platform/Debug/CMSIS/startup_gcc/newlib_stubs.o
 .debug_pubnames
                0x000001d7       0xb4 N:\locknet373-master\smartfusion\lockNET_SF\SoftConsole\lockNET_SF_MSS_MSS_CM3_0\lockNET_SF_MSS_MSS_CM3_0_hw_platform\Debug\liblockNET_SF_MSS_MSS_CM3_0_hw_platform.a(system_a2fxxxm3.o)

.debug_info     0x00000000      0xeee
 *(.debug_info .gnu.linkonce.wi.*)
 .debug_info    0x00000000       0xa3 ./main.o
 .debug_info    0x000000a3      0x179 ./neopixel.o
 .debug_info    0x0000021c       0xd7 ./servo.o
 .debug_info    0x000002f3      0x6bf N:/locknet373-master/smartfusion/lockNET_SF/SoftConsole/lockNET_SF_MSS_MSS_CM3_0/lockNET_SF_MSS_MSS_CM3_0_hw_platform/Debug/CMSIS/startup_gcc/newlib_stubs.o
 .debug_info    0x000009b2      0x53c N:\locknet373-master\smartfusion\lockNET_SF\SoftConsole\lockNET_SF_MSS_MSS_CM3_0\lockNET_SF_MSS_MSS_CM3_0_hw_platform\Debug\liblockNET_SF_MSS_MSS_CM3_0_hw_platform.a(system_a2fxxxm3.o)

.debug_abbrev   0x00000000      0x3cf
 *(.debug_abbrev)
 .debug_abbrev  0x00000000       0x5b ./main.o
 .debug_abbrev  0x0000005b       0xcc ./neopixel.o
 .debug_abbrev  0x00000127       0x67 ./servo.o
 .debug_abbrev  0x0000018e      0x130 N:/locknet373-master/smartfusion/lockNET_SF/SoftConsole/lockNET_SF_MSS_MSS_CM3_0/lockNET_SF_MSS_MSS_CM3_0_hw_platform/Debug/CMSIS/startup_gcc/newlib_stubs.o
 .debug_abbrev  0x000002be      0x111 N:\locknet373-master\smartfusion\lockNET_SF\SoftConsole\lockNET_SF_MSS_MSS_CM3_0\lockNET_SF_MSS_MSS_CM3_0_hw_platform\Debug\liblockNET_SF_MSS_MSS_CM3_0_hw_platform.a(system_a2fxxxm3.o)

.debug_line     0x00000000      0xcdc
 *(.debug_line)
 .debug_line    0x00000000      0x33a ./main.o
 .debug_line    0x0000033a      0x139 ./neopixel.o
 .debug_line    0x00000473      0x10a ./servo.o
 .debug_line    0x0000057d      0x4a8 N:/locknet373-master/smartfusion/lockNET_SF/SoftConsole/lockNET_SF_MSS_MSS_CM3_0/lockNET_SF_MSS_MSS_CM3_0_hw_platform/Debug/CMSIS/startup_gcc/newlib_stubs.o
 .debug_line    0x00000a25      0x2b7 N:\locknet373-master\smartfusion\lockNET_SF\SoftConsole\lockNET_SF_MSS_MSS_CM3_0\lockNET_SF_MSS_MSS_CM3_0_hw_platform\Debug\liblockNET_SF_MSS_MSS_CM3_0_hw_platform.a(system_a2fxxxm3.o)

.debug_frame    0x00000000      0x414
 *(.debug_frame)
 .debug_frame   0x00000000       0x30 ./main.o
 .debug_frame   0x00000030       0xa8 ./neopixel.o
 .debug_frame   0x000000d8       0x70 ./servo.o
 .debug_frame   0x00000148      0x21c N:/locknet373-master/smartfusion/lockNET_SF/SoftConsole/lockNET_SF_MSS_MSS_CM3_0/lockNET_SF_MSS_MSS_CM3_0_hw_platform/Debug/CMSIS/startup_gcc/newlib_stubs.o
 .debug_frame   0x00000364       0x64 N:\locknet373-master\smartfusion\lockNET_SF\SoftConsole\lockNET_SF_MSS_MSS_CM3_0\lockNET_SF_MSS_MSS_CM3_0_hw_platform\Debug\liblockNET_SF_MSS_MSS_CM3_0_hw_platform.a(system_a2fxxxm3.o)
 .debug_frame   0x000003c8       0x20 c:/program files (x86)/microsemi/softconsole v3.3/sourcery-g++/bin/../lib/gcc/arm-none-eabi/4.4.1/../../../../arm-none-eabi/lib/thumb2\libc.a(lib_a-errno.o)
 .debug_frame   0x000003e8       0x2c c:/program files (x86)/microsemi/softconsole v3.3/sourcery-g++/bin/../lib/gcc/arm-none-eabi/4.4.1/../../../../arm-none-eabi/lib/thumb2\libc.a(lib_a-init.o)

.debug_str      0x00000000      0x73d
 *(.debug_str)
 .debug_str     0x00000000       0xdf ./main.o
                                0x118 (size before relaxing)
 .debug_str     0x000000df       0x83 ./neopixel.o
                                0x18e (size before relaxing)
 .debug_str     0x00000162       0x3e ./servo.o
                                0x14b (size before relaxing)
 .debug_str     0x000001a0      0x265 N:/locknet373-master/smartfusion/lockNET_SF/SoftConsole/lockNET_SF_MSS_MSS_CM3_0/lockNET_SF_MSS_MSS_CM3_0_hw_platform/Debug/CMSIS/startup_gcc/newlib_stubs.o
                                0x33c (size before relaxing)
 .debug_str     0x00000405      0x338 N:\locknet373-master\smartfusion\lockNET_SF\SoftConsole\lockNET_SF_MSS_MSS_CM3_0\lockNET_SF_MSS_MSS_CM3_0_hw_platform\Debug\liblockNET_SF_MSS_MSS_CM3_0_hw_platform.a(system_a2fxxxm3.o)
                                0x470 (size before relaxing)

.debug_loc      0x00000000      0x65c
 *(.debug_loc)
 .debug_loc     0x00000000       0x37 ./main.o
 .debug_loc     0x00000037      0x11a ./neopixel.o
 .debug_loc     0x00000151       0xac ./servo.o
 .debug_loc     0x000001fd      0x3c6 N:/locknet373-master/smartfusion/lockNET_SF/SoftConsole/lockNET_SF_MSS_MSS_CM3_0/lockNET_SF_MSS_MSS_CM3_0_hw_platform/Debug/CMSIS/startup_gcc/newlib_stubs.o
 .debug_loc     0x000005c3       0x99 N:\locknet373-master\smartfusion\lockNET_SF\SoftConsole\lockNET_SF_MSS_MSS_CM3_0\lockNET_SF_MSS_MSS_CM3_0_hw_platform\Debug\liblockNET_SF_MSS_MSS_CM3_0_hw_platform.a(system_a2fxxxm3.o)

.debug_macinfo  0x00000000    0x1128b
 *(.debug_macinfo)
 .debug_macinfo
                0x00000000     0x40bc ./main.o
 .debug_macinfo
                0x000040bc     0x15e4 ./neopixel.o
 .debug_macinfo
                0x000056a0     0x157c ./servo.o
 .debug_macinfo
                0x00006c1c     0x4bf0 N:/locknet373-master/smartfusion/lockNET_SF/SoftConsole/lockNET_SF_MSS_MSS_CM3_0/lockNET_SF_MSS_MSS_CM3_0_hw_platform/Debug/CMSIS/startup_gcc/newlib_stubs.o
 .debug_macinfo
                0x0000b80c     0x5a7f N:\locknet373-master\smartfusion\lockNET_SF\SoftConsole\lockNET_SF_MSS_MSS_CM3_0\lockNET_SF_MSS_MSS_CM3_0_hw_platform\Debug\liblockNET_SF_MSS_MSS_CM3_0_hw_platform.a(system_a2fxxxm3.o)

.debug_weaknames
 *(.debug_weaknames)

.debug_funcnames
 *(.debug_funcnames)

.debug_typenames
 *(.debug_typenames)

.debug_varnames
 *(.debug_varnames)

.note.gnu.arm.ident
 *(.note.gnu.arm.ident)

.ARM.attributes
                0x00000000       0x25
 *(.ARM.attributes)
 .ARM.attributes
                0x00000000       0x19 c:/program files (x86)/microsemi/softconsole v3.3/sourcery-g++/bin/../lib/gcc/arm-none-eabi/4.4.1/thumb2/crti.o
 .ARM.attributes
                0x00000019       0x29 c:/program files (x86)/microsemi/softconsole v3.3/sourcery-g++/bin/../lib/gcc/arm-none-eabi/4.4.1/thumb2/crtbegin.o
 .ARM.attributes
                0x00000042       0x31 ./main.o
 .ARM.attributes
                0x00000073       0x31 ./neopixel.o
 .ARM.attributes
                0x000000a4       0x31 ./servo.o
 .ARM.attributes
                0x000000d5       0x21 N:/locknet373-master/smartfusion/lockNET_SF/SoftConsole/lockNET_SF_MSS_MSS_CM3_0/lockNET_SF_MSS_MSS_CM3_0_hw_platform/Debug/CMSIS/startup_gcc/startup_a2fxxxm3.o
 .ARM.attributes
                0x000000f6       0x31 N:/locknet373-master/smartfusion/lockNET_SF/SoftConsole/lockNET_SF_MSS_MSS_CM3_0/lockNET_SF_MSS_MSS_CM3_0_hw_platform/Debug/CMSIS/startup_gcc/newlib_stubs.o
 .ARM.attributes
                0x00000127       0x31 N:\locknet373-master\smartfusion\lockNET_SF\SoftConsole\lockNET_SF_MSS_MSS_CM3_0\lockNET_SF_MSS_MSS_CM3_0_hw_platform\Debug\liblockNET_SF_MSS_MSS_CM3_0_hw_platform.a(system_a2fxxxm3.o)
 .ARM.attributes
                0x00000158       0x29 c:/program files (x86)/microsemi/softconsole v3.3/sourcery-g++/bin/../lib/gcc/arm-none-eabi/4.4.1/../../../../arm-none-eabi/lib/thumb2\libc.a(lib_a-errno.o)
 .ARM.attributes
                0x00000181       0x29 c:/program files (x86)/microsemi/softconsole v3.3/sourcery-g++/bin/../lib/gcc/arm-none-eabi/4.4.1/../../../../arm-none-eabi/lib/thumb2\libc.a(lib_a-impure.o)
 .ARM.attributes
                0x000001aa       0x29 c:/program files (x86)/microsemi/softconsole v3.3/sourcery-g++/bin/../lib/gcc/arm-none-eabi/4.4.1/../../../../arm-none-eabi/lib/thumb2\libc.a(lib_a-init.o)
 .ARM.attributes
                0x000001d3       0x29 c:/program files (x86)/microsemi/softconsole v3.3/sourcery-g++/bin/../lib/gcc/arm-none-eabi/4.4.1/thumb2/crtend.o
 .ARM.attributes
                0x000001fc       0x19 c:/program files (x86)/microsemi/softconsole v3.3/sourcery-g++/bin/../lib/gcc/arm-none-eabi/4.4.1/thumb2/crtn.o

/DISCARD/
 *(.note.GNU-stack)
 *(.isr_vector)
OUTPUT(lockNET_SF_MSS_MSS_CM3_0_app elf32-littlearm)

.debug_ranges   0x00000000      0x150
 .debug_ranges  0x00000000       0x18 ./main.o
 .debug_ranges  0x00000018       0x40 ./neopixel.o
 .debug_ranges  0x00000058       0x30 ./servo.o
 .debug_ranges  0x00000088       0xa0 N:/locknet373-master/smartfusion/lockNET_SF/SoftConsole/lockNET_SF_MSS_MSS_CM3_0/lockNET_SF_MSS_MSS_CM3_0_hw_platform/Debug/CMSIS/startup_gcc/newlib_stubs.o
 .debug_ranges  0x00000128       0x28 N:\locknet373-master\smartfusion\lockNET_SF\SoftConsole\lockNET_SF_MSS_MSS_CM3_0\lockNET_SF_MSS_MSS_CM3_0_hw_platform\Debug\liblockNET_SF_MSS_MSS_CM3_0_hw_platform.a(system_a2fxxxm3.o)
