

@S |Clock Optimization Summary


#### START OF CLOCK OPTIMIZATION REPORT #####[

Clock optimization not enabled
0 non-gated/non-generated clock tree(s) driving 0 clock pin(s) of sequential element(s)
3 gated/generated clock tree(s) driving 645 clock pin(s) of sequential element(s)
0 instances converted, 645 sequential instances remain driven by gated/generated clocks

================================================================================================================================== Gated/Generated Clocks ==================================================================================================================================
Clock Tree ID     Driving Element                                         Drive Element Type     Fanout     Sample Instance                                   Explanation                                                                                                                   
--------------------------------------------------------------------------------------------------------------------------------------------------------------------------------------------------------------------------------------------------------------------------------------------
@K:CKID0001       lockNET_SF_MSS_0.MSS_CCC_0.I_MSSCCC                     MSS_CCC                578        apb3_interface_0.rsa_0.RAM_ADDRB[6]               Gating structure creates improper gating logic. See the Gated Clocks description in the user guide for conversion requirements
@K:CKID0002       apb3_interface_0.rsa_0.MonMult_0.counter_RNI656O[6]     OR2A                   64         apb3_interface_0.rsa_0.MonMult_0.add_n[10]        No clocks found on inputs                                                                                                     
@K:CKID0003       apb3_interface_0.rsa_0.encrypt_state_RNID7ME1[13]       AO1                    3          apb3_interface_0.rsa_0.read_wait_counter_n[0]     No clocks found on inputs                                                                                                     
============================================================================================================================================================================================================================================================================================


##### END OF CLOCK OPTIMIZATION REPORT ######]

