Target Part: A2F200M3F_FBGA484_STD
Report for cell lockNET_SF.verilog
  Core Cell usage:
              cell count     area count*area
              AND2    26      1.0       26.0
             AND2A    11      1.0       11.0
              AND3    43      1.0       43.0
               AO1   227      1.0      227.0
              AO13     4      1.0        4.0
              AO1A    46      1.0       46.0
              AO1B     1      1.0        1.0
              AO1C    23      1.0       23.0
              AO1D    23      1.0       23.0
              AOI1    28      1.0       28.0
             AOI1A    21      1.0       21.0
             AOI1B     3      1.0        3.0
               AX1     1      1.0        1.0
              AX1C     5      1.0        5.0
              AX1D    22      1.0       22.0
              AX1E     1      1.0        1.0
            CLKINT     3      0.0        0.0
               GND     8      0.0        0.0
              MAJ3    72      1.0       72.0
              MIN3     1      1.0        1.0
            MSSINT     1      0.0        0.0
           MSS_APB     1      0.0        0.0
           MSS_CCC     1      0.0        0.0
               MX2   782      1.0      782.0
              MX2A    87      1.0       87.0
              MX2B    66      1.0       66.0
              MX2C    65      1.0       65.0
              NOR2    22      1.0       22.0
             NOR2A   258      1.0      258.0
             NOR2B  1141      1.0     1141.0
              NOR3     4      1.0        4.0
             NOR3A    13      1.0       13.0
             NOR3B    40      1.0       40.0
             NOR3C    89      1.0       89.0
               OA1    49      1.0       49.0
              OA1A    43      1.0       43.0
              OA1B     3      1.0        3.0
              OA1C     1      1.0        1.0
               OR2   108      1.0      108.0
              OR2A    55      1.0       55.0
              OR2B     8      1.0        8.0
               OR3    48      1.0       48.0
              OR3A     1      1.0        1.0
              OR3B     4      1.0        4.0
              OR3C     1      1.0        1.0
             RCOSC     1      0.0        0.0
               VCC     8      0.0        0.0
               XA1    17      1.0       17.0
             XNOR2   122      1.0      122.0
             XNOR3     4      1.0        4.0
               XO1    12      1.0       12.0
              XOR2    84      1.0       84.0
              XOR3    67      1.0       67.0


              DFN1   672      1.0      672.0
            DFN1E0     7      1.0        7.0
                   -----          ----------
             TOTAL  4454              4431.0


  IO Cell usage:
              cell count
         BIBUF_MSS     3
   BIBUF_OPEND_MSS     2
         INBUF_MSS     6
            OUTBUF     1
        OUTBUF_MSS     3
       TRIBUFF_MSS     1
                   -----
             TOTAL    16


Core Cells         : 4431 of 4608 (96%)
IO Cells           : 16

  RAM/ROM Usage Summary
Block Rams : 0 of 8 (0%)

